******************************************************************************
             TMS320C2000 Linker PC v22.6.2                     
******************************************************************************
>> Linked Thu Jan 29 17:10:32 2026

OUTPUT FILE NAME:   <04_SCI_UART.out>
ENTRY POINT SYMBOL: "code_start"  address: 00000000


MEMORY CONFIGURATION

         name            origin    length      used     unused   attr    fill
----------------------  --------  ---------  --------  --------  ----  --------
  BEGIN                 00000000   00000002  00000002  00000000  RWIX
  BOOT_RSVD             00000002   00000126  00000000  00000126  RWIX
  RAMM0                 00000128   000002d8  00000046  00000292  RWIX
  RAMM1                 00000400   000003f8  00000200  000001f8  RWIX
  RAMLS0                00008000   00000800  00000800  00000000  RWIX
  RAMLS1                00008800   00000800  000006ae  00000152  RWIX
  RAMLS2                00009000   00000800  00000000  00000800  RWIX
  RAMLS3                00009800   00000800  00000000  00000800  RWIX
  RAMLS4                0000a000   00000800  00000000  00000800  RWIX
  RAMLS5                0000a800   00000800  000004e7  00000319  RWIX
  RAMLS6_7              0000b000   00001000  00000000  00001000  RWIX
  RAMGS0                0000c000   00001000  00000000  00001000  RWIX
  RAMGS1                0000d000   00001000  00000000  00001000  RWIX
  RAMGS2                0000e000   00001000  00000000  00001000  RWIX
  RAMGS3                0000f000   00000ff8  00000000  00000ff8  RWIX
  FLASH_BANK0_SEC0      00080002   00000ffe  00000000  00000ffe  RWIX
  FLASH_BANK0_SEC1      00081000   00001000  00000000  00001000  RWIX
  FLASH_BANK0_SEC2      00082000   00001000  00000000  00001000  RWIX
  FLASH_BANK0_SEC3      00083000   00001000  00000000  00001000  RWIX
  FLASH_BANK0_SEC4      00084000   00001000  00000000  00001000  RWIX
  FLASH_BANK0_SEC5      00085000   00001000  00000000  00001000  RWIX
  FLASH_BANK0_SEC6      00086000   00001000  00000000  00001000  RWIX
  FLASH_BANK0_SEC7      00087000   00001000  00000000  00001000  RWIX
  FLASH_BANK0_SEC8      00088000   00001000  00000000  00001000  RWIX
  FLASH_BANK0_SEC9      00089000   00001000  00000000  00001000  RWIX
  FLASH_BANK0_SEC10     0008a000   00001000  00000000  00001000  RWIX
  FLASH_BANK0_SEC11     0008b000   00001000  00000000  00001000  RWIX
  FLASH_BANK0_SEC12     0008c000   00001000  00000000  00001000  RWIX
  FLASH_BANK0_SEC13     0008d000   00001000  00000000  00001000  RWIX
  FLASH_BANK0_SEC14     0008e000   00001000  00000000  00001000  RWIX
  FLASH_BANK0_SEC15     0008f000   00001000  00000000  00001000  RWIX
  FLASH_BANK1_SEC0      00090000   00001000  00000000  00001000  RWIX
  FLASH_BANK1_SEC1      00091000   00001000  00000000  00001000  RWIX
  FLASH_BANK1_SEC2      00092000   00001000  00000000  00001000  RWIX
  FLASH_BANK1_SEC3      00093000   00001000  00000000  00001000  RWIX
  FLASH_BANK1_SEC4      00094000   00001000  00000000  00001000  RWIX
  FLASH_BANK1_SEC5      00095000   00001000  00000000  00001000  RWIX
  FLASH_BANK1_SEC6      00096000   00001000  00000000  00001000  RWIX
  FLASH_BANK1_SEC7      00097000   00001000  00000000  00001000  RWIX
  FLASH_BANK1_SEC8      00098000   00001000  00000000  00001000  RWIX
  FLASH_BANK1_SEC9      00099000   00001000  00000000  00001000  RWIX
  FLASH_BANK1_SEC10     0009a000   00001000  00000000  00001000  RWIX
  FLASH_BANK1_SEC11     0009b000   00001000  00000000  00001000  RWIX
  FLASH_BANK1_SEC12     0009c000   00001000  00000000  00001000  RWIX
  FLASH_BANK1_SEC13     0009d000   00001000  00000000  00001000  RWIX
  FLASH_BANK1_SEC14     0009e000   00001000  00000000  00001000  RWIX
  FLASH_BANK1_SEC15     0009f000   00001000  00000000  00001000  RWIX
  FLASH_BANK2_SEC0      000a0000   00001000  00000000  00001000  RWIX
  FLASH_BANK2_SEC1      000a1000   00001000  00000000  00001000  RWIX
  FLASH_BANK2_SEC2      000a2000   00001000  00000000  00001000  RWIX
  FLASH_BANK2_SEC3      000a3000   00001000  00000000  00001000  RWIX
  FLASH_BANK2_SEC4      000a4000   00001000  00000000  00001000  RWIX
  FLASH_BANK2_SEC5      000a5000   00001000  00000000  00001000  RWIX
  FLASH_BANK2_SEC6      000a6000   00001000  00000000  00001000  RWIX
  FLASH_BANK2_SEC7      000a7000   00001000  00000000  00001000  RWIX
  FLASH_BANK2_SEC8      000a8000   00001000  00000000  00001000  RWIX
  FLASH_BANK2_SEC9      000a9000   00001000  00000000  00001000  RWIX
  FLASH_BANK2_SEC10     000aa000   00001000  00000000  00001000  RWIX
  FLASH_BANK2_SEC11     000ab000   00001000  00000000  00001000  RWIX
  FLASH_BANK2_SEC12     000ac000   00001000  00000000  00001000  RWIX
  FLASH_BANK2_SEC13     000ad000   00001000  00000000  00001000  RWIX
  FLASH_BANK2_SEC14     000ae000   00001000  00000000  00001000  RWIX
  FLASH_BANK2_SEC15     000af000   00000ff0  00000000  00000ff0  RWIX
  SECURE_ROM            003f2000   00006000  00000000  00006000  RWIX
  BOOTROM               003f8000   00007fc0  00000000  00007fc0  RWIX
  RESET                 003fffc0   00000002  00000000  00000002  RWIX


SECTION ALLOCATION MAP

 output                                  attributes/
section   page    origin      length       input sections
--------  ----  ----------  ----------   ----------------
codestart 
*          0    00000000    00000002     
                  00000000    00000002     f28003x_codestartbranch.obj (codestart)

.TI.ramfunc 
*          0    00000128    00000004     
                  00000128    00000004     driverlib.lib : sysctl.obj (.TI.ramfunc)

.cinit     0    0000012c    00000042     
                  0000012c    00000030     (.cinit..data.load) [load image, compression = lzss]
                  0000015c    00000006     (__TI_handler_table)
                  00000162    00000004     (.cinit..bss.load) [load image, compression = zero_init]
                  00000166    00000008     (__TI_cinit_table)

.reset     0    003fffc0    00000000     DSECT

.stack     0    00000400    00000200     UNINITIALIZED
                  00000400    00000200     --HOLE--

.bss       0    0000a800    00000200     UNINITIALIZED
                  0000a800    00000100     inverter_protocol.obj (.bss:frame16)
                  0000a900    00000100     inverter_protocol.obj (.bss:frame8)

.init_array 
*          0    00000128    00000000     UNINITIALIZED

.data      0    0000aa00    00000038     UNINITIALIZED
                  0000aa00    00000026     inverter_protocol.obj (.data)
                  0000aa26    00000008     inverter_protocol.obj (.data:gErrorList)
                  0000aa2e    00000006     rts2800_fpu32_eabi.lib : exit.c.obj (.data)
                  0000aa34    00000002                            : _lock.c.obj (.data:_lock)
                  0000aa36    00000002                            : _lock.c.obj (.data:_unlock)

.const     0    0000aa38    000002af     
                  0000aa38    0000009a     driverlib.lib : sysctl.obj (.const:.string)
                  0000aad2    00000098                   : gpio.obj (.const:.string)
                  0000ab6a    00000097                   : sci.obj (.const:.string)
                  0000ac01    00000001     --HOLE-- [fill = 0]
                  0000ac02    00000053     device.obj (.const:.string)
                  0000ac55    00000001     --HOLE-- [fill = 0]
                  0000ac56    0000003d     inverter_protocol.obj (.const:.string)
                  0000ac93    00000001     --HOLE-- [fill = 0]
                  0000ac94    0000003d     main.obj (.const:.string)
                  0000acd1    00000016     main.obj (.const:$P$T0$1)

.text.1    0    00008000    00000800     
                  00008000    00000123     driverlib.lib : sysctl.obj (.text:SysCtl_setClock)
                  00008123    00000103     inverter_protocol.obj (.text:BuildInverterFrame)
                  00008226    000000fe     driverlib.lib : sysctl.obj (.text:SysCtl_isPLLValid)
                  00008324    000000ce     device.obj (.text:Device_enableAllPeripherals)
                  000083f2    00000088     rts2800_fpu32_eabi.lib : fs_div28.asm.obj (.text)
                  0000847a    00000073     driverlib.lib : sysctl.obj (.text:DCC_setCounterSeeds)
                  000084ed    0000006a                   : gpio.obj (.text:GPIO_setAnalogMode)
                  00008557    00000065                   : sysctl.obj (.text:SysCtl_getClock)
                  000085bc    0000005b     main.obj (.text:mySCI0_init)
                  00008617    00000052     driverlib.lib : gpio.obj (.text:GPIO_setPadConfig)
                  00008669    0000004d                   : sysctl.obj (.text:SysCtl_selectOscSource)
                  000086b6    00000046                   : sysctl.obj (.text:SysCtl_selectXTAL)
                  000086fc    00000045                   : sci.obj (.text:SCI_clearInterruptStatus)
                  00008741    00000045                   : sysctl.obj (.text:SysCtl_pollX1Counter)
                  00008786    00000041                   : sci.obj (.text:SCI_writeCharArray)
                  000087c7    00000037                   : gpio.obj (.text:GPIO_setPinConfig)
                  000087fe    00000002     rts2800_fpu32_eabi.lib : pre_init.c.obj (.text)

.text.2    0    00008800    000006ae     
                  00008800    0000003e     device.obj (.text:Device_init)
                  0000883e    0000003e     driverlib.lib : sci.obj (.text:SCI_setConfig)
                  0000887c    0000003d                   : interrupt.obj (.text:Interrupt_initModule)
                  000088b9    00000037                   : gpio.obj (.text:GPIO_setQualificationMode)
                  000088f0    00000031     inverter_protocol.obj (.text:append32)
                  00008921    0000002e     inverter_protocol.obj (.text:SCI_isTransmitterBusy)
                  0000894f    0000002e     rts2800_fpu32_eabi.lib : copy_decompress_lzss.c.obj (.text:decompress:lzss)
                  0000897d    0000002b                            : autoinit.c.obj (.text:__TI_auto_init_nobinit_nopinit)
                  000089a8    00000029                            : exit.c.obj (.text)
                  000089d1    00000026     main.obj (.text:SCI_setFIFOInterruptLevel)
                  000089f7    00000025     driverlib.lib : sysctl.obj (.text:SysCtl_selectXTALSingleEnded)
                  00008a1c    00000024                   : sysctl.obj (.text:DCC_enableSingleShotMode)
                  00008a40    00000024     main.obj (.text:main)
                  00008a64    00000020     driverlib.lib : sci.obj (.text:SCI_isFIFOEnabled)
                  00008a84    00000020     inverter_protocol.obj (.text:SCI_isFIFOEnabled)
                  00008aa4    0000001e     driverlib.lib : sysctl.obj (.text:DCC_setCounter0ClkSource)
                  00008ac2    0000001e                   : sysctl.obj (.text:DCC_setCounter1ClkSource)
                  00008ae0    0000001e                   : interrupt.obj (.text:Interrupt_initVectorTable)
                  00008afe    0000001d     main.obj (.text:SCI_enableFIFO)
                  00008b1b    0000001d     rts2800_fpu32_eabi.lib : memcpy.c.obj (.text)
                  00008b38    0000001a     driverlib.lib : sci.obj (.text:SCI_isSpaceAvailableNonFIFO)
                  00008b52    0000001a                   : sysctl.obj (.text:SysCtl_getLowSpeedClock)
                  00008b6c    00000019                   : sysctl.obj (.text:SysCtl_setPLLSysClk)
                  00008b85    00000019     inverter_protocol.obj (.text:append16)
                  00008b9e    00000018     driverlib.lib : sci.obj (.text:SCI_disableModule)
                  00008bb6    00000018                   : sci.obj (.text:SCI_performSoftwareReset)
                  00008bce    00000018     main.obj (.text:SCI_performSoftwareReset)
                  00008be6    00000018     main.obj (.text:SCI_resetChannels)
                  00008bfe    00000018     main.obj (.text:SCI_resetRxFIFO)
                  00008c16    00000018     main.obj (.text:SCI_resetTxFIFO)
                  00008c2e    00000017     inverter_protocol.obj (.text:ConvertFrame8to16)
                  00008c45    00000017     device.obj (.text:SysCtl_enablePeripheral)
                  00008c5c    00000017     driverlib.lib : sysctl.obj (.text:SysCtl_enablePeripheral)
                  00008c73    00000017     rts2800_fpu32_eabi.lib : boot28.asm.obj (.text)
                  00008c8a    00000016     driverlib.lib : sysctl.obj (.text:DCC_disableDoneSignal)
                  00008ca0    00000016                   : interrupt.obj (.text:Interrupt_defaultHandler)
                  00008cb6    00000015                   : sysctl.obj (.text:DCC_clearDoneFlag)
                  00008ccb    00000015                   : sysctl.obj (.text:DCC_clearErrorFlag)
                  00008ce0    00000015                   : sysctl.obj (.text:DCC_disableErrorSignal)
                  00008cf5    00000015                   : sysctl.obj (.text:DCC_isBaseValid)
                  00008d0a    00000015     device.obj (.text:GPIO_unlockPortConfig)
                  00008d1f    00000014     driverlib.lib : sysctl.obj (.text:DCC_disableModule)
                  00008d33    00000014                   : sysctl.obj (.text:DCC_enableModule)
                  00008d47    00000014                   : gpio.obj (.text:GPIO_isPinValid)
                  00008d5b    00000014                   : sci.obj (.text:SCI_getTxFIFOStatus)
                  00008d6f    00000013     main.obj (.text:SCI_clearOverflowStatus)
                  00008d82    00000013     driverlib.lib : sci.obj (.text:SCI_enableModule)
                  00008d95    00000013     main.obj (.text:SCI_enableModule)
                  00008da8    00000013     driverlib.lib : sci.obj (.text:SCI_isBaseValid)
                  00008dbb    00000013     inverter_protocol.obj (.text:SCI_isBaseValid)
                  00008dce    00000013     main.obj (.text:SCI_isBaseValid)
                  00008de1    00000011     main.obj (.text:SCI_disableLoopback)
                  00008df2    00000010     device.obj (.text:Device_initGPIO)
                  00008e02    00000010     inverter_protocol.obj (.text:SendInverterFrame)
                  00008e12    0000000d     driverlib.lib : interrupt.obj (.text:Interrupt_disableGlobal)
                  00008e1f    0000000d     device.obj (.text:SysCtl_setLowSpeedClock)
                  00008e2c    0000000d     rts2800_fpu32_eabi.lib : copy_zero_init.c.obj (.text:decompress:ZI:__TI_zero_init_nomemset)
                  00008e39    0000000c                            : args_main.c.obj (.text)
                  00008e45    0000000b     device.obj (.text:SysCtl_disableWatchdog)
                  00008e50    0000000b     driverlib.lib : sysctl.obj (.text:SysCtl_isMCDClockFailureDetected)
                  00008e5b    0000000a                   : interrupt.obj (.text:Interrupt_illegalOperationHandler)
                  00008e65    0000000a                   : interrupt.obj (.text:Interrupt_nmiHandler)
                  00008e6f    00000009     rts2800_fpu32_eabi.lib : _lock.c.obj (.text)
                  00008e78    00000008                            : copy_decompress_none.c.obj (.text:decompress:none)
                  00008e80    00000008     f28003x_codestartbranch.obj (.text)
                  00008e88    00000007     device.obj (.text:ASysCtl_lockVREG)
                  00008e8f    00000007     driverlib.lib : sysctl.obj (.text:SysCtl_resetMCD)
                  00008e96    00000007     device.obj (.text:__error__)
                  00008e9d    00000005     board.obj (.text:Board_init)
                  00008ea2    00000005     inverter_protocol.obj (.text:ProtocolTask)
                  00008ea7    00000004     device.obj (.text:SysCtl_deviceCal)
                  00008eab    00000001     c2000ware_libraries.obj (.text:C2000Ware_libraries_init)
                  00008eac    00000001     board.obj (.text:PinMux_init)
                  00008ead    00000001     rts2800_fpu32_eabi.lib : startup.c.obj (.text)

MODULE SUMMARY

       Module                        code   ro data   rw data
       ------                        ----   -------   -------
    .\
       inverter_protocol.obj         474    61        558    
       main.obj                      364    83        0      
    +--+-----------------------------+------+---------+---------+
       Total:                        838    144       558    
                                                             
    .\device\
       device.obj                    370    83        0      
       f28003x_codestartbranch.obj   10     0         0      
    +--+-----------------------------+------+---------+---------+
       Total:                        380    83        0      
                                                             
    .\syscfg\
       board.obj                     6      0         0      
       c2000ware_libraries.obj       1      0         0      
    +--+-----------------------------+------+---------+---------+
       Total:                        7      0         0      
                                                             
    C:/ti/C2000Ware_6_00_01_00/driverlib/f28003x/driverlib/ccs/Debug/driverlib.lib
       sysctl.obj                    1352   154       0      
       sci.obj                       360    151       0      
       gpio.obj                      318    152       0      
       interrupt.obj                 146    0         0      
    +--+-----------------------------+------+---------+---------+
       Total:                        2176   457       0      
                                                             
    C:\ti\ccs2031\ccs\tools\compiler\ti-cgt-c2000_22.6.2.LTS\lib\rts2800_fpu32_eabi.lib
       fs_div28.asm.obj              136    0         0      
       exit.c.obj                    41     0         6      
       copy_decompress_lzss.c.obj    46     0         0      
       autoinit.c.obj                43     0         0      
       memcpy.c.obj                  29     0         0      
       boot28.asm.obj                23     0         0      
       _lock.c.obj                   9      0         4      
       copy_zero_init.c.obj          13     0         0      
       args_main.c.obj               12     0         0      
       copy_decompress_none.c.obj    8      0         0      
       pre_init.c.obj                2      0         0      
       startup.c.obj                 1      0         0      
    +--+-----------------------------+------+---------+---------+
       Total:                        363    0         10     
                                                             
       Stack:                        0      0         512    
       Linker Generated:             0      66        0      
    +--+-----------------------------+------+---------+---------+
       Grand Total:                  3764   750       1080   


LINKER GENERATED COPY TABLES

__TI_cinit_table @ 00000166 records: 2, size/record: 4, table size: 8
	.data: load addr=0000012c, load size=00000030 bytes, run addr=0000aa00, run size=00000038 bytes, compression=lzss
	.bss: load addr=00000162, load size=00000004 bytes, run addr=0000a800, run size=00000200 bytes, compression=zero_init


LINKER GENERATED HANDLER TABLE

__TI_handler_table @ 0000015c records: 3, size/record: 2, table size: 6
	index: 0, handler: __TI_zero_init
	index: 1, handler: __TI_decompress_lzss
	index: 2, handler: __TI_decompress_none


GLOBAL DATA SYMBOLS: SORTED BY DATA PAGE

address     data page           name
--------    ----------------    ----
00000400      10 (00000400)     __stack

0000a800     2a0 (0000a800)     frame16

0000a900     2a4 (0000a900)     frame8

0000aa00     2a8 (0000aa00)     gGridPower
0000aa01     2a8 (0000aa00)     gOutputPower
0000aa02     2a8 (0000aa00)     gPowerLoad
0000aa03     2a8 (0000aa00)     gR_GridVoltage
0000aa04     2a8 (0000aa00)     gR_GridCurrent
0000aa05     2a8 (0000aa00)     gR_GridFreq
0000aa06     2a8 (0000aa00)     gR_OutputPower
0000aa07     2a8 (0000aa00)     gS_GridVoltage
0000aa08     2a8 (0000aa00)     gS_GridCurrent
0000aa09     2a8 (0000aa00)     gS_GridFreq
0000aa0a     2a8 (0000aa00)     gS_OutputPower
0000aa0b     2a8 (0000aa00)     gT_GridVoltage
0000aa0c     2a8 (0000aa00)     gT_GridCurrent
0000aa0d     2a8 (0000aa00)     gT_GridFreq
0000aa0e     2a8 (0000aa00)     gT_OutputPower
0000aa0f     2a8 (0000aa00)     gPV1_Voltage
0000aa10     2a8 (0000aa00)     gPV1_Current
0000aa11     2a8 (0000aa00)     gPV1_Power
0000aa12     2a8 (0000aa00)     gPV2_Voltage
0000aa13     2a8 (0000aa00)     gPV2_Current
0000aa14     2a8 (0000aa00)     gPV2_Power
0000aa15     2a8 (0000aa00)     gPV3_Voltage
0000aa16     2a8 (0000aa00)     gPV3_Current
0000aa17     2a8 (0000aa00)     gPV3_Power
0000aa18     2a8 (0000aa00)     gPV4_Voltage
0000aa19     2a8 (0000aa00)     gPV4_Current
0000aa1a     2a8 (0000aa00)     gPV4_Power
0000aa1b     2a8 (0000aa00)     gChargerTemp
0000aa1c     2a8 (0000aa00)     gInverterTemp
0000aa1d     2a8 (0000aa00)     gAmbientTemp
0000aa1e     2a8 (0000aa00)     gBoostTemp
0000aa1f     2a8 (0000aa00)     gExtraBytes
0000aa20     2a8 (0000aa00)     frameLength
0000aa22     2a8 (0000aa00)     gDayGeneration
0000aa24     2a8 (0000aa00)     gTotalGeneration
0000aa26     2a8 (0000aa00)     gErrorList
0000aa2e     2a8 (0000aa00)     __TI_enable_exit_profile_output
0000aa30     2a8 (0000aa00)     __TI_cleanup_ptr
0000aa32     2a8 (0000aa00)     __TI_dtors_ptr
0000aa34     2a8 (0000aa00)     _lock
0000aa36     2a8 (0000aa00)     _unlock


GLOBAL SYMBOLS: SORTED ALPHABETICALLY BY Name 

page  address   name                             
----  -------   ----                             
0     00008e9d  Board_init                       
0     00008123  BuildInverterFrame               
0     000089a8  C$$EXIT                          
0     00008eab  C2000Ware_libraries_init         
0     00008c2e  ConvertFrame8to16                
0     00008324  Device_enableAllPeripherals      
0     00008800  Device_init                      
0     00008df2  Device_initGPIO                  
0     000084ed  GPIO_setAnalogMode               
0     00008617  GPIO_setPadConfig                
0     000087c7  GPIO_setPinConfig                
0     000088b9  GPIO_setQualificationMode        
0     00008ca0  Interrupt_defaultHandler         
0     00008e5b  Interrupt_illegalOperationHandler
0     0000887c  Interrupt_initModule             
0     00008ae0  Interrupt_initVectorTable        
0     00008e65  Interrupt_nmiHandler             
0     00008eac  PinMux_init                      
0     00008ea2  ProtocolTask                     
0     000086fc  SCI_clearInterruptStatus         
0     0000883e  SCI_setConfig                    
0     00008786  SCI_writeCharArray               
0     00008e02  SendInverterFrame                
0     00000128  SysCtl_delay                     
0     00008557  SysCtl_getClock                  
0     00008b52  SysCtl_getLowSpeedClock          
0     00008226  SysCtl_isPLLValid                
0     00008669  SysCtl_selectOscSource           
0     000086b6  SysCtl_selectXTAL                
0     000089f7  SysCtl_selectXTALSingleEnded     
0     00008000  SysCtl_setClock                  
0     00000166  __TI_CINIT_Base                  
0     0000016e  __TI_CINIT_Limit                 
0     0000016e  __TI_CINIT_Warm                  
0     0000015c  __TI_Handler_Table_Base          
0     00000162  __TI_Handler_Table_Limit         
0     00000600  __TI_STACK_END                   
abs   00000200  __TI_STACK_SIZE                  
0     0000897d  __TI_auto_init_nobinit_nopinit   
0     0000aa30  __TI_cleanup_ptr                 
0     0000894f  __TI_decompress_lzss             
0     00008e78  __TI_decompress_none             
0     0000aa32  __TI_dtors_ptr                   
0     0000aa2e  __TI_enable_exit_profile_output  
abs   ffffffff  __TI_pprof_out_hndl              
abs   ffffffff  __TI_prof_data_size              
abs   ffffffff  __TI_prof_data_start             
0     00008e2c  __TI_zero_init_nomemset          
0     000083f2  __c28xabi_divf                   
n/a   UNDEFED   __c_args__                       
0     00008e96  __error__                        
0     00000400  __stack                          
0     00008e39  _args_main                       
0     00008c73  _c_int00                         
0     0000aa34  _lock                            
0     00008e77  _nop                             
0     00008e73  _register_lock                   
0     00008e6f  _register_unlock                 
0     00008ead  _system_post_cinit               
0     000087fe  _system_pre_init                 
0     0000aa36  _unlock                          
0     000089a8  abort                            
0     00000000  code_start                       
0     000089aa  exit                             
0     0000a800  frame16                          
0     0000a900  frame8                           
0     0000aa20  frameLength                      
0     0000aa1d  gAmbientTemp                     
0     0000aa1e  gBoostTemp                       
0     0000aa1b  gChargerTemp                     
0     0000aa22  gDayGeneration                   
0     0000aa26  gErrorList                       
0     0000aa1f  gExtraBytes                      
0     0000aa00  gGridPower                       
0     0000aa1c  gInverterTemp                    
0     0000aa01  gOutputPower                     
0     0000aa10  gPV1_Current                     
0     0000aa11  gPV1_Power                       
0     0000aa0f  gPV1_Voltage                     
0     0000aa13  gPV2_Current                     
0     0000aa14  gPV2_Power                       
0     0000aa12  gPV2_Voltage                     
0     0000aa16  gPV3_Current                     
0     0000aa17  gPV3_Power                       
0     0000aa15  gPV3_Voltage                     
0     0000aa19  gPV4_Current                     
0     0000aa1a  gPV4_Power                       
0     0000aa18  gPV4_Voltage                     
0     0000aa02  gPowerLoad                       
0     0000aa04  gR_GridCurrent                   
0     0000aa05  gR_GridFreq                      
0     0000aa03  gR_GridVoltage                   
0     0000aa06  gR_OutputPower                   
0     0000aa08  gS_GridCurrent                   
0     0000aa09  gS_GridFreq                      
0     0000aa07  gS_GridVoltage                   
0     0000aa0a  gS_OutputPower                   
0     0000aa0c  gT_GridCurrent                   
0     0000aa0d  gT_GridFreq                      
0     0000aa0b  gT_GridVoltage                   
0     0000aa0e  gT_OutputPower                   
0     0000aa24  gTotalGeneration                 
0     00008a40  main                             
0     00008b1b  memcpy                           
0     000085bc  mySCI0_init                      


GLOBAL SYMBOLS: SORTED BY Symbol Address 

page  address   name                             
----  -------   ----                             
0     00000000  code_start                       
0     00000128  SysCtl_delay                     
0     0000015c  __TI_Handler_Table_Base          
0     00000162  __TI_Handler_Table_Limit         
0     00000166  __TI_CINIT_Base                  
0     0000016e  __TI_CINIT_Limit                 
0     0000016e  __TI_CINIT_Warm                  
0     00000400  __stack                          
0     00000600  __TI_STACK_END                   
0     00008000  SysCtl_setClock                  
0     00008123  BuildInverterFrame               
0     00008226  SysCtl_isPLLValid                
0     00008324  Device_enableAllPeripherals      
0     000083f2  __c28xabi_divf                   
0     000084ed  GPIO_setAnalogMode               
0     00008557  SysCtl_getClock                  
0     000085bc  mySCI0_init                      
0     00008617  GPIO_setPadConfig                
0     00008669  SysCtl_selectOscSource           
0     000086b6  SysCtl_selectXTAL                
0     000086fc  SCI_clearInterruptStatus         
0     00008786  SCI_writeCharArray               
0     000087c7  GPIO_setPinConfig                
0     000087fe  _system_pre_init                 
0     00008800  Device_init                      
0     0000883e  SCI_setConfig                    
0     0000887c  Interrupt_initModule             
0     000088b9  GPIO_setQualificationMode        
0     0000894f  __TI_decompress_lzss             
0     0000897d  __TI_auto_init_nobinit_nopinit   
0     000089a8  C$$EXIT                          
0     000089a8  abort                            
0     000089aa  exit                             
0     000089f7  SysCtl_selectXTALSingleEnded     
0     00008a40  main                             
0     00008ae0  Interrupt_initVectorTable        
0     00008b1b  memcpy                           
0     00008b52  SysCtl_getLowSpeedClock          
0     00008c2e  ConvertFrame8to16                
0     00008c73  _c_int00                         
0     00008ca0  Interrupt_defaultHandler         
0     00008df2  Device_initGPIO                  
0     00008e02  SendInverterFrame                
0     00008e2c  __TI_zero_init_nomemset          
0     00008e39  _args_main                       
0     00008e5b  Interrupt_illegalOperationHandler
0     00008e65  Interrupt_nmiHandler             
0     00008e6f  _register_unlock                 
0     00008e73  _register_lock                   
0     00008e77  _nop                             
0     00008e78  __TI_decompress_none             
0     00008e96  __error__                        
0     00008e9d  Board_init                       
0     00008ea2  ProtocolTask                     
0     00008eab  C2000Ware_libraries_init         
0     00008eac  PinMux_init                      
0     00008ead  _system_post_cinit               
0     0000a800  frame16                          
0     0000a900  frame8                           
0     0000aa00  gGridPower                       
0     0000aa01  gOutputPower                     
0     0000aa02  gPowerLoad                       
0     0000aa03  gR_GridVoltage                   
0     0000aa04  gR_GridCurrent                   
0     0000aa05  gR_GridFreq                      
0     0000aa06  gR_OutputPower                   
0     0000aa07  gS_GridVoltage                   
0     0000aa08  gS_GridCurrent                   
0     0000aa09  gS_GridFreq                      
0     0000aa0a  gS_OutputPower                   
0     0000aa0b  gT_GridVoltage                   
0     0000aa0c  gT_GridCurrent                   
0     0000aa0d  gT_GridFreq                      
0     0000aa0e  gT_OutputPower                   
0     0000aa0f  gPV1_Voltage                     
0     0000aa10  gPV1_Current                     
0     0000aa11  gPV1_Power                       
0     0000aa12  gPV2_Voltage                     
0     0000aa13  gPV2_Current                     
0     0000aa14  gPV2_Power                       
0     0000aa15  gPV3_Voltage                     
0     0000aa16  gPV3_Current                     
0     0000aa17  gPV3_Power                       
0     0000aa18  gPV4_Voltage                     
0     0000aa19  gPV4_Current                     
0     0000aa1a  gPV4_Power                       
0     0000aa1b  gChargerTemp                     
0     0000aa1c  gInverterTemp                    
0     0000aa1d  gAmbientTemp                     
0     0000aa1e  gBoostTemp                       
0     0000aa1f  gExtraBytes                      
0     0000aa20  frameLength                      
0     0000aa22  gDayGeneration                   
0     0000aa24  gTotalGeneration                 
0     0000aa26  gErrorList                       
0     0000aa2e  __TI_enable_exit_profile_output  
0     0000aa30  __TI_cleanup_ptr                 
0     0000aa32  __TI_dtors_ptr                   
0     0000aa34  _lock                            
0     0000aa36  _unlock                          
abs   00000200  __TI_STACK_SIZE                  
abs   ffffffff  __TI_pprof_out_hndl              
abs   ffffffff  __TI_prof_data_size              
abs   ffffffff  __TI_prof_data_start             
n/a   UNDEFED   __c_args__                       

[105 symbols]
