<?xml version="1.0" encoding="ISO-8859-1" ?>
<link_info>
   <banner>TMS320C2000 Linker PC v22.6.2.LTS</banner>
   <copyright>Copyright (c) 1996-2018 Texas Instruments Incorporated</copyright>
   <link_time>0x697b4730</link_time>
   <link_errors>0x0</link_errors>
   <output_file>04_SCI_UART.out</output_file>
   <entry_point>
      <name>code_start</name>
      <address>0x0</address>
   </entry_point>
   <input_file_list>
      <input_file id="fl-2">
         <path>.\syscfg\</path>
         <kind>object</kind>
         <file>board.obj</file>
         <name>board.obj</name>
      </input_file>
      <input_file id="fl-3">
         <path>.\syscfg\</path>
         <kind>object</kind>
         <file>c2000ware_libraries.obj</file>
         <name>c2000ware_libraries.obj</name>
      </input_file>
      <input_file id="fl-4">
         <path>.\</path>
         <kind>object</kind>
         <file>inverter_protocol.obj</file>
         <name>inverter_protocol.obj</name>
      </input_file>
      <input_file id="fl-5">
         <path>.\</path>
         <kind>object</kind>
         <file>main.obj</file>
         <name>main.obj</name>
      </input_file>
      <input_file id="fl-6">
         <path>.\device\</path>
         <kind>object</kind>
         <file>device.obj</file>
         <name>device.obj</name>
      </input_file>
      <input_file id="fl-7">
         <path>.\device\</path>
         <kind>object</kind>
         <file>f28003x_codestartbranch.obj</file>
         <name>f28003x_codestartbranch.obj</name>
      </input_file>
      <input_file id="fl-d">
         <kind>object</kind>
         <file>&lt;internal&gt;</file>
         <name>&lt;internal&gt;</name>
      </input_file>
      <input_file id="fl-e">
         <path>C:\ti\C2000Ware_6_00_01_00\driverlib\f28003x\driverlib\ccs\Debug\</path>
         <kind>archive</kind>
         <file>driverlib.lib</file>
         <name>dcc.obj</name>
      </input_file>
      <input_file id="fl-f">
         <path>C:\ti\C2000Ware_6_00_01_00\driverlib\f28003x\driverlib\ccs\Debug\</path>
         <kind>archive</kind>
         <file>driverlib.lib</file>
         <name>gpio.obj</name>
      </input_file>
      <input_file id="fl-10">
         <path>C:\ti\C2000Ware_6_00_01_00\driverlib\f28003x\driverlib\ccs\Debug\</path>
         <kind>archive</kind>
         <file>driverlib.lib</file>
         <name>interrupt.obj</name>
      </input_file>
      <input_file id="fl-11">
         <path>C:\ti\C2000Ware_6_00_01_00\driverlib\f28003x\driverlib\ccs\Debug\</path>
         <kind>archive</kind>
         <file>driverlib.lib</file>
         <name>sci.obj</name>
      </input_file>
      <input_file id="fl-12">
         <path>C:\ti\C2000Ware_6_00_01_00\driverlib\f28003x\driverlib\ccs\Debug\</path>
         <kind>archive</kind>
         <file>driverlib.lib</file>
         <name>sysctl.obj</name>
      </input_file>
      <input_file id="fl-1e">
         <path>C:\ti\ccs2031\ccs\tools\compiler\ti-cgt-c2000_22.6.2.LTS\lib\</path>
         <kind>archive</kind>
         <file>rts2800_fpu32_eabi.lib</file>
         <name>boot28.asm.obj</name>
      </input_file>
      <input_file id="fl-1f">
         <path>C:\ti\ccs2031\ccs\tools\compiler\ti-cgt-c2000_22.6.2.LTS\lib\</path>
         <kind>archive</kind>
         <file>rts2800_fpu32_eabi.lib</file>
         <name>fs_div28.asm.obj</name>
      </input_file>
      <input_file id="fl-20">
         <path>C:\ti\ccs2031\ccs\tools\compiler\ti-cgt-c2000_22.6.2.LTS\lib\</path>
         <kind>archive</kind>
         <file>rts2800_fpu32_eabi.lib</file>
         <name>pre_init.c.obj</name>
      </input_file>
      <input_file id="fl-21">
         <path>C:\ti\ccs2031\ccs\tools\compiler\ti-cgt-c2000_22.6.2.LTS\lib\</path>
         <kind>archive</kind>
         <file>rts2800_fpu32_eabi.lib</file>
         <name>autoinit.c.obj</name>
      </input_file>
      <input_file id="fl-22">
         <path>C:\ti\ccs2031\ccs\tools\compiler\ti-cgt-c2000_22.6.2.LTS\lib\</path>
         <kind>archive</kind>
         <file>rts2800_fpu32_eabi.lib</file>
         <name>copy_zero_init.c.obj</name>
      </input_file>
      <input_file id="fl-23">
         <path>C:\ti\ccs2031\ccs\tools\compiler\ti-cgt-c2000_22.6.2.LTS\lib\</path>
         <kind>archive</kind>
         <file>rts2800_fpu32_eabi.lib</file>
         <name>copy_decompress_none.c.obj</name>
      </input_file>
      <input_file id="fl-24">
         <path>C:\ti\ccs2031\ccs\tools\compiler\ti-cgt-c2000_22.6.2.LTS\lib\</path>
         <kind>archive</kind>
         <file>rts2800_fpu32_eabi.lib</file>
         <name>copy_decompress_lzss.c.obj</name>
      </input_file>
      <input_file id="fl-25">
         <path>C:\ti\ccs2031\ccs\tools\compiler\ti-cgt-c2000_22.6.2.LTS\lib\</path>
         <kind>archive</kind>
         <file>rts2800_fpu32_eabi.lib</file>
         <name>exit.c.obj</name>
      </input_file>
      <input_file id="fl-26">
         <path>C:\ti\ccs2031\ccs\tools\compiler\ti-cgt-c2000_22.6.2.LTS\lib\</path>
         <kind>archive</kind>
         <file>rts2800_fpu32_eabi.lib</file>
         <name>_lock.c.obj</name>
      </input_file>
      <input_file id="fl-27">
         <path>C:\ti\ccs2031\ccs\tools\compiler\ti-cgt-c2000_22.6.2.LTS\lib\</path>
         <kind>archive</kind>
         <file>rts2800_fpu32_eabi.lib</file>
         <name>args_main.c.obj</name>
      </input_file>
      <input_file id="fl-28">
         <path>C:\ti\ccs2031\ccs\tools\compiler\ti-cgt-c2000_22.6.2.LTS\lib\</path>
         <kind>archive</kind>
         <file>rts2800_fpu32_eabi.lib</file>
         <name>memset.c.obj</name>
      </input_file>
      <input_file id="fl-29">
         <path>C:\ti\ccs2031\ccs\tools\compiler\ti-cgt-c2000_22.6.2.LTS\lib\</path>
         <kind>archive</kind>
         <file>rts2800_fpu32_eabi.lib</file>
         <name>cpy_tbl.c.obj</name>
      </input_file>
      <input_file id="fl-2a">
         <path>C:\ti\ccs2031\ccs\tools\compiler\ti-cgt-c2000_22.6.2.LTS\lib\</path>
         <kind>archive</kind>
         <file>rts2800_fpu32_eabi.lib</file>
         <name>memcpy.c.obj</name>
      </input_file>
      <input_file id="fl-2b">
         <path>C:\ti\ccs2031\ccs\tools\compiler\ti-cgt-c2000_22.6.2.LTS\lib\</path>
         <kind>archive</kind>
         <file>rts2800_fpu32_eabi.lib</file>
         <name>startup.c.obj</name>
      </input_file>
   </input_file_list>
   <object_component_list>
      <object_component id="oc-26">
         <name>codestart</name>
         <load_address>0x0</load_address>
         <run_address>0x0</run_address>
         <size>0x2</size>
         <input_file_ref idref="fl-7"/>
      </object_component>
      <object_component id="oc-234">
         <name>.TI.ramfunc</name>
         <load_address>0x128</load_address>
         <run_address>0x128</run_address>
         <size>0x4</size>
         <input_file_ref idref="fl-12"/>
      </object_component>
      <object_component id="oc-14b">
         <name>.text:SysCtl_setClock</name>
         <load_address>0x8000</load_address>
         <run_address>0x8000</run_address>
         <size>0x123</size>
         <input_file_ref idref="fl-12"/>
      </object_component>
      <object_component id="oc-20e">
         <name>.text:BuildInverterFrame</name>
         <load_address>0x8123</load_address>
         <run_address>0x8123</run_address>
         <size>0x103</size>
         <input_file_ref idref="fl-4"/>
      </object_component>
      <object_component id="oc-241">
         <name>.text:SysCtl_isPLLValid</name>
         <load_address>0x8226</load_address>
         <run_address>0x8226</run_address>
         <size>0xfe</size>
         <input_file_ref idref="fl-12"/>
      </object_component>
      <object_component id="oc-170">
         <name>.text:Device_enableAllPeripherals</name>
         <load_address>0x8324</load_address>
         <run_address>0x8324</run_address>
         <size>0xce</size>
         <input_file_ref idref="fl-6"/>
      </object_component>
      <object_component id="oc-2d3">
         <name>.text</name>
         <load_address>0x83f2</load_address>
         <run_address>0x83f2</run_address>
         <size>0x88</size>
         <input_file_ref idref="fl-1f"/>
      </object_component>
      <object_component id="oc-308">
         <name>.text:DCC_setCounterSeeds</name>
         <load_address>0x847a</load_address>
         <run_address>0x847a</run_address>
         <size>0x73</size>
         <input_file_ref idref="fl-12"/>
      </object_component>
      <object_component id="oc-17c">
         <name>.text:GPIO_setAnalogMode</name>
         <load_address>0x84ed</load_address>
         <run_address>0x84ed</run_address>
         <size>0x6a</size>
         <input_file_ref idref="fl-f"/>
      </object_component>
      <object_component id="oc-157">
         <name>.text:SysCtl_getClock</name>
         <load_address>0x8557</load_address>
         <run_address>0x8557</run_address>
         <size>0x65</size>
         <input_file_ref idref="fl-12"/>
      </object_component>
      <object_component id="oc-116">
         <name>.text:mySCI0_init</name>
         <load_address>0x85bc</load_address>
         <run_address>0x85bc</run_address>
         <size>0x5b</size>
         <input_file_ref idref="fl-5"/>
      </object_component>
      <object_component id="oc-1a2">
         <name>.text:GPIO_setPadConfig</name>
         <load_address>0x8617</load_address>
         <run_address>0x8617</run_address>
         <size>0x52</size>
         <input_file_ref idref="fl-f"/>
      </object_component>
      <object_component id="oc-235">
         <name>.text:SysCtl_selectOscSource</name>
         <load_address>0x8669</load_address>
         <run_address>0x8669</run_address>
         <size>0x4d</size>
         <input_file_ref idref="fl-12"/>
      </object_component>
      <object_component id="oc-2c5">
         <name>.text:SysCtl_selectXTAL</name>
         <load_address>0x86b6</load_address>
         <run_address>0x86b6</run_address>
         <size>0x46</size>
         <input_file_ref idref="fl-12"/>
      </object_component>
      <object_component id="oc-1ae">
         <name>.text:SCI_clearInterruptStatus</name>
         <load_address>0x86fc</load_address>
         <run_address>0x86fc</run_address>
         <size>0x45</size>
         <input_file_ref idref="fl-11"/>
      </object_component>
      <object_component id="oc-340">
         <name>.text:SysCtl_pollX1Counter</name>
         <load_address>0x8741</load_address>
         <run_address>0x8741</run_address>
         <size>0x45</size>
         <input_file_ref idref="fl-12"/>
      </object_component>
      <object_component id="oc-11f">
         <name>.text:SCI_writeCharArray</name>
         <load_address>0x8786</load_address>
         <run_address>0x8786</run_address>
         <size>0x41</size>
         <input_file_ref idref="fl-11"/>
      </object_component>
      <object_component id="oc-19c">
         <name>.text:GPIO_setPinConfig</name>
         <load_address>0x87c7</load_address>
         <run_address>0x87c7</run_address>
         <size>0x37</size>
         <input_file_ref idref="fl-f"/>
      </object_component>
      <object_component id="oc-87">
         <name>.text</name>
         <load_address>0x87fe</load_address>
         <run_address>0x87fe</run_address>
         <size>0x2</size>
         <input_file_ref idref="fl-20"/>
      </object_component>
      <object_component id="oc-f8">
         <name>.text:Device_init</name>
         <load_address>0x8800</load_address>
         <run_address>0x8800</run_address>
         <size>0x3e</size>
         <input_file_ref idref="fl-6"/>
      </object_component>
      <object_component id="oc-1cc">
         <name>.text:SCI_setConfig</name>
         <load_address>0x883e</load_address>
         <run_address>0x883e</run_address>
         <size>0x3e</size>
         <input_file_ref idref="fl-11"/>
      </object_component>
      <object_component id="oc-104">
         <name>.text:Interrupt_initModule</name>
         <load_address>0x887c</load_address>
         <run_address>0x887c</run_address>
         <size>0x3d</size>
         <input_file_ref idref="fl-10"/>
      </object_component>
      <object_component id="oc-1a8">
         <name>.text:GPIO_setQualificationMode</name>
         <load_address>0x88b9</load_address>
         <run_address>0x88b9</run_address>
         <size>0x37</size>
         <input_file_ref idref="fl-f"/>
      </object_component>
      <object_component id="oc-2a2">
         <name>.text:append32</name>
         <load_address>0x88f0</load_address>
         <run_address>0x88f0</run_address>
         <size>0x31</size>
         <input_file_ref idref="fl-4"/>
      </object_component>
      <object_component id="oc-2b8">
         <name>.text:SCI_isTransmitterBusy</name>
         <load_address>0x8921</load_address>
         <run_address>0x8921</run_address>
         <size>0x2e</size>
         <input_file_ref idref="fl-4"/>
      </object_component>
      <object_component id="oc-19">
         <name>.text:decompress:lzss</name>
         <load_address>0x894f</load_address>
         <run_address>0x894f</run_address>
         <size>0x2e</size>
         <input_file_ref idref="fl-24"/>
      </object_component>
      <object_component id="oc-a0">
         <name>.text:__TI_auto_init_nobinit_nopinit</name>
         <load_address>0x897d</load_address>
         <run_address>0x897d</run_address>
         <size>0x2b</size>
         <input_file_ref idref="fl-21"/>
      </object_component>
      <object_component id="oc-94">
         <name>.text</name>
         <load_address>0x89a8</load_address>
         <run_address>0x89a8</run_address>
         <size>0x29</size>
         <input_file_ref idref="fl-25"/>
      </object_component>
      <object_component id="oc-1de">
         <name>.text:SCI_setFIFOInterruptLevel</name>
         <load_address>0x89d1</load_address>
         <run_address>0x89d1</run_address>
         <size>0x26</size>
         <input_file_ref idref="fl-5"/>
      </object_component>
      <object_component id="oc-2cb">
         <name>.text:SysCtl_selectXTALSingleEnded</name>
         <load_address>0x89f7</load_address>
         <run_address>0x89f7</run_address>
         <size>0x25</size>
         <input_file_ref idref="fl-12"/>
      </object_component>
      <object_component id="oc-30e">
         <name>.text:DCC_enableSingleShotMode</name>
         <load_address>0x8a1c</load_address>
         <run_address>0x8a1c</run_address>
         <size>0x24</size>
         <input_file_ref idref="fl-12"/>
      </object_component>
      <object_component id="oc-d0">
         <name>.text:main</name>
         <load_address>0x8a40</load_address>
         <run_address>0x8a40</run_address>
         <size>0x24</size>
         <input_file_ref idref="fl-5"/>
      </object_component>
      <object_component id="oc-1fa">
         <name>.text:SCI_isFIFOEnabled</name>
         <load_address>0x8a64</load_address>
         <run_address>0x8a64</run_address>
         <size>0x20</size>
         <input_file_ref idref="fl-11"/>
      </object_component>
      <object_component id="oc-339">
         <name>.text:SCI_isFIFOEnabled</name>
         <load_address>0x8a84</load_address>
         <run_address>0x8a84</run_address>
         <size>0x20</size>
         <input_file_ref idref="fl-4"/>
      </object_component>
      <object_component id="oc-2fc">
         <name>.text:DCC_setCounter0ClkSource</name>
         <load_address>0x8aa4</load_address>
         <run_address>0x8aa4</run_address>
         <size>0x1e</size>
         <input_file_ref idref="fl-12"/>
      </object_component>
      <object_component id="oc-302">
         <name>.text:DCC_setCounter1ClkSource</name>
         <load_address>0x8ac2</load_address>
         <run_address>0x8ac2</run_address>
         <size>0x1e</size>
         <input_file_ref idref="fl-12"/>
      </object_component>
      <object_component id="oc-30">
         <name>.text:Interrupt_initVectorTable</name>
         <load_address>0x8ae0</load_address>
         <run_address>0x8ae0</run_address>
         <size>0x1e</size>
         <input_file_ref idref="fl-10"/>
      </object_component>
      <object_component id="oc-1e4">
         <name>.text:SCI_enableFIFO</name>
         <load_address>0x8afe</load_address>
         <run_address>0x8afe</run_address>
         <size>0x1d</size>
         <input_file_ref idref="fl-5"/>
      </object_component>
      <object_component id="oc-46">
         <name>.text</name>
         <load_address>0x8b1b</load_address>
         <run_address>0x8b1b</run_address>
         <size>0x1d</size>
         <input_file_ref idref="fl-2a"/>
      </object_component>
      <object_component id="oc-206">
         <name>.text:SCI_isSpaceAvailableNonFIFO</name>
         <load_address>0x8b38</load_address>
         <run_address>0x8b38</run_address>
         <size>0x1a</size>
         <input_file_ref idref="fl-11"/>
      </object_component>
      <object_component id="oc-164">
         <name>.text:SysCtl_getLowSpeedClock</name>
         <load_address>0x8b52</load_address>
         <run_address>0x8b52</run_address>
         <size>0x1a</size>
         <input_file_ref idref="fl-12"/>
      </object_component>
      <object_component id="oc-23b">
         <name>.text:SysCtl_setPLLSysClk</name>
         <load_address>0x8b6c</load_address>
         <run_address>0x8b6c</run_address>
         <size>0x19</size>
         <input_file_ref idref="fl-12"/>
      </object_component>
      <object_component id="oc-29c">
         <name>.text:append16</name>
         <load_address>0x8b85</load_address>
         <run_address>0x8b85</run_address>
         <size>0x19</size>
         <input_file_ref idref="fl-4"/>
      </object_component>
      <object_component id="oc-280">
         <name>.text:SCI_disableModule</name>
         <load_address>0x8b9e</load_address>
         <run_address>0x8b9e</run_address>
         <size>0x18</size>
         <input_file_ref idref="fl-11"/>
      </object_component>
      <object_component id="oc-26e">
         <name>.text:SCI_performSoftwareReset</name>
         <load_address>0x8bb6</load_address>
         <run_address>0x8bb6</run_address>
         <size>0x18</size>
         <input_file_ref idref="fl-11"/>
      </object_component>
      <object_component id="oc-1d8">
         <name>.text:SCI_performSoftwareReset</name>
         <load_address>0x8bce</load_address>
         <run_address>0x8bce</run_address>
         <size>0x18</size>
         <input_file_ref idref="fl-5"/>
      </object_component>
      <object_component id="oc-1c6">
         <name>.text:SCI_resetChannels</name>
         <load_address>0x8be6</load_address>
         <run_address>0x8be6</run_address>
         <size>0x18</size>
         <input_file_ref idref="fl-5"/>
      </object_component>
      <object_component id="oc-1c0">
         <name>.text:SCI_resetRxFIFO</name>
         <load_address>0x8bfe</load_address>
         <run_address>0x8bfe</run_address>
         <size>0x18</size>
         <input_file_ref idref="fl-5"/>
      </object_component>
      <object_component id="oc-1ba">
         <name>.text:SCI_resetTxFIFO</name>
         <load_address>0x8c16</load_address>
         <run_address>0x8c16</run_address>
         <size>0x18</size>
         <input_file_ref idref="fl-5"/>
      </object_component>
      <object_component id="oc-2af">
         <name>.text:ConvertFrame8to16</name>
         <load_address>0x8c2e</load_address>
         <run_address>0x8c2e</run_address>
         <size>0x17</size>
         <input_file_ref idref="fl-4"/>
      </object_component>
      <object_component id="oc-24e">
         <name>.text:SysCtl_enablePeripheral</name>
         <load_address>0x8c45</load_address>
         <run_address>0x8c45</run_address>
         <size>0x17</size>
         <input_file_ref idref="fl-6"/>
      </object_component>
      <object_component id="oc-2d8">
         <name>.text:SysCtl_enablePeripheral</name>
         <load_address>0x8c5c</load_address>
         <run_address>0x8c5c</run_address>
         <size>0x17</size>
         <input_file_ref idref="fl-12"/>
      </object_component>
      <object_component id="oc-76">
         <name>.text</name>
         <load_address>0x8c73</load_address>
         <run_address>0x8c73</run_address>
         <size>0x17</size>
         <input_file_ref idref="fl-1e"/>
      </object_component>
      <object_component id="oc-2f6">
         <name>.text:DCC_disableDoneSignal</name>
         <load_address>0x8c8a</load_address>
         <run_address>0x8c8a</run_address>
         <size>0x16</size>
         <input_file_ref idref="fl-12"/>
      </object_component>
      <object_component id="oc-2b">
         <name>.text:Interrupt_defaultHandler</name>
         <load_address>0x8ca0</load_address>
         <run_address>0x8ca0</run_address>
         <size>0x16</size>
         <input_file_ref idref="fl-10"/>
      </object_component>
      <object_component id="oc-2e4">
         <name>.text:DCC_clearDoneFlag</name>
         <load_address>0x8cb6</load_address>
         <run_address>0x8cb6</run_address>
         <size>0x15</size>
         <input_file_ref idref="fl-12"/>
      </object_component>
      <object_component id="oc-2de">
         <name>.text:DCC_clearErrorFlag</name>
         <load_address>0x8ccb</load_address>
         <run_address>0x8ccb</run_address>
         <size>0x15</size>
         <input_file_ref idref="fl-12"/>
      </object_component>
      <object_component id="oc-2f0">
         <name>.text:DCC_disableErrorSignal</name>
         <load_address>0x8ce0</load_address>
         <run_address>0x8ce0</run_address>
         <size>0x15</size>
         <input_file_ref idref="fl-12"/>
      </object_component>
      <object_component id="oc-350">
         <name>.text:DCC_isBaseValid</name>
         <load_address>0x8cf5</load_address>
         <run_address>0x8cf5</run_address>
         <size>0x15</size>
         <input_file_ref idref="fl-12"/>
      </object_component>
      <object_component id="oc-184">
         <name>.text:GPIO_unlockPortConfig</name>
         <load_address>0x8d0a</load_address>
         <run_address>0x8d0a</run_address>
         <size>0x15</size>
         <input_file_ref idref="fl-6"/>
      </object_component>
      <object_component id="oc-2ea">
         <name>.text:DCC_disableModule</name>
         <load_address>0x8d1f</load_address>
         <run_address>0x8d1f</run_address>
         <size>0x14</size>
         <input_file_ref idref="fl-12"/>
      </object_component>
      <object_component id="oc-314">
         <name>.text:DCC_enableModule</name>
         <load_address>0x8d33</load_address>
         <run_address>0x8d33</run_address>
         <size>0x14</size>
         <input_file_ref idref="fl-12"/>
      </object_component>
      <object_component id="oc-266">
         <name>.text:GPIO_isPinValid</name>
         <load_address>0x8d47</load_address>
         <run_address>0x8d47</run_address>
         <size>0x14</size>
         <input_file_ref idref="fl-f"/>
      </object_component>
      <object_component id="oc-200">
         <name>.text:SCI_getTxFIFOStatus</name>
         <load_address>0x8d5b</load_address>
         <run_address>0x8d5b</run_address>
         <size>0x14</size>
         <input_file_ref idref="fl-11"/>
      </object_component>
      <object_component id="oc-1b4">
         <name>.text:SCI_clearOverflowStatus</name>
         <load_address>0x8d6f</load_address>
         <run_address>0x8d6f</run_address>
         <size>0x13</size>
         <input_file_ref idref="fl-5"/>
      </object_component>
      <object_component id="oc-286">
         <name>.text:SCI_enableModule</name>
         <load_address>0x8d82</load_address>
         <run_address>0x8d82</run_address>
         <size>0x13</size>
         <input_file_ref idref="fl-11"/>
      </object_component>
      <object_component id="oc-1ea">
         <name>.text:SCI_enableModule</name>
         <load_address>0x8d95</load_address>
         <run_address>0x8d95</run_address>
         <size>0x13</size>
         <input_file_ref idref="fl-5"/>
      </object_component>
      <object_component id="oc-1f3">
         <name>.text:SCI_isBaseValid</name>
         <load_address>0x8da8</load_address>
         <run_address>0x8da8</run_address>
         <size>0x13</size>
         <input_file_ref idref="fl-11"/>
      </object_component>
      <object_component id="oc-332">
         <name>.text:SCI_isBaseValid</name>
         <load_address>0x8dbb</load_address>
         <run_address>0x8dbb</run_address>
         <size>0x13</size>
         <input_file_ref idref="fl-4"/>
      </object_component>
      <object_component id="oc-275">
         <name>.text:SCI_isBaseValid</name>
         <load_address>0x8dce</load_address>
         <run_address>0x8dce</run_address>
         <size>0x13</size>
         <input_file_ref idref="fl-5"/>
      </object_component>
      <object_component id="oc-1d2">
         <name>.text:SCI_disableLoopback</name>
         <load_address>0x8de1</load_address>
         <run_address>0x8de1</run_address>
         <size>0x11</size>
         <input_file_ref idref="fl-5"/>
      </object_component>
      <object_component id="oc-fe">
         <name>.text:Device_initGPIO</name>
         <load_address>0x8df2</load_address>
         <run_address>0x8df2</run_address>
         <size>0x10</size>
         <input_file_ref idref="fl-6"/>
      </object_component>
      <object_component id="oc-214">
         <name>.text:SendInverterFrame</name>
         <load_address>0x8e02</load_address>
         <run_address>0x8e02</run_address>
         <size>0x10</size>
         <input_file_ref idref="fl-4"/>
      </object_component>
      <object_component id="oc-18b">
         <name>.text:Interrupt_disableGlobal</name>
         <load_address>0x8e12</load_address>
         <run_address>0x8e12</run_address>
         <size>0xd</size>
         <input_file_ref idref="fl-10"/>
      </object_component>
      <object_component id="oc-151">
         <name>.text:SysCtl_setLowSpeedClock</name>
         <load_address>0x8e1f</load_address>
         <run_address>0x8e1f</run_address>
         <size>0xd</size>
         <input_file_ref idref="fl-6"/>
      </object_component>
      <object_component id="oc-4e">
         <name>.text:decompress:ZI:__TI_zero_init_nomemset</name>
         <load_address>0x8e2c</load_address>
         <run_address>0x8e2c</run_address>
         <size>0xd</size>
         <input_file_ref idref="fl-22"/>
      </object_component>
      <object_component id="oc-8e">
         <name>.text</name>
         <load_address>0x8e39</load_address>
         <run_address>0x8e39</run_address>
         <size>0xc</size>
         <input_file_ref idref="fl-27"/>
      </object_component>
      <object_component id="oc-145">
         <name>.text:SysCtl_disableWatchdog</name>
         <load_address>0x8e45</load_address>
         <run_address>0x8e45</run_address>
         <size>0xb</size>
         <input_file_ref idref="fl-6"/>
      </object_component>
      <object_component id="oc-22e">
         <name>.text:SysCtl_isMCDClockFailureDetected</name>
         <load_address>0x8e50</load_address>
         <run_address>0x8e50</run_address>
         <size>0xb</size>
         <input_file_ref idref="fl-12"/>
      </object_component>
      <object_component id="oc-37">
         <name>.text:Interrupt_illegalOperationHandler</name>
         <load_address>0x8e5b</load_address>
         <run_address>0x8e5b</run_address>
         <size>0xa</size>
         <input_file_ref idref="fl-10"/>
      </object_component>
      <object_component id="oc-3d">
         <name>.text:Interrupt_nmiHandler</name>
         <load_address>0x8e65</load_address>
         <run_address>0x8e65</run_address>
         <size>0xa</size>
         <input_file_ref idref="fl-10"/>
      </object_component>
      <object_component id="oc-132">
         <name>.text</name>
         <load_address>0x8e6f</load_address>
         <run_address>0x8e6f</run_address>
         <size>0x9</size>
         <input_file_ref idref="fl-26"/>
      </object_component>
      <object_component id="oc-1f">
         <name>.text:decompress:none</name>
         <load_address>0x8e78</load_address>
         <run_address>0x8e78</run_address>
         <size>0x8</size>
         <input_file_ref idref="fl-23"/>
      </object_component>
      <object_component id="oc-5a">
         <name>.text</name>
         <load_address>0x8e80</load_address>
         <run_address>0x8e80</run_address>
         <size>0x8</size>
         <input_file_ref idref="fl-7"/>
      </object_component>
      <object_component id="oc-176">
         <name>.text:ASysCtl_lockVREG</name>
         <load_address>0x8e88</load_address>
         <run_address>0x8e88</run_address>
         <size>0x7</size>
         <input_file_ref idref="fl-6"/>
      </object_component>
      <object_component id="oc-346">
         <name>.text:SysCtl_resetMCD</name>
         <load_address>0x8e8f</load_address>
         <run_address>0x8e8f</run_address>
         <size>0x7</size>
         <input_file_ref idref="fl-12"/>
      </object_component>
      <object_component id="oc-15e">
         <name>.text:__error__</name>
         <load_address>0x8e96</load_address>
         <run_address>0x8e96</run_address>
         <size>0x7</size>
         <input_file_ref idref="fl-6"/>
      </object_component>
      <object_component id="oc-10a">
         <name>.text:Board_init</name>
         <load_address>0x8e9d</load_address>
         <run_address>0x8e9d</run_address>
         <size>0x5</size>
         <input_file_ref idref="fl-2"/>
      </object_component>
      <object_component id="oc-125">
         <name>.text:ProtocolTask</name>
         <load_address>0x8ea2</load_address>
         <run_address>0x8ea2</run_address>
         <size>0x5</size>
         <input_file_ref idref="fl-4"/>
      </object_component>
      <object_component id="oc-16a">
         <name>.text:SysCtl_deviceCal</name>
         <load_address>0x8ea7</load_address>
         <run_address>0x8ea7</run_address>
         <size>0x4</size>
         <input_file_ref idref="fl-6"/>
      </object_component>
      <object_component id="oc-110">
         <name>.text:C2000Ware_libraries_init</name>
         <load_address>0x8eab</load_address>
         <run_address>0x8eab</run_address>
         <size>0x1</size>
         <input_file_ref idref="fl-3"/>
      </object_component>
      <object_component id="oc-192">
         <name>.text:PinMux_init</name>
         <load_address>0x8eac</load_address>
         <run_address>0x8eac</run_address>
         <size>0x1</size>
         <input_file_ref idref="fl-2"/>
      </object_component>
      <object_component id="oc-e3">
         <name>.text</name>
         <load_address>0x8ead</load_address>
         <run_address>0x8ead</run_address>
         <size>0x1</size>
         <input_file_ref idref="fl-2b"/>
      </object_component>
      <object_component id="oc-394">
         <name>.cinit..data.load</name>
         <load_address>0x12c</load_address>
         <run_address>0x12c</run_address>
         <size>0x30</size>
      </object_component>
      <object_component id="oc-391">
         <name>__TI_handler_table</name>
         <load_address>0x15c</load_address>
         <run_address>0x15c</run_address>
         <size>0x6</size>
      </object_component>
      <object_component id="oc-393">
         <name>.cinit..bss.load</name>
         <load_address>0x162</load_address>
         <run_address>0x162</run_address>
         <size>0x4</size>
      </object_component>
      <object_component id="oc-392">
         <name>__TI_cinit_table</name>
         <load_address>0x166</load_address>
         <run_address>0x166</run_address>
         <size>0x8</size>
      </object_component>
      <object_component id="oc-43">
         <name>.stack</name>
         <uninitialized>true</uninitialized>
         <run_address>0x400</run_address>
         <size>0x0</size>
         <input_file_ref idref="fl-1e"/>
      </object_component>
      <object_component id="oc-395">
         <name>.stack</name>
         <uninitialized>true</uninitialized>
         <run_address>0x400</run_address>
         <size>0x0</size>
      </object_component>
      <object_component id="oc-299">
         <name>.bss:frame8</name>
         <uninitialized>true</uninitialized>
         <run_address>0xa900</run_address>
         <size>0x100</size>
         <input_file_ref idref="fl-4"/>
      </object_component>
      <object_component id="oc-2b5">
         <name>.bss:frame16</name>
         <uninitialized>true</uninitialized>
         <run_address>0xa800</run_address>
         <size>0x100</size>
         <input_file_ref idref="fl-4"/>
      </object_component>
      <object_component id="oc-22d">
         <name>.const:.string</name>
         <load_address>0xaa38</load_address>
         <run_address>0xaa38</run_address>
         <size>0x9a</size>
         <input_file_ref idref="fl-12"/>
      </object_component>
      <object_component id="oc-256">
         <name>.const:.string</name>
         <load_address>0xaad2</load_address>
         <run_address>0xaad2</run_address>
         <size>0x98</size>
         <input_file_ref idref="fl-f"/>
      </object_component>
      <object_component id="oc-1f9">
         <name>.const:.string</name>
         <load_address>0xab6a</load_address>
         <run_address>0xab6a</run_address>
         <size>0x97</size>
         <input_file_ref idref="fl-11"/>
      </object_component>
      <object_component id="oc-15d">
         <name>.const:.string</name>
         <load_address>0xac02</load_address>
         <run_address>0xac02</run_address>
         <size>0x53</size>
         <input_file_ref idref="fl-6"/>
      </object_component>
      <object_component id="oc-338">
         <name>.const:.string</name>
         <load_address>0xac56</load_address>
         <run_address>0xac56</run_address>
         <size>0x3d</size>
         <input_file_ref idref="fl-4"/>
      </object_component>
      <object_component id="oc-27b">
         <name>.const:.string</name>
         <load_address>0xac94</load_address>
         <run_address>0xac94</run_address>
         <size>0x3d</size>
         <input_file_ref idref="fl-5"/>
      </object_component>
      <object_component id="oc-11c">
         <name>.const:$P$T0$1</name>
         <load_address>0xacd1</load_address>
         <run_address>0xacd1</run_address>
         <size>0x16</size>
         <input_file_ref idref="fl-5"/>
      </object_component>
      <object_component id="oc-2ab">
         <name>.data</name>
         <load_address>0xaa00</load_address>
         <run_address>0xaa00</run_address>
         <size>0x26</size>
         <input_file_ref idref="fl-4"/>
      </object_component>
      <object_component id="oc-2a8">
         <name>.data:gErrorList</name>
         <load_address>0xaa26</load_address>
         <run_address>0xaa26</run_address>
         <size>0x8</size>
         <input_file_ref idref="fl-4"/>
      </object_component>
      <object_component id="oc-d8">
         <name>.data</name>
         <load_address>0xaa2e</load_address>
         <run_address>0xaa2e</run_address>
         <size>0x6</size>
         <input_file_ref idref="fl-25"/>
      </object_component>
      <object_component id="oc-db">
         <name>.data:_lock</name>
         <load_address>0xaa34</load_address>
         <run_address>0xaa34</run_address>
         <size>0x2</size>
         <input_file_ref idref="fl-26"/>
      </object_component>
      <object_component id="oc-21f">
         <name>.data:_unlock</name>
         <load_address>0xaa36</load_address>
         <run_address>0xaa36</run_address>
         <size>0x2</size>
         <input_file_ref idref="fl-26"/>
      </object_component>
      <object_component id="oc-199">
         <name>.debug_types</name>
         <load_address>0x0</load_address>
         <run_address>0x0</run_address>
         <size>0x2d9</size>
         <input_file_ref idref="fl-2"/>
      </object_component>
      <object_component id="oc-19b">
         <name>.debug_types</name>
         <load_address>0x0</load_address>
         <run_address>0x0</run_address>
         <size>0x0</size>
         <input_file_ref idref="fl-3"/>
      </object_component>
      <object_component id="oc-21b">
         <name>.debug_types</name>
         <load_address>0x2d9</load_address>
         <run_address>0x2d9</run_address>
         <size>0x2b7</size>
         <input_file_ref idref="fl-4"/>
      </object_component>
      <object_component id="oc-12c">
         <name>.debug_types</name>
         <load_address>0x590</load_address>
         <run_address>0x590</run_address>
         <size>0x43a</size>
         <input_file_ref idref="fl-5"/>
      </object_component>
      <object_component id="oc-183">
         <name>.debug_types</name>
         <load_address>0x9ca</load_address>
         <run_address>0x9ca</run_address>
         <size>0xccb</size>
         <input_file_ref idref="fl-6"/>
      </object_component>
      <object_component id="oc-258">
         <name>.debug_types</name>
         <load_address>0x1695</load_address>
         <run_address>0x1695</run_address>
         <size>0x388</size>
         <input_file_ref idref="fl-f"/>
      </object_component>
      <object_component id="oc-61">
         <name>.debug_types</name>
         <load_address>0x0</load_address>
         <run_address>0x0</run_address>
         <size>0x0</size>
         <input_file_ref idref="fl-10"/>
      </object_component>
      <object_component id="oc-20d">
         <name>.debug_types</name>
         <load_address>0x1a1d</load_address>
         <run_address>0x1a1d</run_address>
         <size>0x2f</size>
         <input_file_ref idref="fl-11"/>
      </object_component>
      <object_component id="oc-248">
         <name>.debug_types</name>
         <load_address>0x1a4c</load_address>
         <run_address>0x1a4c</run_address>
         <size>0x788</size>
         <input_file_ref idref="fl-12"/>
      </object_component>
      <object_component id="oc-9f">
         <name>.debug_types</name>
         <load_address>0x0</load_address>
         <run_address>0x0</run_address>
         <size>0x0</size>
         <input_file_ref idref="fl-20"/>
      </object_component>
      <object_component id="oc-ea">
         <name>.debug_types</name>
         <load_address>0x21d4</load_address>
         <run_address>0x21d4</run_address>
         <size>0x4e8</size>
         <input_file_ref idref="fl-21"/>
      </object_component>
      <object_component id="oc-6e">
         <name>.debug_types</name>
         <load_address>0x26bc</load_address>
         <run_address>0x26bc</run_address>
         <size>0x1f3</size>
         <input_file_ref idref="fl-22"/>
      </object_component>
      <object_component id="oc-4d">
         <name>.debug_types</name>
         <load_address>0x0</load_address>
         <run_address>0x0</run_address>
         <size>0x0</size>
         <input_file_ref idref="fl-23"/>
      </object_component>
      <object_component id="oc-45">
         <name>.debug_types</name>
         <load_address>0x28af</load_address>
         <run_address>0x28af</run_address>
         <size>0x191</size>
         <input_file_ref idref="fl-24"/>
      </object_component>
      <object_component id="oc-df">
         <name>.debug_types</name>
         <load_address>0x2a40</load_address>
         <run_address>0x2a40</run_address>
         <size>0xbf</size>
         <input_file_ref idref="fl-25"/>
      </object_component>
      <object_component id="oc-13a">
         <name>.debug_types</name>
         <load_address>0x2aff</load_address>
         <run_address>0x2aff</run_address>
         <size>0x2f</size>
         <input_file_ref idref="fl-26"/>
      </object_component>
      <object_component id="oc-d7">
         <name>.debug_types</name>
         <load_address>0x2b2e</load_address>
         <run_address>0x2b2e</run_address>
         <size>0xe1</size>
         <input_file_ref idref="fl-27"/>
      </object_component>
      <object_component id="oc-69">
         <name>.debug_types</name>
         <load_address>0x2c0f</load_address>
         <run_address>0x2c0f</run_address>
         <size>0xb8</size>
         <input_file_ref idref="fl-2a"/>
      </object_component>
      <object_component id="oc-13f">
         <name>.debug_types</name>
         <load_address>0x0</load_address>
         <run_address>0x0</run_address>
         <size>0x0</size>
         <input_file_ref idref="fl-2b"/>
      </object_component>
      <object_component id="oc-10b">
         <name>.debug_info</name>
         <load_address>0x0</load_address>
         <run_address>0x0</run_address>
         <size>0x10f</size>
         <input_file_ref idref="fl-2"/>
      </object_component>
      <object_component id="oc-193">
         <name>.debug_info</name>
         <load_address>0x10f</load_address>
         <run_address>0x10f</run_address>
         <size>0x100</size>
         <input_file_ref idref="fl-2"/>
      </object_component>
      <object_component id="oc-111">
         <name>.debug_info</name>
         <load_address>0x20f</load_address>
         <run_address>0x20f</run_address>
         <size>0x136</size>
         <input_file_ref idref="fl-3"/>
      </object_component>
      <object_component id="oc-2ac">
         <name>.debug_info</name>
         <load_address>0x345</load_address>
         <run_address>0x345</run_address>
         <size>0x6d0</size>
         <input_file_ref idref="fl-4"/>
      </object_component>
      <object_component id="oc-2a9">
         <name>.debug_info</name>
         <load_address>0xa15</load_address>
         <run_address>0xa15</run_address>
         <size>0xe8</size>
         <input_file_ref idref="fl-4"/>
      </object_component>
      <object_component id="oc-29a">
         <name>.debug_info</name>
         <load_address>0xafd</load_address>
         <run_address>0xafd</run_address>
         <size>0xe0</size>
         <input_file_ref idref="fl-4"/>
      </object_component>
      <object_component id="oc-2b6">
         <name>.debug_info</name>
         <load_address>0xbdd</load_address>
         <run_address>0xbdd</run_address>
         <size>0xe2</size>
         <input_file_ref idref="fl-4"/>
      </object_component>
      <object_component id="oc-336">
         <name>.debug_info</name>
         <load_address>0xcbf</load_address>
         <run_address>0xcbf</run_address>
         <size>0x167</size>
         <input_file_ref idref="fl-4"/>
      </object_component>
      <object_component id="oc-33d">
         <name>.debug_info</name>
         <load_address>0xe26</load_address>
         <run_address>0xe26</run_address>
         <size>0x191</size>
         <input_file_ref idref="fl-4"/>
      </object_component>
      <object_component id="oc-2bc">
         <name>.debug_info</name>
         <load_address>0xfb7</load_address>
         <run_address>0xfb7</run_address>
         <size>0x1b0</size>
         <input_file_ref idref="fl-4"/>
      </object_component>
      <object_component id="oc-2a0">
         <name>.debug_info</name>
         <load_address>0x1167</load_address>
         <run_address>0x1167</run_address>
         <size>0x148</size>
         <input_file_ref idref="fl-4"/>
      </object_component>
      <object_component id="oc-2a6">
         <name>.debug_info</name>
         <load_address>0x12af</load_address>
         <run_address>0x12af</run_address>
         <size>0x148</size>
         <input_file_ref idref="fl-4"/>
      </object_component>
      <object_component id="oc-212">
         <name>.debug_info</name>
         <load_address>0x13f7</load_address>
         <run_address>0x13f7</run_address>
         <size>0x318</size>
         <input_file_ref idref="fl-4"/>
      </object_component>
      <object_component id="oc-2b3">
         <name>.debug_info</name>
         <load_address>0x170f</load_address>
         <run_address>0x170f</run_address>
         <size>0x138</size>
         <input_file_ref idref="fl-4"/>
      </object_component>
      <object_component id="oc-218">
         <name>.debug_info</name>
         <load_address>0x1847</load_address>
         <run_address>0x1847</run_address>
         <size>0x166</size>
         <input_file_ref idref="fl-4"/>
      </object_component>
      <object_component id="oc-129">
         <name>.debug_info</name>
         <load_address>0x19ad</load_address>
         <run_address>0x19ad</run_address>
         <size>0x141</size>
         <input_file_ref idref="fl-4"/>
      </object_component>
      <object_component id="oc-11d">
         <name>.debug_info</name>
         <load_address>0x1aee</load_address>
         <run_address>0x1aee</run_address>
         <size>0xd5</size>
         <input_file_ref idref="fl-5"/>
      </object_component>
      <object_component id="oc-276">
         <name>.debug_info</name>
         <load_address>0x1bc3</load_address>
         <run_address>0x1bc3</run_address>
         <size>0x15a</size>
         <input_file_ref idref="fl-5"/>
      </object_component>
      <object_component id="oc-1df">
         <name>.debug_info</name>
         <load_address>0x1d1d</load_address>
         <run_address>0x1d1d</run_address>
         <size>0x1da</size>
         <input_file_ref idref="fl-5"/>
      </object_component>
      <object_component id="oc-1eb">
         <name>.debug_info</name>
         <load_address>0x1ef7</load_address>
         <run_address>0x1ef7</run_address>
         <size>0x17a</size>
         <input_file_ref idref="fl-5"/>
      </object_component>
      <object_component id="oc-1e5">
         <name>.debug_info</name>
         <load_address>0x2071</load_address>
         <run_address>0x2071</run_address>
         <size>0x176</size>
         <input_file_ref idref="fl-5"/>
      </object_component>
      <object_component id="oc-1c3">
         <name>.debug_info</name>
         <load_address>0x21e7</load_address>
         <run_address>0x21e7</run_address>
         <size>0x178</size>
         <input_file_ref idref="fl-5"/>
      </object_component>
      <object_component id="oc-1bc">
         <name>.debug_info</name>
         <load_address>0x235f</load_address>
         <run_address>0x235f</run_address>
         <size>0x178</size>
         <input_file_ref idref="fl-5"/>
      </object_component>
      <object_component id="oc-1c8">
         <name>.debug_info</name>
         <load_address>0x24d7</load_address>
         <run_address>0x24d7</run_address>
         <size>0x17c</size>
         <input_file_ref idref="fl-5"/>
      </object_component>
      <object_component id="oc-1da">
         <name>.debug_info</name>
         <load_address>0x2653</load_address>
         <run_address>0x2653</run_address>
         <size>0x18a</size>
         <input_file_ref idref="fl-5"/>
      </object_component>
      <object_component id="oc-1d4">
         <name>.debug_info</name>
         <load_address>0x27dd</load_address>
         <run_address>0x27dd</run_address>
         <size>0x180</size>
         <input_file_ref idref="fl-5"/>
      </object_component>
      <object_component id="oc-1b6">
         <name>.debug_info</name>
         <load_address>0x295d</load_address>
         <run_address>0x295d</run_address>
         <size>0x188</size>
         <input_file_ref idref="fl-5"/>
      </object_component>
      <object_component id="oc-119">
         <name>.debug_info</name>
         <load_address>0x2ae5</load_address>
         <run_address>0x2ae5</run_address>
         <size>0x29f</size>
         <input_file_ref idref="fl-5"/>
      </object_component>
      <object_component id="oc-d2">
         <name>.debug_info</name>
         <load_address>0x2d84</load_address>
         <run_address>0x2d84</run_address>
         <size>0x1be</size>
         <input_file_ref idref="fl-5"/>
      </object_component>
      <object_component id="oc-177">
         <name>.debug_info</name>
         <load_address>0x2f42</load_address>
         <run_address>0x2f42</run_address>
         <size>0x142</size>
         <input_file_ref idref="fl-6"/>
      </object_component>
      <object_component id="oc-16d">
         <name>.debug_info</name>
         <load_address>0x3084</load_address>
         <run_address>0x3084</run_address>
         <size>0x146</size>
         <input_file_ref idref="fl-6"/>
      </object_component>
      <object_component id="oc-250">
         <name>.debug_info</name>
         <load_address>0x31ca</load_address>
         <run_address>0x31ca</run_address>
         <size>0x1a6</size>
         <input_file_ref idref="fl-6"/>
      </object_component>
      <object_component id="oc-153">
         <name>.debug_info</name>
         <load_address>0x3370</load_address>
         <run_address>0x3370</run_address>
         <size>0x17a</size>
         <input_file_ref idref="fl-6"/>
      </object_component>
      <object_component id="oc-147">
         <name>.debug_info</name>
         <load_address>0x34ea</load_address>
         <run_address>0x34ea</run_address>
         <size>0x14d</size>
         <input_file_ref idref="fl-6"/>
      </object_component>
      <object_component id="oc-186">
         <name>.debug_info</name>
         <load_address>0x3637</load_address>
         <run_address>0x3637</run_address>
         <size>0x1a9</size>
         <input_file_ref idref="fl-6"/>
      </object_component>
      <object_component id="oc-fa">
         <name>.debug_info</name>
         <load_address>0x37e0</load_address>
         <run_address>0x37e0</run_address>
         <size>0x223</size>
         <input_file_ref idref="fl-6"/>
      </object_component>
      <object_component id="oc-171">
         <name>.debug_info</name>
         <load_address>0x3a03</load_address>
         <run_address>0x3a03</run_address>
         <size>0x780</size>
         <input_file_ref idref="fl-6"/>
      </object_component>
      <object_component id="oc-100">
         <name>.debug_info</name>
         <load_address>0x4183</load_address>
         <run_address>0x4183</run_address>
         <size>0x161</size>
         <input_file_ref idref="fl-6"/>
      </object_component>
      <object_component id="oc-15f">
         <name>.debug_info</name>
         <load_address>0x42e4</load_address>
         <run_address>0x42e4</run_address>
         <size>0x150</size>
         <input_file_ref idref="fl-6"/>
      </object_component>
      <object_component id="oc-29">
         <name>.debug_info</name>
         <load_address>0x4434</load_address>
         <run_address>0x4434</run_address>
         <size>0x103</size>
         <input_file_ref idref="fl-7"/>
      </object_component>
      <object_component id="oc-5d">
         <name>.debug_info</name>
         <load_address>0x4537</load_address>
         <run_address>0x4537</run_address>
         <size>0x104</size>
         <input_file_ref idref="fl-7"/>
      </object_component>
      <object_component id="oc-26a">
         <name>.debug_info</name>
         <load_address>0x463b</load_address>
         <run_address>0x463b</run_address>
         <size>0x1ca</size>
         <input_file_ref idref="fl-f"/>
      </object_component>
      <object_component id="oc-1a4">
         <name>.debug_info</name>
         <load_address>0x4805</load_address>
         <run_address>0x4805</run_address>
         <size>0x22b</size>
         <input_file_ref idref="fl-f"/>
      </object_component>
      <object_component id="oc-1aa">
         <name>.debug_info</name>
         <load_address>0x4a30</load_address>
         <run_address>0x4a30</run_address>
         <size>0x273</size>
         <input_file_ref idref="fl-f"/>
      </object_component>
      <object_component id="oc-180">
         <name>.debug_info</name>
         <load_address>0x4ca3</load_address>
         <run_address>0x4ca3</run_address>
         <size>0x227</size>
         <input_file_ref idref="fl-f"/>
      </object_component>
      <object_component id="oc-19f">
         <name>.debug_info</name>
         <load_address>0x4eca</load_address>
         <run_address>0x4eca</run_address>
         <size>0x214</size>
         <input_file_ref idref="fl-f"/>
      </object_component>
      <object_component id="oc-18c">
         <name>.debug_info</name>
         <load_address>0x50de</load_address>
         <run_address>0x50de</run_address>
         <size>0x1c5</size>
         <input_file_ref idref="fl-10"/>
      </object_component>
      <object_component id="oc-105">
         <name>.debug_info</name>
         <load_address>0x52a3</load_address>
         <run_address>0x52a3</run_address>
         <size>0x1d4</size>
         <input_file_ref idref="fl-10"/>
      </object_component>
      <object_component id="oc-2c">
         <name>.debug_info</name>
         <load_address>0x5477</load_address>
         <run_address>0x5477</run_address>
         <size>0x1e1</size>
         <input_file_ref idref="fl-10"/>
      </object_component>
      <object_component id="oc-3a">
         <name>.debug_info</name>
         <load_address>0x5658</load_address>
         <run_address>0x5658</run_address>
         <size>0x1c7</size>
         <input_file_ref idref="fl-10"/>
      </object_component>
      <object_component id="oc-40">
         <name>.debug_info</name>
         <load_address>0x581f</load_address>
         <run_address>0x581f</run_address>
         <size>0x1ad</size>
         <input_file_ref idref="fl-10"/>
      </object_component>
      <object_component id="oc-33">
         <name>.debug_info</name>
         <load_address>0x59cc</load_address>
         <run_address>0x59cc</run_address>
         <size>0x1d1</size>
         <input_file_ref idref="fl-10"/>
      </object_component>
      <object_component id="oc-1f4">
         <name>.debug_info</name>
         <load_address>0x5b9d</load_address>
         <run_address>0x5b9d</run_address>
         <size>0x1ca</size>
         <input_file_ref idref="fl-11"/>
      </object_component>
      <object_component id="oc-287">
         <name>.debug_info</name>
         <load_address>0x5d67</load_address>
         <run_address>0x5d67</run_address>
         <size>0x1ea</size>
         <input_file_ref idref="fl-11"/>
      </object_component>
      <object_component id="oc-281">
         <name>.debug_info</name>
         <load_address>0x5f51</load_address>
         <run_address>0x5f51</run_address>
         <size>0x1ec</size>
         <input_file_ref idref="fl-11"/>
      </object_component>
      <object_component id="oc-1fb">
         <name>.debug_info</name>
         <load_address>0x613d</load_address>
         <run_address>0x613d</run_address>
         <size>0x1f4</size>
         <input_file_ref idref="fl-11"/>
      </object_component>
      <object_component id="oc-207">
         <name>.debug_info</name>
         <load_address>0x6331</load_address>
         <run_address>0x6331</run_address>
         <size>0x208</size>
         <input_file_ref idref="fl-11"/>
      </object_component>
      <object_component id="oc-201">
         <name>.debug_info</name>
         <load_address>0x6539</load_address>
         <run_address>0x6539</run_address>
         <size>0x1f8</size>
         <input_file_ref idref="fl-11"/>
      </object_component>
      <object_component id="oc-26f">
         <name>.debug_info</name>
         <load_address>0x6731</load_address>
         <run_address>0x6731</run_address>
         <size>0x1fa</size>
         <input_file_ref idref="fl-11"/>
      </object_component>
      <object_component id="oc-1cd">
         <name>.debug_info</name>
         <load_address>0x692b</load_address>
         <run_address>0x692b</run_address>
         <size>0x27a</size>
         <input_file_ref idref="fl-11"/>
      </object_component>
      <object_component id="oc-120">
         <name>.debug_info</name>
         <load_address>0x6ba5</load_address>
         <run_address>0x6ba5</run_address>
         <size>0x293</size>
         <input_file_ref idref="fl-11"/>
      </object_component>
      <object_component id="oc-1b0">
         <name>.debug_info</name>
         <load_address>0x6e38</load_address>
         <run_address>0x6e38</run_address>
         <size>0x22d</size>
         <input_file_ref idref="fl-11"/>
      </object_component>
      <object_component id="oc-2d9">
         <name>.debug_info</name>
         <load_address>0x7065</load_address>
         <run_address>0x7065</run_address>
         <size>0x210</size>
         <input_file_ref idref="fl-12"/>
      </object_component>
      <object_component id="oc-22f">
         <name>.debug_info</name>
         <load_address>0x7275</load_address>
         <run_address>0x7275</run_address>
         <size>0x1d3</size>
         <input_file_ref idref="fl-12"/>
      </object_component>
      <object_component id="oc-347">
         <name>.debug_info</name>
         <load_address>0x7448</load_address>
         <run_address>0x7448</run_address>
         <size>0x1a9</size>
         <input_file_ref idref="fl-12"/>
      </object_component>
      <object_component id="oc-23c">
         <name>.debug_info</name>
         <load_address>0x75f1</load_address>
         <run_address>0x75f1</run_address>
         <size>0x1d8</size>
         <input_file_ref idref="fl-12"/>
      </object_component>
      <object_component id="oc-351">
         <name>.debug_info</name>
         <load_address>0x77c9</load_address>
         <run_address>0x77c9</run_address>
         <size>0x1cd</size>
         <input_file_ref idref="fl-12"/>
      </object_component>
      <object_component id="oc-315">
         <name>.debug_info</name>
         <load_address>0x7996</load_address>
         <run_address>0x7996</run_address>
         <size>0x1eb</size>
         <input_file_ref idref="fl-12"/>
      </object_component>
      <object_component id="oc-2eb">
         <name>.debug_info</name>
         <load_address>0x7b81</load_address>
         <run_address>0x7b81</run_address>
         <size>0x1ed</size>
         <input_file_ref idref="fl-12"/>
      </object_component>
      <object_component id="oc-2f1">
         <name>.debug_info</name>
         <load_address>0x7d6e</load_address>
         <run_address>0x7d6e</run_address>
         <size>0x1f9</size>
         <input_file_ref idref="fl-12"/>
      </object_component>
      <object_component id="oc-2f8">
         <name>.debug_info</name>
         <load_address>0x7f67</load_address>
         <run_address>0x7f67</run_address>
         <size>0x1f7</size>
         <input_file_ref idref="fl-12"/>
      </object_component>
      <object_component id="oc-310">
         <name>.debug_info</name>
         <load_address>0x815e</load_address>
         <run_address>0x815e</run_address>
         <size>0x21e</size>
         <input_file_ref idref="fl-12"/>
      </object_component>
      <object_component id="oc-2e1">
         <name>.debug_info</name>
         <load_address>0x837c</load_address>
         <run_address>0x837c</run_address>
         <size>0x1f1</size>
         <input_file_ref idref="fl-12"/>
      </object_component>
      <object_component id="oc-2e6">
         <name>.debug_info</name>
         <load_address>0x856d</load_address>
         <run_address>0x856d</run_address>
         <size>0x1ef</size>
         <input_file_ref idref="fl-12"/>
      </object_component>
      <object_component id="oc-305">
         <name>.debug_info</name>
         <load_address>0x875c</load_address>
         <run_address>0x875c</run_address>
         <size>0x222</size>
         <input_file_ref idref="fl-12"/>
      </object_component>
      <object_component id="oc-2fe">
         <name>.debug_info</name>
         <load_address>0x897e</load_address>
         <run_address>0x897e</run_address>
         <size>0x222</size>
         <input_file_ref idref="fl-12"/>
      </object_component>
      <object_component id="oc-30a">
         <name>.debug_info</name>
         <load_address>0x8ba0</load_address>
         <run_address>0x8ba0</run_address>
         <size>0x291</size>
         <input_file_ref idref="fl-12"/>
      </object_component>
      <object_component id="oc-341">
         <name>.debug_info</name>
         <load_address>0x8e31</load_address>
         <run_address>0x8e31</run_address>
         <size>0x20d</size>
         <input_file_ref idref="fl-12"/>
      </object_component>
      <object_component id="oc-158">
         <name>.debug_info</name>
         <load_address>0x903e</load_address>
         <run_address>0x903e</run_address>
         <size>0x26c</size>
         <input_file_ref idref="fl-12"/>
      </object_component>
      <object_component id="oc-14d">
         <name>.debug_info</name>
         <load_address>0x92aa</load_address>
         <run_address>0x92aa</run_address>
         <size>0x3eb</size>
         <input_file_ref idref="fl-12"/>
      </object_component>
      <object_component id="oc-2c7">
         <name>.debug_info</name>
         <load_address>0x9695</load_address>
         <run_address>0x9695</run_address>
         <size>0x245</size>
         <input_file_ref idref="fl-12"/>
      </object_component>
      <object_component id="oc-2cd">
         <name>.debug_info</name>
         <load_address>0x98da</load_address>
         <run_address>0x98da</run_address>
         <size>0x216</size>
         <input_file_ref idref="fl-12"/>
      </object_component>
      <object_component id="oc-238">
         <name>.debug_info</name>
         <load_address>0x9af0</load_address>
         <run_address>0x9af0</run_address>
         <size>0x22a</size>
         <input_file_ref idref="fl-12"/>
      </object_component>
      <object_component id="oc-166">
         <name>.debug_info</name>
         <load_address>0x9d1a</load_address>
         <run_address>0x9d1a</run_address>
         <size>0x216</size>
         <input_file_ref idref="fl-12"/>
      </object_component>
      <object_component id="oc-244">
         <name>.debug_info</name>
         <load_address>0x9f30</load_address>
         <run_address>0x9f30</run_address>
         <size>0x4a1</size>
         <input_file_ref idref="fl-12"/>
      </object_component>
      <object_component id="oc-79">
         <name>.debug_info</name>
         <load_address>0xa3d1</load_address>
         <run_address>0xa3d1</run_address>
         <size>0x147</size>
         <input_file_ref idref="fl-1e"/>
      </object_component>
      <object_component id="oc-2d6">
         <name>.debug_info</name>
         <load_address>0xa518</load_address>
         <run_address>0xa518</run_address>
         <size>0x116</size>
         <input_file_ref idref="fl-1f"/>
      </object_component>
      <object_component id="oc-8a">
         <name>.debug_info</name>
         <load_address>0xa62e</load_address>
         <run_address>0xa62e</run_address>
         <size>0x13c</size>
         <input_file_ref idref="fl-20"/>
      </object_component>
      <object_component id="oc-a1">
         <name>.debug_info</name>
         <load_address>0xa76a</load_address>
         <run_address>0xa76a</run_address>
         <size>0x1ae</size>
         <input_file_ref idref="fl-21"/>
      </object_component>
      <object_component id="oc-51">
         <name>.debug_info</name>
         <load_address>0xa918</load_address>
         <run_address>0xa918</run_address>
         <size>0x1a5</size>
         <input_file_ref idref="fl-22"/>
      </object_component>
      <object_component id="oc-20">
         <name>.debug_info</name>
         <load_address>0xaabd</load_address>
         <run_address>0xaabd</run_address>
         <size>0x1a6</size>
         <input_file_ref idref="fl-23"/>
      </object_component>
      <object_component id="oc-1d">
         <name>.debug_info</name>
         <load_address>0xac63</load_address>
         <run_address>0xac63</run_address>
         <size>0x1fb</size>
         <input_file_ref idref="fl-24"/>
      </object_component>
      <object_component id="oc-d9">
         <name>.debug_info</name>
         <load_address>0xae5e</load_address>
         <run_address>0xae5e</run_address>
         <size>0x18d</size>
         <input_file_ref idref="fl-25"/>
      </object_component>
      <object_component id="oc-96">
         <name>.debug_info</name>
         <load_address>0xafeb</load_address>
         <run_address>0xafeb</run_address>
         <size>0x198</size>
         <input_file_ref idref="fl-25"/>
      </object_component>
      <object_component id="oc-dc">
         <name>.debug_info</name>
         <load_address>0xb183</load_address>
         <run_address>0xb183</run_address>
         <size>0xf6</size>
         <input_file_ref idref="fl-26"/>
      </object_component>
      <object_component id="oc-220">
         <name>.debug_info</name>
         <load_address>0xb279</load_address>
         <run_address>0xb279</run_address>
         <size>0xfa</size>
         <input_file_ref idref="fl-26"/>
      </object_component>
      <object_component id="oc-134">
         <name>.debug_info</name>
         <load_address>0xb373</load_address>
         <run_address>0xb373</run_address>
         <size>0x1f2</size>
         <input_file_ref idref="fl-26"/>
      </object_component>
      <object_component id="oc-8f">
         <name>.debug_info</name>
         <load_address>0xb565</load_address>
         <run_address>0xb565</run_address>
         <size>0x14c</size>
         <input_file_ref idref="fl-27"/>
      </object_component>
      <object_component id="oc-48">
         <name>.debug_info</name>
         <load_address>0xb6b1</load_address>
         <run_address>0xb6b1</run_address>
         <size>0x18a</size>
         <input_file_ref idref="fl-2a"/>
      </object_component>
      <object_component id="oc-e4">
         <name>.debug_info</name>
         <load_address>0xb83b</load_address>
         <run_address>0xb83b</run_address>
         <size>0x136</size>
         <input_file_ref idref="fl-2b"/>
      </object_component>
      <object_component id="oc-398">
         <name>.debug_info</name>
         <load_address>0xb971</load_address>
         <run_address>0xb971</run_address>
         <size>0xa3</size>
      </object_component>
      <object_component id="oc-10e">
         <name>.debug_line</name>
         <load_address>0x0</load_address>
         <run_address>0x0</run_address>
         <size>0x48</size>
         <input_file_ref idref="fl-2"/>
      </object_component>
      <object_component id="oc-196">
         <name>.debug_line</name>
         <load_address>0x48</load_address>
         <run_address>0x48</run_address>
         <size>0x41</size>
         <input_file_ref idref="fl-2"/>
      </object_component>
      <object_component id="oc-260">
         <name>.debug_line</name>
         <load_address>0x89</load_address>
         <run_address>0x89</run_address>
         <size>0x21</size>
         <input_file_ref idref="fl-2"/>
      </object_component>
      <object_component id="oc-115">
         <name>.debug_line</name>
         <load_address>0xaa</load_address>
         <run_address>0xaa</run_address>
         <size>0x4f</size>
         <input_file_ref idref="fl-3"/>
      </object_component>
      <object_component id="oc-263">
         <name>.debug_line</name>
         <load_address>0xf9</load_address>
         <run_address>0xf9</run_address>
         <size>0x21</size>
         <input_file_ref idref="fl-3"/>
      </object_component>
      <object_component id="oc-32e">
         <name>.debug_line</name>
         <load_address>0x11a</load_address>
         <run_address>0x11a</run_address>
         <size>0x3b</size>
         <input_file_ref idref="fl-4"/>
      </object_component>
      <object_component id="oc-32c">
         <name>.debug_line</name>
         <load_address>0x155</load_address>
         <run_address>0x155</run_address>
         <size>0x3b</size>
         <input_file_ref idref="fl-4"/>
      </object_component>
      <object_component id="oc-328">
         <name>.debug_line</name>
         <load_address>0x190</load_address>
         <run_address>0x190</run_address>
         <size>0x3b</size>
         <input_file_ref idref="fl-4"/>
      </object_component>
      <object_component id="oc-331">
         <name>.debug_line</name>
         <load_address>0x1cb</load_address>
         <run_address>0x1cb</run_address>
         <size>0x3b</size>
         <input_file_ref idref="fl-4"/>
      </object_component>
      <object_component id="oc-335">
         <name>.debug_line</name>
         <load_address>0x206</load_address>
         <run_address>0x206</run_address>
         <size>0x77</size>
         <input_file_ref idref="fl-4"/>
      </object_component>
      <object_component id="oc-33b">
         <name>.debug_line</name>
         <load_address>0x27d</load_address>
         <run_address>0x27d</run_address>
         <size>0x78</size>
         <input_file_ref idref="fl-4"/>
      </object_component>
      <object_component id="oc-2bb">
         <name>.debug_line</name>
         <load_address>0x2f5</load_address>
         <run_address>0x2f5</run_address>
         <size>0x7c</size>
         <input_file_ref idref="fl-4"/>
      </object_component>
      <object_component id="oc-29f">
         <name>.debug_line</name>
         <load_address>0x371</load_address>
         <run_address>0x371</run_address>
         <size>0x52</size>
         <input_file_ref idref="fl-4"/>
      </object_component>
      <object_component id="oc-2a4">
         <name>.debug_line</name>
         <load_address>0x3c3</load_address>
         <run_address>0x3c3</run_address>
         <size>0x54</size>
         <input_file_ref idref="fl-4"/>
      </object_component>
      <object_component id="oc-211">
         <name>.debug_line</name>
         <load_address>0x417</load_address>
         <run_address>0x417</run_address>
         <size>0x8b</size>
         <input_file_ref idref="fl-4"/>
      </object_component>
      <object_component id="oc-2b2">
         <name>.debug_line</name>
         <load_address>0x4a2</load_address>
         <run_address>0x4a2</run_address>
         <size>0x5d</size>
         <input_file_ref idref="fl-4"/>
      </object_component>
      <object_component id="oc-217">
         <name>.debug_line</name>
         <load_address>0x4ff</load_address>
         <run_address>0x4ff</run_address>
         <size>0x53</size>
         <input_file_ref idref="fl-4"/>
      </object_component>
      <object_component id="oc-127">
         <name>.debug_line</name>
         <load_address>0x552</load_address>
         <run_address>0x552</run_address>
         <size>0x52</size>
         <input_file_ref idref="fl-4"/>
      </object_component>
      <object_component id="oc-2c0">
         <name>.debug_line</name>
         <load_address>0x5a4</load_address>
         <run_address>0x5a4</run_address>
         <size>0x21</size>
         <input_file_ref idref="fl-4"/>
      </object_component>
      <object_component id="oc-1f2">
         <name>.debug_line</name>
         <load_address>0x5c5</load_address>
         <run_address>0x5c5</run_address>
         <size>0x2e</size>
         <input_file_ref idref="fl-5"/>
      </object_component>
      <object_component id="oc-27a">
         <name>.debug_line</name>
         <load_address>0x5f3</load_address>
         <run_address>0x5f3</run_address>
         <size>0x77</size>
         <input_file_ref idref="fl-5"/>
      </object_component>
      <object_component id="oc-1e2">
         <name>.debug_line</name>
         <load_address>0x66a</load_address>
         <run_address>0x66a</run_address>
         <size>0x79</size>
         <input_file_ref idref="fl-5"/>
      </object_component>
      <object_component id="oc-1ef">
         <name>.debug_line</name>
         <load_address>0x6e3</load_address>
         <run_address>0x6e3</run_address>
         <size>0x78</size>
         <input_file_ref idref="fl-5"/>
      </object_component>
      <object_component id="oc-1e9">
         <name>.debug_line</name>
         <load_address>0x75b</load_address>
         <run_address>0x75b</run_address>
         <size>0x7a</size>
         <input_file_ref idref="fl-5"/>
      </object_component>
      <object_component id="oc-1c1">
         <name>.debug_line</name>
         <load_address>0x7d5</load_address>
         <run_address>0x7d5</run_address>
         <size>0x79</size>
         <input_file_ref idref="fl-5"/>
      </object_component>
      <object_component id="oc-1bb">
         <name>.debug_line</name>
         <load_address>0x84e</load_address>
         <run_address>0x84e</run_address>
         <size>0x79</size>
         <input_file_ref idref="fl-5"/>
      </object_component>
      <object_component id="oc-1c7">
         <name>.debug_line</name>
         <load_address>0x8c7</load_address>
         <run_address>0x8c7</run_address>
         <size>0x79</size>
         <input_file_ref idref="fl-5"/>
      </object_component>
      <object_component id="oc-1d9">
         <name>.debug_line</name>
         <load_address>0x940</load_address>
         <run_address>0x940</run_address>
         <size>0x79</size>
         <input_file_ref idref="fl-5"/>
      </object_component>
      <object_component id="oc-1d3">
         <name>.debug_line</name>
         <load_address>0x9b9</load_address>
         <run_address>0x9b9</run_address>
         <size>0x78</size>
         <input_file_ref idref="fl-5"/>
      </object_component>
      <object_component id="oc-1b5">
         <name>.debug_line</name>
         <load_address>0xa31</load_address>
         <run_address>0xa31</run_address>
         <size>0x78</size>
         <input_file_ref idref="fl-5"/>
      </object_component>
      <object_component id="oc-117">
         <name>.debug_line</name>
         <load_address>0xaa9</load_address>
         <run_address>0xaa9</run_address>
         <size>0x59</size>
         <input_file_ref idref="fl-5"/>
      </object_component>
      <object_component id="oc-d1">
         <name>.debug_line</name>
         <load_address>0xb02</load_address>
         <run_address>0xb02</run_address>
         <size>0x53</size>
         <input_file_ref idref="fl-5"/>
      </object_component>
      <object_component id="oc-21d">
         <name>.debug_line</name>
         <load_address>0xb55</load_address>
         <run_address>0xb55</run_address>
         <size>0xa4</size>
         <input_file_ref idref="fl-5"/>
      </object_component>
      <object_component id="oc-17b">
         <name>.debug_line</name>
         <load_address>0xbf9</load_address>
         <run_address>0xbf9</run_address>
         <size>0x7d</size>
         <input_file_ref idref="fl-6"/>
      </object_component>
      <object_component id="oc-16b">
         <name>.debug_line</name>
         <load_address>0xc76</load_address>
         <run_address>0xc76</run_address>
         <size>0x7a</size>
         <input_file_ref idref="fl-6"/>
      </object_component>
      <object_component id="oc-24f">
         <name>.debug_line</name>
         <load_address>0xcf0</load_address>
         <run_address>0xcf0</run_address>
         <size>0x7e</size>
         <input_file_ref idref="fl-6"/>
      </object_component>
      <object_component id="oc-156">
         <name>.debug_line</name>
         <load_address>0xd6e</load_address>
         <run_address>0xd6e</run_address>
         <size>0x7c</size>
         <input_file_ref idref="fl-6"/>
      </object_component>
      <object_component id="oc-146">
         <name>.debug_line</name>
         <load_address>0xdea</load_address>
         <run_address>0xdea</run_address>
         <size>0x7d</size>
         <input_file_ref idref="fl-6"/>
      </object_component>
      <object_component id="oc-185">
         <name>.debug_line</name>
         <load_address>0xe67</load_address>
         <run_address>0xe67</run_address>
         <size>0x7b</size>
         <input_file_ref idref="fl-6"/>
      </object_component>
      <object_component id="oc-f9">
         <name>.debug_line</name>
         <load_address>0xee2</load_address>
         <run_address>0xee2</run_address>
         <size>0x5c</size>
         <input_file_ref idref="fl-6"/>
      </object_component>
      <object_component id="oc-174">
         <name>.debug_line</name>
         <load_address>0xf3e</load_address>
         <run_address>0xf3e</run_address>
         <size>0x84</size>
         <input_file_ref idref="fl-6"/>
      </object_component>
      <object_component id="oc-ff">
         <name>.debug_line</name>
         <load_address>0xfc2</load_address>
         <run_address>0xfc2</run_address>
         <size>0x4f</size>
         <input_file_ref idref="fl-6"/>
      </object_component>
      <object_component id="oc-162">
         <name>.debug_line</name>
         <load_address>0x1011</load_address>
         <run_address>0x1011</run_address>
         <size>0x4d</size>
         <input_file_ref idref="fl-6"/>
      </object_component>
      <object_component id="oc-25a">
         <name>.debug_line</name>
         <load_address>0x105e</load_address>
         <run_address>0x105e</run_address>
         <size>0xa5</size>
         <input_file_ref idref="fl-6"/>
      </object_component>
      <object_component id="oc-27">
         <name>.debug_line</name>
         <load_address>0x1103</load_address>
         <run_address>0x1103</run_address>
         <size>0x55</size>
         <input_file_ref idref="fl-7"/>
      </object_component>
      <object_component id="oc-5b">
         <name>.debug_line</name>
         <load_address>0x1158</load_address>
         <run_address>0x1158</run_address>
         <size>0x5d</size>
         <input_file_ref idref="fl-7"/>
      </object_component>
      <object_component id="oc-268">
         <name>.debug_line</name>
         <load_address>0x11b5</load_address>
         <run_address>0x11b5</run_address>
         <size>0x86</size>
         <input_file_ref idref="fl-f"/>
      </object_component>
      <object_component id="oc-1a7">
         <name>.debug_line</name>
         <load_address>0x123b</load_address>
         <run_address>0x123b</run_address>
         <size>0x9f</size>
         <input_file_ref idref="fl-f"/>
      </object_component>
      <object_component id="oc-1ad">
         <name>.debug_line</name>
         <load_address>0x12da</load_address>
         <run_address>0x12da</run_address>
         <size>0x8d</size>
         <input_file_ref idref="fl-f"/>
      </object_component>
      <object_component id="oc-17f">
         <name>.debug_line</name>
         <load_address>0x1367</load_address>
         <run_address>0x1367</run_address>
         <size>0x9f</size>
         <input_file_ref idref="fl-f"/>
      </object_component>
      <object_component id="oc-1a1">
         <name>.debug_line</name>
         <load_address>0x1406</load_address>
         <run_address>0x1406</run_address>
         <size>0x8d</size>
         <input_file_ref idref="fl-f"/>
      </object_component>
      <object_component id="oc-320">
         <name>.debug_line</name>
         <load_address>0x1493</load_address>
         <run_address>0x1493</run_address>
         <size>0xc0</size>
         <input_file_ref idref="fl-f"/>
      </object_component>
      <object_component id="oc-18f">
         <name>.debug_line</name>
         <load_address>0x1553</load_address>
         <run_address>0x1553</run_address>
         <size>0x8b</size>
         <input_file_ref idref="fl-10"/>
      </object_component>
      <object_component id="oc-109">
         <name>.debug_line</name>
         <load_address>0x15de</load_address>
         <run_address>0x15de</run_address>
         <size>0xa6</size>
         <input_file_ref idref="fl-10"/>
      </object_component>
      <object_component id="oc-36">
         <name>.debug_line</name>
         <load_address>0x1684</load_address>
         <run_address>0x1684</run_address>
         <size>0x91</size>
         <input_file_ref idref="fl-10"/>
      </object_component>
      <object_component id="oc-38">
         <name>.debug_line</name>
         <load_address>0x1715</load_address>
         <run_address>0x1715</run_address>
         <size>0x89</size>
[...]
         </usage_details>
      </memory_area>
      <memory_area display="yes" color="green">
         <name>FLASH_BANK2_SEC12</name>
         <page_id>0x0</page_id>
         <origin>0xac000</origin>
         <length>0x1000</length>
         <used_space>0x0</used_space>
         <unused_space>0x1000</unused_space>
         <attributes>RWIX</attributes>
         <usage_details>
         </usage_details>
      </memory_area>
      <memory_area display="yes" color="green">
         <name>FLASH_BANK2_SEC13</name>
         <page_id>0x0</page_id>
         <origin>0xad000</origin>
         <length>0x1000</length>
         <used_space>0x0</used_space>
         <unused_space>0x1000</unused_space>
         <attributes>RWIX</attributes>
         <usage_details>
         </usage_details>
      </memory_area>
      <memory_area display="yes" color="green">
         <name>FLASH_BANK2_SEC14</name>
         <page_id>0x0</page_id>
         <origin>0xae000</origin>
         <length>0x1000</length>
         <used_space>0x0</used_space>
         <unused_space>0x1000</unused_space>
         <attributes>RWIX</attributes>
         <usage_details>
         </usage_details>
      </memory_area>
      <memory_area display="yes" color="green">
         <name>FLASH_BANK2_SEC15</name>
         <page_id>0x0</page_id>
         <origin>0xaf000</origin>
         <length>0xff0</length>
         <used_space>0x0</used_space>
         <unused_space>0xff0</unused_space>
         <attributes>RWIX</attributes>
         <usage_details>
         </usage_details>
      </memory_area>
      <memory_area display="yes" color="green">
         <name>SECURE_ROM</name>
         <page_id>0x0</page_id>
         <origin>0x3f2000</origin>
         <length>0x6000</length>
         <used_space>0x0</used_space>
         <unused_space>0x6000</unused_space>
         <attributes>RWIX</attributes>
         <usage_details>
         </usage_details>
      </memory_area>
      <memory_area display="yes" color="green">
         <name>BOOTROM</name>
         <page_id>0x0</page_id>
         <origin>0x3f8000</origin>
         <length>0x7fc0</length>
         <used_space>0x0</used_space>
         <unused_space>0x7fc0</unused_space>
         <attributes>RWIX</attributes>
         <usage_details>
         </usage_details>
      </memory_area>
      <memory_area display="no" color="green">
         <name>RESET</name>
         <page_id>0x0</page_id>
         <origin>0x3fffc0</origin>
         <length>0x2</length>
         <used_space>0x0</used_space>
         <unused_space>0x2</unused_space>
         <attributes>RWIX</attributes>
         <usage_details>
         </usage_details>
      </memory_area>
   </placement_map>
   <cptbl_list>
      <cptbl>
         <name>__TI_cinit_table</name>
         <cprec>
            <name>.data</name>
            <load_address>0x12c</load_address>
            <load_size>0x30</load_size>
            <run_address>0xaa00</run_address>
            <run_size>0x38</run_size>
            <compression>lzss</compression>
         </cprec>
         <cprec>
            <name>.bss</name>
            <load_address>0x162</load_address>
            <load_size>0x4</load_size>
            <run_address>0xa800</run_address>
            <run_size>0x200</run_size>
            <compression>zero_init</compression>
         </cprec>
      </cptbl>
   </cptbl_list>
   <handler_table>
      <handler_table_name>__TI_handler_table</handler_table_name>
      <handler>
         <index>0x0</index>
         <name>__TI_zero_init</name>
      </handler>
      <handler>
         <index>0x1</index>
         <name>__TI_decompress_lzss</name>
      </handler>
      <handler>
         <index>0x2</index>
         <name>__TI_decompress_none</name>
      </handler>
   </handler_table>
   <symbol_table>
      <symbol id="sm-1">
         <name>__TI_CINIT_Base</name>
         <value>0x166</value>
      </symbol>
      <symbol id="sm-2">
         <name>__TI_CINIT_Limit</name>
         <value>0x16e</value>
      </symbol>
      <symbol id="sm-3">
         <name>__TI_CINIT_Warm</name>
         <value>0x16e</value>
      </symbol>
      <symbol id="sm-4">
         <name>__TI_Handler_Table_Base</name>
         <value>0x15c</value>
      </symbol>
      <symbol id="sm-5">
         <name>__TI_Handler_Table_Limit</name>
         <value>0x162</value>
      </symbol>
      <symbol id="sm-6">
         <name>__TI_STACK_SIZE</name>
         <value>0x200</value>
      </symbol>
      <symbol id="sm-7">
         <name>__TI_STACK_END</name>
         <value>0x600</value>
      </symbol>
      <symbol id="sm-8">
         <name>__TI_pprof_out_hndl</name>
         <value>0xffffffff</value>
      </symbol>
      <symbol id="sm-9">
         <name>__TI_prof_data_start</name>
         <value>0xffffffff</value>
      </symbol>
      <symbol id="sm-a">
         <name>__TI_prof_data_size</name>
         <value>0xffffffff</value>
      </symbol>
      <symbol id="sm-3e">
         <name>PinMux_init</name>
         <value>0x8eac</value>
         <object_component_ref idref="oc-192"/>
      </symbol>
      <symbol id="sm-3f">
         <name>Board_init</name>
         <value>0x8e9d</value>
         <object_component_ref idref="oc-10a"/>
      </symbol>
      <symbol id="sm-4c">
         <name>C2000Ware_libraries_init</name>
         <value>0x8eab</value>
         <object_component_ref idref="oc-110"/>
      </symbol>
      <symbol id="sm-be">
         <name>gT_GridCurrent</name>
         <value>0xaa0c</value>
         <object_component_ref idref="oc-2ab"/>
      </symbol>
      <symbol id="sm-bf">
         <name>gS_OutputPower</name>
         <value>0xaa0a</value>
         <object_component_ref idref="oc-2ab"/>
      </symbol>
      <symbol id="sm-c0">
         <name>ProtocolTask</name>
         <value>0x8ea2</value>
         <object_component_ref idref="oc-125"/>
      </symbol>
      <symbol id="sm-c1">
         <name>gPV4_Voltage</name>
         <value>0xaa18</value>
         <object_component_ref idref="oc-2ab"/>
      </symbol>
      <symbol id="sm-c2">
         <name>gAmbientTemp</name>
         <value>0xaa1d</value>
         <object_component_ref idref="oc-2ab"/>
      </symbol>
      <symbol id="sm-c3">
         <name>gS_GridFreq</name>
         <value>0xaa09</value>
         <object_component_ref idref="oc-2ab"/>
      </symbol>
      <symbol id="sm-c4">
         <name>gDayGeneration</name>
         <value>0xaa22</value>
         <object_component_ref idref="oc-2ab"/>
      </symbol>
      <symbol id="sm-c5">
         <name>gExtraBytes</name>
         <value>0xaa1f</value>
         <object_component_ref idref="oc-2ab"/>
      </symbol>
      <symbol id="sm-c6">
         <name>gPV2_Voltage</name>
         <value>0xaa12</value>
         <object_component_ref idref="oc-2ab"/>
      </symbol>
      <symbol id="sm-c7">
         <name>gPV2_Power</name>
         <value>0xaa14</value>
         <object_component_ref idref="oc-2ab"/>
      </symbol>
      <symbol id="sm-c8">
         <name>gR_GridCurrent</name>
         <value>0xaa04</value>
         <object_component_ref idref="oc-2ab"/>
      </symbol>
      <symbol id="sm-c9">
         <name>gT_OutputPower</name>
         <value>0xaa0e</value>
         <object_component_ref idref="oc-2ab"/>
      </symbol>
      <symbol id="sm-ca">
         <name>gT_GridVoltage</name>
         <value>0xaa0b</value>
         <object_component_ref idref="oc-2ab"/>
      </symbol>
      <symbol id="sm-cb">
         <name>gR_GridFreq</name>
         <value>0xaa05</value>
         <object_component_ref idref="oc-2ab"/>
      </symbol>
      <symbol id="sm-cc">
         <name>gT_GridFreq</name>
         <value>0xaa0d</value>
         <object_component_ref idref="oc-2ab"/>
      </symbol>
      <symbol id="sm-cd">
         <name>frameLength</name>
         <value>0xaa20</value>
         <object_component_ref idref="oc-2ab"/>
      </symbol>
      <symbol id="sm-ce">
         <name>gInverterTemp</name>
         <value>0xaa1c</value>
         <object_component_ref idref="oc-2ab"/>
      </symbol>
      <symbol id="sm-cf">
         <name>BuildInverterFrame</name>
         <value>0x8123</value>
         <object_component_ref idref="oc-20e"/>
      </symbol>
      <symbol id="sm-d0">
         <name>gS_GridVoltage</name>
         <value>0xaa07</value>
         <object_component_ref idref="oc-2ab"/>
      </symbol>
      <symbol id="sm-d1">
         <name>gTotalGeneration</name>
         <value>0xaa24</value>
         <object_component_ref idref="oc-2ab"/>
      </symbol>
      <symbol id="sm-d2">
         <name>gPV1_Power</name>
         <value>0xaa11</value>
         <object_component_ref idref="oc-2ab"/>
      </symbol>
      <symbol id="sm-d3">
         <name>gPV4_Power</name>
         <value>0xaa1a</value>
         <object_component_ref idref="oc-2ab"/>
      </symbol>
      <symbol id="sm-d4">
         <name>gPV3_Current</name>
         <value>0xaa16</value>
         <object_component_ref idref="oc-2ab"/>
      </symbol>
      <symbol id="sm-d5">
         <name>gR_OutputPower</name>
         <value>0xaa06</value>
         <object_component_ref idref="oc-2ab"/>
      </symbol>
      <symbol id="sm-d6">
         <name>gOutputPower</name>
         <value>0xaa01</value>
         <object_component_ref idref="oc-2ab"/>
      </symbol>
      <symbol id="sm-d7">
         <name>gBoostTemp</name>
         <value>0xaa1e</value>
         <object_component_ref idref="oc-2ab"/>
      </symbol>
      <symbol id="sm-d8">
         <name>ConvertFrame8to16</name>
         <value>0x8c2e</value>
         <object_component_ref idref="oc-2af"/>
      </symbol>
      <symbol id="sm-d9">
         <name>gGridPower</name>
         <value>0xaa00</value>
         <object_component_ref idref="oc-2ab"/>
      </symbol>
      <symbol id="sm-da">
         <name>gPV1_Current</name>
         <value>0xaa10</value>
         <object_component_ref idref="oc-2ab"/>
      </symbol>
      <symbol id="sm-db">
         <name>frame16</name>
         <value>0xa800</value>
         <object_component_ref idref="oc-2b5"/>
      </symbol>
      <symbol id="sm-dc">
         <name>gChargerTemp</name>
         <value>0xaa1b</value>
         <object_component_ref idref="oc-2ab"/>
      </symbol>
      <symbol id="sm-dd">
         <name>gPV4_Current</name>
         <value>0xaa19</value>
         <object_component_ref idref="oc-2ab"/>
      </symbol>
      <symbol id="sm-de">
         <name>gPV3_Voltage</name>
         <value>0xaa15</value>
         <object_component_ref idref="oc-2ab"/>
      </symbol>
      <symbol id="sm-df">
         <name>frame8</name>
         <value>0xa900</value>
         <object_component_ref idref="oc-299"/>
      </symbol>
      <symbol id="sm-e0">
         <name>gR_GridVoltage</name>
         <value>0xaa03</value>
         <object_component_ref idref="oc-2ab"/>
      </symbol>
      <symbol id="sm-e1">
         <name>SendInverterFrame</name>
         <value>0x8e02</value>
         <object_component_ref idref="oc-214"/>
      </symbol>
      <symbol id="sm-e2">
         <name>gS_GridCurrent</name>
         <value>0xaa08</value>
         <object_component_ref idref="oc-2ab"/>
      </symbol>
      <symbol id="sm-e3">
         <name>gPowerLoad</name>
         <value>0xaa02</value>
         <object_component_ref idref="oc-2ab"/>
      </symbol>
      <symbol id="sm-e4">
         <name>gPV2_Current</name>
         <value>0xaa13</value>
         <object_component_ref idref="oc-2ab"/>
      </symbol>
      <symbol id="sm-e5">
         <name>gErrorList</name>
         <value>0xaa26</value>
         <object_component_ref idref="oc-2a8"/>
      </symbol>
      <symbol id="sm-e6">
         <name>gPV1_Voltage</name>
         <value>0xaa0f</value>
         <object_component_ref idref="oc-2ab"/>
      </symbol>
      <symbol id="sm-e7">
         <name>gPV3_Power</name>
         <value>0xaa17</value>
         <object_component_ref idref="oc-2ab"/>
      </symbol>
      <symbol id="sm-15f">
         <name>main</name>
         <value>0x8a40</value>
         <object_component_ref idref="oc-d0"/>
      </symbol>
      <symbol id="sm-160">
         <name>mySCI0_init</name>
         <value>0x85bc</value>
         <object_component_ref idref="oc-116"/>
      </symbol>
      <symbol id="sm-1b7">
         <name>Device_enableAllPeripherals</name>
         <value>0x8324</value>
         <object_component_ref idref="oc-170"/>
      </symbol>
      <symbol id="sm-1b8">
         <name>Device_initGPIO</name>
         <value>0x8df2</value>
         <object_component_ref idref="oc-fe"/>
      </symbol>
      <symbol id="sm-1b9">
         <name>Device_init</name>
         <value>0x8800</value>
         <object_component_ref idref="oc-f8"/>
      </symbol>
      <symbol id="sm-1ba">
         <name>__error__</name>
         <value>0x8e96</value>
         <object_component_ref idref="oc-15e"/>
      </symbol>
      <symbol id="sm-1c9">
         <name>code_start</name>
         <value>0x0</value>
         <object_component_ref idref="oc-26"/>
      </symbol>
      <symbol id="sm-208">
         <name>GPIO_setQualificationMode</name>
         <value>0x88b9</value>
         <object_component_ref idref="oc-1a8"/>
      </symbol>
      <symbol id="sm-209">
         <name>GPIO_setPadConfig</name>
         <value>0x8617</value>
         <object_component_ref idref="oc-1a2"/>
      </symbol>
      <symbol id="sm-20a">
         <name>GPIO_setAnalogMode</name>
         <value>0x84ed</value>
         <object_component_ref idref="oc-17c"/>
      </symbol>
      <symbol id="sm-20b">
         <name>GPIO_setPinConfig</name>
         <value>0x87c7</value>
         <object_component_ref idref="oc-19c"/>
      </symbol>
      <symbol id="sm-245">
         <name>Interrupt_defaultHandler</name>
         <value>0x8ca0</value>
         <object_component_ref idref="oc-2b"/>
      </symbol>
      <symbol id="sm-246">
         <name>Interrupt_initModule</name>
         <value>0x887c</value>
         <object_component_ref idref="oc-104"/>
      </symbol>
      <symbol id="sm-247">
         <name>Interrupt_nmiHandler</name>
         <value>0x8e65</value>
         <object_component_ref idref="oc-3d"/>
      </symbol>
      <symbol id="sm-248">
         <name>Interrupt_initVectorTable</name>
         <value>0x8ae0</value>
         <object_component_ref idref="oc-30"/>
      </symbol>
      <symbol id="sm-249">
         <name>Interrupt_illegalOperationHandler</name>
         <value>0x8e5b</value>
         <object_component_ref idref="oc-37"/>
      </symbol>
      <symbol id="sm-2ba">
         <name>SCI_clearInterruptStatus</name>
         <value>0x86fc</value>
         <object_component_ref idref="oc-1ae"/>
      </symbol>
      <symbol id="sm-2bb">
         <name>SCI_writeCharArray</name>
         <value>0x8786</value>
         <object_component_ref idref="oc-11f"/>
      </symbol>
      <symbol id="sm-2bc">
         <name>SCI_setConfig</name>
         <value>0x883e</value>
         <object_component_ref idref="oc-1cc"/>
      </symbol>
      <symbol id="sm-3ce">
         <name>SysCtl_isPLLValid</name>
         <value>0x8226</value>
         <object_component_ref idref="oc-241"/>
      </symbol>
      <symbol id="sm-3cf">
         <name>SysCtl_delay</name>
         <value>0x128</value>
         <object_component_ref idref="oc-234"/>
      </symbol>
      <symbol id="sm-3d0">
         <name>SysCtl_selectXTALSingleEnded</name>
         <value>0x89f7</value>
         <object_component_ref idref="oc-2cb"/>
      </symbol>
      <symbol id="sm-3d1">
         <name>SysCtl_selectXTAL</name>
         <value>0x86b6</value>
         <object_component_ref idref="oc-2c5"/>
      </symbol>
      <symbol id="sm-3d2">
         <name>SysCtl_selectOscSource</name>
         <value>0x8669</value>
         <object_component_ref idref="oc-235"/>
      </symbol>
      <symbol id="sm-3d3">
         <name>SysCtl_getLowSpeedClock</name>
         <value>0x8b52</value>
         <object_component_ref idref="oc-164"/>
      </symbol>
      <symbol id="sm-3d4">
         <name>SysCtl_setClock</name>
         <value>0x8000</value>
         <object_component_ref idref="oc-14b"/>
      </symbol>
      <symbol id="sm-3d5">
         <name>SysCtl_getClock</name>
         <value>0x8557</value>
         <object_component_ref idref="oc-157"/>
      </symbol>
      <symbol id="sm-3df">
         <name>_c_int00</name>
         <value>0x8c73</value>
         <object_component_ref idref="oc-76"/>
      </symbol>
      <symbol id="sm-3e0">
         <name>__stack</name>
         <value>0x400</value>
         <object_component_ref idref="oc-43"/>
      </symbol>
      <symbol id="sm-3ed">
         <name>__c28xabi_divf</name>
         <value>0x83f2</value>
         <object_component_ref idref="oc-2d3"/>
      </symbol>
      <symbol id="sm-3fa">
         <name>_system_pre_init</name>
         <value>0x87fe</value>
         <object_component_ref idref="oc-87"/>
      </symbol>
      <symbol id="sm-409">
         <name>__TI_auto_init_nobinit_nopinit</name>
         <value>0x897d</value>
         <object_component_ref idref="oc-a0"/>
      </symbol>
      <symbol id="sm-418">
         <name>__TI_zero_init_nomemset</name>
         <value>0x8e2c</value>
         <object_component_ref idref="oc-4e"/>
      </symbol>
      <symbol id="sm-425">
         <name>__TI_decompress_none</name>
         <value>0x8e78</value>
         <object_component_ref idref="oc-1f"/>
      </symbol>
      <symbol id="sm-439">
         <name>__TI_decompress_lzss</name>
         <value>0x894f</value>
         <object_component_ref idref="oc-19"/>
      </symbol>
      <symbol id="sm-44f">
         <name>C$$EXIT</name>
         <value>0x89a8</value>
         <object_component_ref idref="oc-94"/>
      </symbol>
      <symbol id="sm-450">
         <name>abort</name>
         <value>0x89a8</value>
         <object_component_ref idref="oc-94"/>
      </symbol>
      <symbol id="sm-451">
         <name>exit</name>
         <value>0x89aa</value>
         <object_component_ref idref="oc-94"/>
      </symbol>
      <symbol id="sm-452">
         <name>__TI_dtors_ptr</name>
         <value>0xaa32</value>
         <object_component_ref idref="oc-d8"/>
      </symbol>
      <symbol id="sm-453">
         <name>__TI_cleanup_ptr</name>
         <value>0xaa30</value>
         <object_component_ref idref="oc-d8"/>
      </symbol>
      <symbol id="sm-454">
         <name>__TI_enable_exit_profile_output</name>
         <value>0xaa2e</value>
         <object_component_ref idref="oc-d8"/>
      </symbol>
      <symbol id="sm-46b">
         <name>_nop</name>
         <value>0x8e77</value>
         <object_component_ref idref="oc-132"/>
      </symbol>
      <symbol id="sm-46c">
         <name>_lock</name>
         <value>0xaa34</value>
         <object_component_ref idref="oc-db"/>
      </symbol>
      <symbol id="sm-46d">
         <name>_unlock</name>
         <value>0xaa36</value>
         <object_component_ref idref="oc-21f"/>
      </symbol>
      <symbol id="sm-46e">
         <name>_register_lock</name>
         <value>0x8e73</value>
         <object_component_ref idref="oc-132"/>
      </symbol>
      <symbol id="sm-46f">
         <name>_register_unlock</name>
         <value>0x8e6f</value>
         <object_component_ref idref="oc-132"/>
      </symbol>
      <symbol id="sm-47e">
         <name>_args_main</name>
         <value>0x8e39</value>
         <object_component_ref idref="oc-8e"/>
      </symbol>
      <symbol id="sm-492">
         <name>memcpy</name>
         <value>0x8b1b</value>
         <object_component_ref idref="oc-46"/>
      </symbol>
      <symbol id="sm-49f">
         <name>_system_post_cinit</name>
         <value>0x8ead</value>
         <object_component_ref idref="oc-e3"/>
      </symbol>
      <symbol id="sm-4a1">
         <name>__c_args__</name>
         <value>0x0</value>
      </symbol>
   </symbol_table>
   <title>Link successful</title>
</link_info>
