******************************************************************************
             TMS320C2000 Linker PC v22.6.2                     
******************************************************************************
>> Linked Thu Jan 29 13:59:31 2026

OUTPUT FILE NAME:   <04_adc_cpu_triggered_interrupt.out>
ENTRY POINT SYMBOL: "code_start"  address: 00000000


MEMORY CONFIGURATION

         name            origin    length      used     unused   attr    fill
----------------------  --------  ---------  --------  --------  ----  --------
  BEGIN                 00000000   00000002  00000002  00000000  RWIX
  BOOT_RSVD             00000002   00000126  00000000  00000126  RWIX
  RAMM0                 00000128   000002d8  0000001e  000002ba  RWIX
  RAMM1                 00000400   000003f8  00000200  000001f8  RWIX
  RAMLS0                00008000   00000800  00000800  00000000  RWIX
  RAMLS1                00008800   00000800  0000058c  00000274  RWIX
  RAMLS2                00009000   00000800  00000000  00000800  RWIX
  RAMLS3                00009800   00000800  00000000  00000800  RWIX
  RAMLS4                0000a000   00000800  00000000  00000800  RWIX
  RAMLS5                0000a800   00000800  000002ac  00000554  RWIX
  RAMLS6_7              0000b000   00001000  00000000  00001000  RWIX
  RAMGS0                0000c000   00001000  00000000  00001000  RWIX
  RAMGS1                0000d000   00001000  00000000  00001000  RWIX
  RAMGS2                0000e000   00001000  00000000  00001000  RWIX
  RAMGS3                0000f000   00000ff8  00000000  00000ff8  RWIX
  FLASH_BANK0_SEC0      00080002   00000ffe  00000000  00000ffe  RWIX
  FLASH_BANK0_SEC1      00081000   00001000  00000000  00001000  RWIX
  FLASH_BANK0_SEC2      00082000   00001000  00000000  00001000  RWIX
  FLASH_BANK0_SEC3      00083000   00001000  00000000  00001000  RWIX
  FLASH_BANK0_SEC4      00084000   00001000  00000000  00001000  RWIX
  FLASH_BANK0_SEC5      00085000   00001000  00000000  00001000  RWIX
  FLASH_BANK0_SEC6      00086000   00001000  00000000  00001000  RWIX
  FLASH_BANK0_SEC7      00087000   00001000  00000000  00001000  RWIX
  FLASH_BANK0_SEC8      00088000   00001000  00000000  00001000  RWIX
  FLASH_BANK0_SEC9      00089000   00001000  00000000  00001000  RWIX
  FLASH_BANK0_SEC10     0008a000   00001000  00000000  00001000  RWIX
  FLASH_BANK0_SEC11     0008b000   00001000  00000000  00001000  RWIX
  FLASH_BANK0_SEC12     0008c000   00001000  00000000  00001000  RWIX
  FLASH_BANK0_SEC13     0008d000   00001000  00000000  00001000  RWIX
  FLASH_BANK0_SEC14     0008e000   00001000  00000000  00001000  RWIX
  FLASH_BANK0_SEC15     0008f000   00001000  00000000  00001000  RWIX
  FLASH_BANK1_SEC0      00090000   00001000  00000000  00001000  RWIX
  FLASH_BANK1_SEC1      00091000   00001000  00000000  00001000  RWIX
  FLASH_BANK1_SEC2      00092000   00001000  00000000  00001000  RWIX
  FLASH_BANK1_SEC3      00093000   00001000  00000000  00001000  RWIX
  FLASH_BANK1_SEC4      00094000   00001000  00000000  00001000  RWIX
  FLASH_BANK1_SEC5      00095000   00001000  00000000  00001000  RWIX
  FLASH_BANK1_SEC6      00096000   00001000  00000000  00001000  RWIX
  FLASH_BANK1_SEC7      00097000   00001000  00000000  00001000  RWIX
  FLASH_BANK1_SEC8      00098000   00001000  00000000  00001000  RWIX
  FLASH_BANK1_SEC9      00099000   00001000  00000000  00001000  RWIX
  FLASH_BANK1_SEC10     0009a000   00001000  00000000  00001000  RWIX
  FLASH_BANK1_SEC11     0009b000   00001000  00000000  00001000  RWIX
  FLASH_BANK1_SEC12     0009c000   00001000  00000000  00001000  RWIX
  FLASH_BANK1_SEC13     0009d000   00001000  00000000  00001000  RWIX
  FLASH_BANK1_SEC14     0009e000   00001000  00000000  00001000  RWIX
  FLASH_BANK1_SEC15     0009f000   00001000  00000000  00001000  RWIX
  FLASH_BANK2_SEC0      000a0000   00001000  00000000  00001000  RWIX
  FLASH_BANK2_SEC1      000a1000   00001000  00000000  00001000  RWIX
  FLASH_BANK2_SEC2      000a2000   00001000  00000000  00001000  RWIX
  FLASH_BANK2_SEC3      000a3000   00001000  00000000  00001000  RWIX
  FLASH_BANK2_SEC4      000a4000   00001000  00000000  00001000  RWIX
  FLASH_BANK2_SEC5      000a5000   00001000  00000000  00001000  RWIX
  FLASH_BANK2_SEC6      000a6000   00001000  00000000  00001000  RWIX
  FLASH_BANK2_SEC7      000a7000   00001000  00000000  00001000  RWIX
  FLASH_BANK2_SEC8      000a8000   00001000  00000000  00001000  RWIX
  FLASH_BANK2_SEC9      000a9000   00001000  00000000  00001000  RWIX
  FLASH_BANK2_SEC10     000aa000   00001000  00000000  00001000  RWIX
  FLASH_BANK2_SEC11     000ab000   00001000  00000000  00001000  RWIX
  FLASH_BANK2_SEC12     000ac000   00001000  00000000  00001000  RWIX
  FLASH_BANK2_SEC13     000ad000   00001000  00000000  00001000  RWIX
  FLASH_BANK2_SEC14     000ae000   00001000  00000000  00001000  RWIX
  FLASH_BANK2_SEC15     000af000   00000ff0  00000000  00000ff0  RWIX
  SECURE_ROM            003f2000   00006000  00000000  00006000  RWIX
  BOOTROM               003f8000   00007fc0  00000000  00007fc0  RWIX
  RESET                 003fffc0   00000002  00000000  00000002  RWIX


SECTION ALLOCATION MAP

 output                                  attributes/
section   page    origin      length       input sections
--------  ----  ----------  ----------   ----------------
codestart 
*          0    00000000    00000002     
                  00000000    00000002     f28003x_codestartbranch.obj (codestart)

.TI.ramfunc 
*          0    00000128    00000004     
                  00000128    00000004     driverlib.lib : sysctl.obj (.TI.ramfunc)

.cinit     0    0000012c    0000001a     
                  0000012c    00000008     (.cinit..data.load) [load image, compression = lzss]
                  00000134    00000006     (__TI_handler_table)
                  0000013a    00000004     (.cinit..bss.load) [load image, compression = zero_init]
                  0000013e    00000008     (__TI_cinit_table)

.reset     0    003fffc0    00000000     DSECT

.stack     0    00000400    00000200     UNINITIALIZED
                  00000400    00000200     --HOLE--

.bss       0    0000a80a    00000001     UNINITIALIZED
                  0000a80a    00000001     main.obj (.bss)

.init_array 
*          0    00000128    00000000     UNINITIALIZED

.data      0    0000a800    0000000a     UNINITIALIZED
                  0000a800    00000006     rts2800_fpu32_eabi.lib : exit.c.obj (.data)
                  0000a806    00000002                            : _lock.c.obj (.data:_lock)
                  0000a808    00000002                            : _lock.c.obj (.data:_unlock)

.const     0    0000a80c    000002a1     
                  0000a80c    0000009a     driverlib.lib : sysctl.obj (.const:.string)
                  0000a8a6    00000098                   : gpio.obj (.const:.string)
                  0000a93e    00000080     main.obj (.const:.string)
                  0000a9be    00000053     device.obj (.const:.string)
                  0000aa11    00000001     --HOLE-- [fill = 0]
                  0000aa12    00000050     driverlib.lib : cputimer.obj (.const:.string)
                  0000aa62    0000004b                   : adc.obj (.const:.string)

.text.1    0    00008000    00000800     
                  00008000    00000123     driverlib.lib : sysctl.obj (.text:SysCtl_setClock)
                  00008123    000000fe                   : sysctl.obj (.text:SysCtl_isPLLValid)
                  00008221    000000ce     device.obj (.text:Device_enableAllPeripherals)
                  000082ef    00000088     rts2800_fpu32_eabi.lib : fs_div28.asm.obj (.text)
                  00008377    00000073     driverlib.lib : sysctl.obj (.text:DCC_setCounterSeeds)
                  000083ea    0000006a                   : gpio.obj (.text:GPIO_setAnalogMode)
                  00008454    00000065                   : sysctl.obj (.text:SysCtl_getClock)
                  000084b9    0000004d                   : sysctl.obj (.text:SysCtl_selectOscSource)
                  00008506    0000004c     main.obj (.text:ADC_INTERRUPT)
                  00008552    0000004a     main.obj (.text:myADC0_init)
                  0000859c    00000046     main.obj (.text:ADC_setupSOC)
                  000085e2    00000046     driverlib.lib : sysctl.obj (.text:SysCtl_selectXTAL)
                  00008628    00000045                   : sysctl.obj (.text:SysCtl_pollX1Counter)
                  0000866d    0000003e     device.obj (.text:Device_init)
                  000086ab    0000003d     driverlib.lib : interrupt.obj (.text:Interrupt_initModule)
                  000086e8    00000037                   : interrupt.obj (.text:Interrupt_enable)
                  0000871f    0000002f     main.obj (.text:ADC_setInterruptSource)
                  0000874e    0000002e     main.obj (.text:ADC_setInterruptSOCTrigger)
                  0000877c    0000002e     main.obj (.text:INT_myCPUTIMER0_ISR)
                  000087aa    0000002e     rts2800_fpu32_eabi.lib : copy_decompress_lzss.c.obj (.text:decompress:lzss)
                  000087d8    00000028     driverlib.lib : adc.obj (.text:ADC_setOffsetTrimAll)

.text.2    0    00008800    0000058c     
                  00008800    0000002b     rts2800_fpu32_eabi.lib : autoinit.c.obj (.text:__TI_auto_init_nobinit_nopinit)
                  0000882b    00000029                            : exit.c.obj (.text)
                  00008854    00000027     driverlib.lib : adc.obj (.text:ADC_setVREF)
                  0000887b    00000025                   : sysctl.obj (.text:SysCtl_selectXTALSingleEnded)
                  000088a0    00000024                   : sysctl.obj (.text:DCC_enableSingleShotMode)
                  000088c4    00000024     main.obj (.text:myCPUTIMER0_init)
                  000088e8    00000021     main.obj (.text:ADC_disableContinuousMode)
                  00008909    00000020     main.obj (.text:ADC_enableInterrupt)
                  00008929    0000001e     driverlib.lib : sysctl.obj (.text:DCC_setCounter0ClkSource)
                  00008947    0000001e                   : sysctl.obj (.text:DCC_setCounter1ClkSource)
                  00008965    0000001e                   : interrupt.obj (.text:Interrupt_initVectorTable)
                  00008983    0000001d     main.obj (.text:ADC_getInterruptOverflowStatus)
                  000089a0    0000001d     rts2800_fpu32_eabi.lib : memcpy.c.obj (.text)
                  000089bd    0000001c     main.obj (.text:ADC_setSOCPriority)
                  000089d9    0000001a     main.obj (.text:ADC_readResult)
                  000089f3    0000001a     main.obj (.text:CPUTimer_startTimer)
                  00008a0d    0000001a     driverlib.lib : sysctl.obj (.text:SysCtl_getLowSpeedClock)
                  00008a27    00000019     main.obj (.text:INTERRUPT_init)
                  00008a40    00000019     driverlib.lib : sysctl.obj (.text:SysCtl_setPLLSysClk)
                  00008a59    00000017                   : adc.obj (.text:ADC_isBaseValid)
                  00008a70    00000017     main.obj (.text:ADC_isBaseValid)
                  00008a87    00000017     driverlib.lib : cputimer.obj (.text:CPUTimer_isBaseValid)
                  00008a9e    00000017     main.obj (.text:CPUTimer_isBaseValid)
                  00008ab5    00000017     main.obj (.text:CPUTimer_setPreScaler)
                  00008acc    00000017     device.obj (.text:SysCtl_enablePeripheral)
                  00008ae3    00000017     driverlib.lib : sysctl.obj (.text:SysCtl_enablePeripheral)
                  00008afa    00000017     rts2800_fpu32_eabi.lib : boot28.asm.obj (.text)
                  00008b11    00000016     main.obj (.text:ADC_setInterruptPulseMode)
                  00008b27    00000016     main.obj (.text:ADC_setPrescaler)
                  00008b3d    00000016     driverlib.lib : sysctl.obj (.text:DCC_disableDoneSignal)
                  00008b53    00000016                   : interrupt.obj (.text:Interrupt_defaultHandler)
                  00008b69    00000016     main.obj (.text:main)
                  00008b7f    00000015     main.obj (.text:ADC_disableBurstMode)
                  00008b94    00000015     main.obj (.text:CPUTimer_enableInterrupt)
                  00008ba9    00000015     driverlib.lib : sysctl.obj (.text:DCC_clearDoneFlag)
                  00008bbe    00000015                   : sysctl.obj (.text:DCC_clearErrorFlag)
                  00008bd3    00000015                   : sysctl.obj (.text:DCC_disableErrorSignal)
                  00008be8    00000015                   : sysctl.obj (.text:DCC_isBaseValid)
                  00008bfd    00000015     device.obj (.text:GPIO_unlockPortConfig)
                  00008c12    00000014     main.obj (.text:ADC_clearInterruptOverflowStatus)
                  00008c26    00000014     main.obj (.text:ADC_clearInterruptStatus)
                  00008c3a    00000014     main.obj (.text:CPUTimer_reloadTimerCounter)
                  00008c4e    00000014     main.obj (.text:CPUTimer_stopTimer)
                  00008c62    00000014     driverlib.lib : sysctl.obj (.text:DCC_disableModule)
                  00008c76    00000014                   : sysctl.obj (.text:DCC_enableModule)
                  00008c8a    00000013     main.obj (.text:ADC_enableConverter)
                  00008c9d    00000013     driverlib.lib : cputimer.obj (.text:CPUTimer_setEmulationMode)
                  00008cb0    00000011     main.obj (.text:CPUTimer_setPeriod)
                  00008cc1    00000010     device.obj (.text:Device_initGPIO)
                  00008cd1    0000000f     main.obj (.text:Interrupt_register)
                  00008ce0    0000000d     driverlib.lib : interrupt.obj (.text:Interrupt_disableGlobal)
                  00008ced    0000000d                   : interrupt.obj (.text:Interrupt_enableGlobal)
                  00008cfa    0000000d     device.obj (.text:SysCtl_setLowSpeedClock)
                  00008d07    0000000d     rts2800_fpu32_eabi.lib : copy_zero_init.c.obj (.text:decompress:ZI:__TI_zero_init_nomemset)
                  00008d14    0000000c                            : args_main.c.obj (.text)
                  00008d20    0000000b     device.obj (.text:SysCtl_disableWatchdog)
                  00008d2b    0000000b     driverlib.lib : sysctl.obj (.text:SysCtl_isMCDClockFailureDetected)
                  00008d36    0000000a                   : interrupt.obj (.text:Interrupt_illegalOperationHandler)
                  00008d40    0000000a                   : interrupt.obj (.text:Interrupt_nmiHandler)
                  00008d4a    00000009     rts2800_fpu32_eabi.lib : _lock.c.obj (.text)
                  00008d53    00000008                            : copy_decompress_none.c.obj (.text:decompress:none)
                  00008d5b    00000008     f28003x_codestartbranch.obj (.text)
                  00008d63    00000007     device.obj (.text:ASysCtl_lockVREG)
                  00008d6a    00000007     driverlib.lib : sysctl.obj (.text:SysCtl_resetMCD)
                  00008d71    00000007     device.obj (.text:__error__)
                  00008d78    00000006     main.obj (.text:Interrupt_clearACKGroup)
                  00008d7e    00000005     board.obj (.text:Board_init)
                  00008d83    00000004     device.obj (.text:SysCtl_deviceCal)
                  00008d87    00000002     rts2800_fpu32_eabi.lib : pre_init.c.obj (.text)
                  00008d89    00000001     c2000ware_libraries.obj (.text:C2000Ware_libraries_init)
                  00008d8a    00000001     board.obj (.text:PinMux_init)
                  00008d8b    00000001     rts2800_fpu32_eabi.lib : startup.c.obj (.text)

MODULE SUMMARY

       Module                        code   ro data   rw data
       ------                        ----   -------   -------
    .\
       main.obj                      908    128       1      
    +--+-----------------------------+------+---------+---------+
       Total:                        908    128       1      
                                                             
    .\device\
       device.obj                    370    83        0      
       f28003x_codestartbranch.obj   10     0         0      
    +--+-----------------------------+------+---------+---------+
       Total:                        380    83        0      
                                                             
    .\syscfg\
       board.obj                     6      0         0      
       c2000ware_libraries.obj       1      0         0      
    +--+-----------------------------+------+---------+---------+
       Total:                        7      0         0      
                                                             
    C:/ti/C2000Ware_6_00_01_00/driverlib/f28003x/driverlib/ccs/Debug/driverlib.lib
       sysctl.obj                    1352   154       0      
       gpio.obj                      106    152       0      
       interrupt.obj                 214    0         0      
       adc.obj                       102    75        0      
       cputimer.obj                  42     80        0      
    +--+-----------------------------+------+---------+---------+
       Total:                        1816   461       0      
                                                             
    C:\ti\ccs2031\ccs\tools\compiler\ti-cgt-c2000_22.6.2.LTS\lib\rts2800_fpu32_eabi.lib
       fs_div28.asm.obj              136    0         0      
       exit.c.obj                    41     0         6      
       copy_decompress_lzss.c.obj    46     0         0      
       autoinit.c.obj                43     0         0      
       memcpy.c.obj                  29     0         0      
       boot28.asm.obj                23     0         0      
       _lock.c.obj                   9      0         4      
       copy_zero_init.c.obj          13     0         0      
       args_main.c.obj               12     0         0      
       copy_decompress_none.c.obj    8      0         0      
       pre_init.c.obj                2      0         0      
       startup.c.obj                 1      0         0      
    +--+-----------------------------+------+---------+---------+
       Total:                        363    0         10     
                                                             
       Stack:                        0      0         512    
       Linker Generated:             0      26        0      
    +--+-----------------------------+------+---------+---------+
       Grand Total:                  3474   698       523    


LINKER GENERATED COPY TABLES

__TI_cinit_table @ 0000013e records: 2, size/record: 4, table size: 8
	.data: load addr=0000012c, load size=00000008 bytes, run addr=0000a800, run size=0000000a bytes, compression=lzss
	.bss: load addr=0000013a, load size=00000004 bytes, run addr=0000a80a, run size=00000001 bytes, compression=zero_init


LINKER GENERATED HANDLER TABLE

__TI_handler_table @ 00000134 records: 3, size/record: 2, table size: 6
	index: 0, handler: __TI_zero_init
	index: 1, handler: __TI_decompress_lzss
	index: 2, handler: __TI_decompress_none


GLOBAL DATA SYMBOLS: SORTED BY DATA PAGE

address     data page           name
--------    ----------------    ----
00000400      10 (00000400)     __stack

0000a800     2a0 (0000a800)     __TI_enable_exit_profile_output
0000a802     2a0 (0000a800)     __TI_cleanup_ptr
0000a804     2a0 (0000a800)     __TI_dtors_ptr
0000a806     2a0 (0000a800)     _lock
0000a808     2a0 (0000a800)     _unlock
0000a80a     2a0 (0000a800)     myADC0Result0


GLOBAL SYMBOLS: SORTED ALPHABETICALLY BY Name 

page  address   name                             
----  -------   ----                             
0     00008506  ADC_INTERRUPT                    
0     000087d8  ADC_setOffsetTrimAll             
0     00008854  ADC_setVREF                      
0     00008d7e  Board_init                       
0     0000882b  C$$EXIT                          
0     00008d89  C2000Ware_libraries_init         
0     00008c9d  CPUTimer_setEmulationMode        
0     00008221  Device_enableAllPeripherals      
0     0000866d  Device_init                      
0     00008cc1  Device_initGPIO                  
0     000083ea  GPIO_setAnalogMode               
0     00008a27  INTERRUPT_init                   
0     0000877c  INT_myCPUTIMER0_ISR              
0     00008b53  Interrupt_defaultHandler         
0     000086e8  Interrupt_enable                 
0     00008d36  Interrupt_illegalOperationHandler
0     000086ab  Interrupt_initModule             
0     00008965  Interrupt_initVectorTable        
0     00008d40  Interrupt_nmiHandler             
0     00008d8a  PinMux_init                      
0     00000128  SysCtl_delay                     
0     00008454  SysCtl_getClock                  
0     00008a0d  SysCtl_getLowSpeedClock          
0     00008123  SysCtl_isPLLValid                
0     000084b9  SysCtl_selectOscSource           
0     000085e2  SysCtl_selectXTAL                
0     0000887b  SysCtl_selectXTALSingleEnded     
0     00008000  SysCtl_setClock                  
0     0000013e  __TI_CINIT_Base                  
0     00000146  __TI_CINIT_Limit                 
0     00000146  __TI_CINIT_Warm                  
0     00000134  __TI_Handler_Table_Base          
0     0000013a  __TI_Handler_Table_Limit         
0     00000600  __TI_STACK_END                   
abs   00000200  __TI_STACK_SIZE                  
0     00008800  __TI_auto_init_nobinit_nopinit   
0     0000a802  __TI_cleanup_ptr                 
0     000087aa  __TI_decompress_lzss             
0     00008d53  __TI_decompress_none             
0     0000a804  __TI_dtors_ptr                   
0     0000a800  __TI_enable_exit_profile_output  
abs   ffffffff  __TI_pprof_out_hndl              
abs   ffffffff  __TI_prof_data_size              
abs   ffffffff  __TI_prof_data_start             
0     00008d07  __TI_zero_init_nomemset          
0     000082ef  __c28xabi_divf                   
n/a   UNDEFED   __c_args__                       
0     00008d71  __error__                        
0     00000400  __stack                          
0     00008d14  _args_main                       
0     00008afa  _c_int00                         
0     0000a806  _lock                            
0     00008d52  _nop                             
0     00008d4e  _register_lock                   
0     00008d4a  _register_unlock                 
0     00008d8b  _system_post_cinit               
0     00008d87  _system_pre_init                 
0     0000a808  _unlock                          
0     0000882b  abort                            
0     00000000  code_start                       
0     0000882d  exit                             
0     00008b69  main                             
0     000089a0  memcpy                           
0     0000a80a  myADC0Result0                    
0     00008552  myADC0_init                      
0     000088c4  myCPUTIMER0_init                 


GLOBAL SYMBOLS: SORTED BY Symbol Address 

page  address   name                             
----  -------   ----                             
0     00000000  code_start                       
0     00000128  SysCtl_delay                     
0     00000134  __TI_Handler_Table_Base          
0     0000013a  __TI_Handler_Table_Limit         
0     0000013e  __TI_CINIT_Base                  
0     00000146  __TI_CINIT_Limit                 
0     00000146  __TI_CINIT_Warm                  
0     00000400  __stack                          
0     00000600  __TI_STACK_END                   
0     00008000  SysCtl_setClock                  
0     00008123  SysCtl_isPLLValid                
0     00008221  Device_enableAllPeripherals      
0     000082ef  __c28xabi_divf                   
0     000083ea  GPIO_setAnalogMode               
0     00008454  SysCtl_getClock                  
0     000084b9  SysCtl_selectOscSource           
0     00008506  ADC_INTERRUPT                    
0     00008552  myADC0_init                      
0     000085e2  SysCtl_selectXTAL                
0     0000866d  Device_init                      
0     000086ab  Interrupt_initModule             
0     000086e8  Interrupt_enable                 
0     0000877c  INT_myCPUTIMER0_ISR              
0     000087aa  __TI_decompress_lzss             
0     000087d8  ADC_setOffsetTrimAll             
0     00008800  __TI_auto_init_nobinit_nopinit   
0     0000882b  C$$EXIT                          
0     0000882b  abort                            
0     0000882d  exit                             
0     00008854  ADC_setVREF                      
0     0000887b  SysCtl_selectXTALSingleEnded     
0     000088c4  myCPUTIMER0_init                 
0     00008965  Interrupt_initVectorTable        
0     000089a0  memcpy                           
0     00008a0d  SysCtl_getLowSpeedClock          
0     00008a27  INTERRUPT_init                   
0     00008afa  _c_int00                         
0     00008b53  Interrupt_defaultHandler         
0     00008b69  main                             
0     00008c9d  CPUTimer_setEmulationMode        
0     00008cc1  Device_initGPIO                  
0     00008d07  __TI_zero_init_nomemset          
0     00008d14  _args_main                       
0     00008d36  Interrupt_illegalOperationHandler
0     00008d40  Interrupt_nmiHandler             
0     00008d4a  _register_unlock                 
0     00008d4e  _register_lock                   
0     00008d52  _nop                             
0     00008d53  __TI_decompress_none             
0     00008d71  __error__                        
0     00008d7e  Board_init                       
0     00008d87  _system_pre_init                 
0     00008d89  C2000Ware_libraries_init         
0     00008d8a  PinMux_init                      
0     00008d8b  _system_post_cinit               
0     0000a800  __TI_enable_exit_profile_output  
0     0000a802  __TI_cleanup_ptr                 
0     0000a804  __TI_dtors_ptr                   
0     0000a806  _lock                            
0     0000a808  _unlock                          
0     0000a80a  myADC0Result0                    
abs   00000200  __TI_STACK_SIZE                  
abs   ffffffff  __TI_pprof_out_hndl              
abs   ffffffff  __TI_prof_data_size              
abs   ffffffff  __TI_prof_data_start             
n/a   UNDEFED   __c_args__                       

[66 symbols]
