******************************************************************************
             TMS320C2000 Linker PC v22.6.2                     
******************************************************************************
>> Linked Thu Jan 29 13:59:12 2026

OUTPUT FILE NAME:   <01_gpio_led.out>
ENTRY POINT SYMBOL: "code_start"  address: 00000000


MEMORY CONFIGURATION

         name            origin    length      used     unused   attr    fill
----------------------  --------  ---------  --------  --------  ----  --------
  BEGIN                 00000000   00000002  00000002  00000000  RWIX
  BOOT_RSVD             00000002   00000126  00000000  00000126  RWIX
  RAMM0                 00000128   000002d8  00000014  000002c4  RWIX
  RAMM1                 00000400   000003f8  00000200  000001f8  RWIX
  RAMLS0                00008000   00000800  00000800  00000000  RWIX
  RAMLS1                00008800   00000800  00000252  000005ae  RWIX
  RAMLS2                00009000   00000800  00000000  00000800  RWIX
  RAMLS3                00009800   00000800  00000000  00000800  RWIX
  RAMLS4                0000a000   00000800  00000000  00000800  RWIX
  RAMLS5                0000a800   00000800  000001ce  00000632  RWIX
  RAMLS6_7              0000b000   00001000  00000000  00001000  RWIX
  RAMGS0                0000c000   00001000  00000000  00001000  RWIX
  RAMGS1                0000d000   00001000  00000000  00001000  RWIX
  RAMGS2                0000e000   00001000  00000000  00001000  RWIX
  RAMGS3                0000f000   00000ff8  00000000  00000ff8  RWIX
  FLASH_BANK0_SEC0      00080002   00000ffe  00000000  00000ffe  RWIX
  FLASH_BANK0_SEC1      00081000   00001000  00000000  00001000  RWIX
  FLASH_BANK0_SEC2      00082000   00001000  00000000  00001000  RWIX
  FLASH_BANK0_SEC3      00083000   00001000  00000000  00001000  RWIX
  FLASH_BANK0_SEC4      00084000   00001000  00000000  00001000  RWIX
  FLASH_BANK0_SEC5      00085000   00001000  00000000  00001000  RWIX
  FLASH_BANK0_SEC6      00086000   00001000  00000000  00001000  RWIX
  FLASH_BANK0_SEC7      00087000   00001000  00000000  00001000  RWIX
  FLASH_BANK0_SEC8      00088000   00001000  00000000  00001000  RWIX
  FLASH_BANK0_SEC9      00089000   00001000  00000000  00001000  RWIX
  FLASH_BANK0_SEC10     0008a000   00001000  00000000  00001000  RWIX
  FLASH_BANK0_SEC11     0008b000   00001000  00000000  00001000  RWIX
  FLASH_BANK0_SEC12     0008c000   00001000  00000000  00001000  RWIX
  FLASH_BANK0_SEC13     0008d000   00001000  00000000  00001000  RWIX
  FLASH_BANK0_SEC14     0008e000   00001000  00000000  00001000  RWIX
  FLASH_BANK0_SEC15     0008f000   00001000  00000000  00001000  RWIX
  FLASH_BANK1_SEC0      00090000   00001000  00000000  00001000  RWIX
  FLASH_BANK1_SEC1      00091000   00001000  00000000  00001000  RWIX
  FLASH_BANK1_SEC2      00092000   00001000  00000000  00001000  RWIX
  FLASH_BANK1_SEC3      00093000   00001000  00000000  00001000  RWIX
  FLASH_BANK1_SEC4      00094000   00001000  00000000  00001000  RWIX
  FLASH_BANK1_SEC5      00095000   00001000  00000000  00001000  RWIX
  FLASH_BANK1_SEC6      00096000   00001000  00000000  00001000  RWIX
  FLASH_BANK1_SEC7      00097000   00001000  00000000  00001000  RWIX
  FLASH_BANK1_SEC8      00098000   00001000  00000000  00001000  RWIX
  FLASH_BANK1_SEC9      00099000   00001000  00000000  00001000  RWIX
  FLASH_BANK1_SEC10     0009a000   00001000  00000000  00001000  RWIX
  FLASH_BANK1_SEC11     0009b000   00001000  00000000  00001000  RWIX
  FLASH_BANK1_SEC12     0009c000   00001000  00000000  00001000  RWIX
  FLASH_BANK1_SEC13     0009d000   00001000  00000000  00001000  RWIX
  FLASH_BANK1_SEC14     0009e000   00001000  00000000  00001000  RWIX
  FLASH_BANK1_SEC15     0009f000   00001000  00000000  00001000  RWIX
  FLASH_BANK2_SEC0      000a0000   00001000  00000000  00001000  RWIX
  FLASH_BANK2_SEC1      000a1000   00001000  00000000  00001000  RWIX
  FLASH_BANK2_SEC2      000a2000   00001000  00000000  00001000  RWIX
  FLASH_BANK2_SEC3      000a3000   00001000  00000000  00001000  RWIX
  FLASH_BANK2_SEC4      000a4000   00001000  00000000  00001000  RWIX
  FLASH_BANK2_SEC5      000a5000   00001000  00000000  00001000  RWIX
  FLASH_BANK2_SEC6      000a6000   00001000  00000000  00001000  RWIX
  FLASH_BANK2_SEC7      000a7000   00001000  00000000  00001000  RWIX
  FLASH_BANK2_SEC8      000a8000   00001000  00000000  00001000  RWIX
  FLASH_BANK2_SEC9      000a9000   00001000  00000000  00001000  RWIX
  FLASH_BANK2_SEC10     000aa000   00001000  00000000  00001000  RWIX
  FLASH_BANK2_SEC11     000ab000   00001000  00000000  00001000  RWIX
  FLASH_BANK2_SEC12     000ac000   00001000  00000000  00001000  RWIX
  FLASH_BANK2_SEC13     000ad000   00001000  00000000  00001000  RWIX
  FLASH_BANK2_SEC14     000ae000   00001000  00000000  00001000  RWIX
  FLASH_BANK2_SEC15     000af000   00000ff0  00000000  00000ff0  RWIX
  SECURE_ROM            003f2000   00006000  00000000  00006000  RWIX
  BOOTROM               003f8000   00007fc0  00000000  00007fc0  RWIX
  RESET                 003fffc0   00000002  00000000  00000002  RWIX


SECTION ALLOCATION MAP

 output                                  attributes/
section   page    origin      length       input sections
--------  ----  ----------  ----------   ----------------
codestart 
*          0    00000000    00000002     
                  00000000    00000002     f28003x_codestartbranch.obj (codestart)

.TI.ramfunc 
*          0    00000128    00000004     
                  00000128    00000004     driverlib.lib : sysctl.obj (.TI.ramfunc)

.cinit     0    0000012c    00000010     
                  0000012c    00000008     (.cinit..data.load) [load image, compression = lzss]
                  00000134    00000004     (__TI_handler_table)
                  00000138    00000004     (__TI_cinit_table)

.reset     0    003fffc0    00000000     DSECT

.stack     0    00000400    00000200     UNINITIALIZED
                  00000400    00000200     --HOLE--

.init_array 
*          0    00000128    00000000     UNINITIALIZED

.data      0    0000a800    0000000a     UNINITIALIZED
                  0000a800    00000006     rts2800_fpu32_eabi.lib : exit.c.obj (.data)
                  0000a806    00000002                            : _lock.c.obj (.data:_lock)
                  0000a808    00000002                            : _lock.c.obj (.data:_unlock)

.const     0    0000a80a    000001c4     
                  0000a80a    0000009a     driverlib.lib : sysctl.obj (.const:.string)
                  0000a8a4    00000098                   : gpio.obj (.const:.string)
                  0000a93c    00000053     device.obj (.const:.string)
                  0000a98f    00000001     --HOLE-- [fill = 0]
                  0000a990    0000003e     main.obj (.const:.string)

.text.1    0    00008000    00000800     
                  00008000    00000123     driverlib.lib : sysctl.obj (.text:SysCtl_setClock)
                  00008123    000000fe                   : sysctl.obj (.text:SysCtl_isPLLValid)
                  00008221    000000ce     device.obj (.text:Device_enableAllPeripherals)
                  000082ef    00000088     rts2800_fpu32_eabi.lib : fs_div28.asm.obj (.text)
                  00008377    00000073     driverlib.lib : sysctl.obj (.text:DCC_setCounterSeeds)
                  000083ea    0000006a                   : gpio.obj (.text:GPIO_setAnalogMode)
                  00008454    00000065                   : sysctl.obj (.text:SysCtl_getClock)
                  000084b9    00000052                   : gpio.obj (.text:GPIO_setPadConfig)
                  0000850b    0000004d                   : sysctl.obj (.text:SysCtl_selectOscSource)
                  00008558    00000046                   : sysctl.obj (.text:SysCtl_selectXTAL)
                  0000859e    00000045                   : sysctl.obj (.text:SysCtl_pollX1Counter)
                  000085e3    0000003e     device.obj (.text:Device_init)
                  00008621    0000003d     driverlib.lib : interrupt.obj (.text:Interrupt_initModule)
                  0000865e    00000031                   : gpio.obj (.text:GPIO_setDirectionMode)
                  0000868f    0000002e     rts2800_fpu32_eabi.lib : copy_decompress_lzss.c.obj (.text:decompress:lzss)
                  000086bd    0000002d     main.obj (.text:main)
                  000086ea    0000002b     rts2800_fpu32_eabi.lib : autoinit.c.obj (.text:__TI_auto_init_nobinit_nopinit)
                  00008715    00000029                            : exit.c.obj (.text)
                  0000873e    00000027     main.obj (.text:GPIO_writePin)
                  00008765    00000025     driverlib.lib : sysctl.obj (.text:SysCtl_selectXTALSingleEnded)
                  0000878a    00000024                   : sysctl.obj (.text:DCC_enableSingleShotMode)
                  000087ae    0000001f     main.obj (.text:GPIO_togglePin)
                  000087cd    0000001e     driverlib.lib : sysctl.obj (.text:DCC_setCounter0ClkSource)
                  000087eb    00000015                   : sysctl.obj (.text:DCC_clearDoneFlag)

.text.2    0    00008800    00000252     
                  00008800    0000001e     driverlib.lib : sysctl.obj (.text:DCC_setCounter1ClkSource)
                  0000881e    0000001e                   : interrupt.obj (.text:Interrupt_initVectorTable)
                  0000883c    0000001d     rts2800_fpu32_eabi.lib : memcpy.c.obj (.text)
                  00008859    0000001a     driverlib.lib : sysctl.obj (.text:SysCtl_getLowSpeedClock)
                  00008873    00000019                   : sysctl.obj (.text:SysCtl_setPLLSysClk)
                  0000888c    00000017     device.obj (.text:SysCtl_enablePeripheral)
                  000088a3    00000017     driverlib.lib : sysctl.obj (.text:SysCtl_enablePeripheral)
                  000088ba    00000017     rts2800_fpu32_eabi.lib : boot28.asm.obj (.text)
                  000088d1    00000016     driverlib.lib : sysctl.obj (.text:DCC_disableDoneSignal)
                  000088e7    00000016                   : interrupt.obj (.text:Interrupt_defaultHandler)
                  000088fd    00000015                   : sysctl.obj (.text:DCC_clearErrorFlag)
                  00008912    00000015                   : sysctl.obj (.text:DCC_disableErrorSignal)
                  00008927    00000015                   : sysctl.obj (.text:DCC_isBaseValid)
                  0000893c    00000015     device.obj (.text:GPIO_unlockPortConfig)
                  00008951    00000015     main.obj (.text:gpio_config)
                  00008966    00000014     driverlib.lib : sysctl.obj (.text:DCC_disableModule)
                  0000897a    00000014                   : sysctl.obj (.text:DCC_enableModule)
                  0000898e    00000014                   : gpio.obj (.text:GPIO_isPinValid)
                  000089a2    00000014     main.obj (.text:GPIO_isPinValid)
                  000089b6    00000010     device.obj (.text:Device_initGPIO)
                  000089c6    0000000d     driverlib.lib : interrupt.obj (.text:Interrupt_disableGlobal)
                  000089d3    0000000d     device.obj (.text:SysCtl_setLowSpeedClock)
                  000089e0    0000000c     rts2800_fpu32_eabi.lib : args_main.c.obj (.text)
                  000089ec    0000000b     device.obj (.text:SysCtl_disableWatchdog)
                  000089f7    0000000b     driverlib.lib : sysctl.obj (.text:SysCtl_isMCDClockFailureDetected)
                  00008a02    0000000a                   : interrupt.obj (.text:Interrupt_illegalOperationHandler)
                  00008a0c    0000000a                   : interrupt.obj (.text:Interrupt_nmiHandler)
                  00008a16    00000009     rts2800_fpu32_eabi.lib : _lock.c.obj (.text)
                  00008a1f    00000008                            : copy_decompress_none.c.obj (.text:decompress:none)
                  00008a27    00000008     f28003x_codestartbranch.obj (.text)
                  00008a2f    00000007     device.obj (.text:ASysCtl_lockVREG)
                  00008a36    00000007     driverlib.lib : sysctl.obj (.text:SysCtl_resetMCD)
                  00008a3d    00000007     device.obj (.text:__error__)
                  00008a44    00000005     board.obj (.text:Board_init)
                  00008a49    00000004     device.obj (.text:SysCtl_deviceCal)
                  00008a4d    00000002     rts2800_fpu32_eabi.lib : pre_init.c.obj (.text)
                  00008a4f    00000001     c2000ware_libraries.obj (.text:C2000Ware_libraries_init)
                  00008a50    00000001     board.obj (.text:PinMux_init)
                  00008a51    00000001     rts2800_fpu32_eabi.lib : startup.c.obj (.text)

MODULE SUMMARY

       Module                        code   ro data   rw data
       ------                        ----   -------   -------
    .\
       main.obj                      156    62        0      
    +--+-----------------------------+------+---------+---------+
       Total:                        156    62        0      
                                                             
    .\device\
       device.obj                    370    83        0      
       f28003x_codestartbranch.obj   10     0         0      
    +--+-----------------------------+------+---------+---------+
       Total:                        380    83        0      
                                                             
    .\syscfg\
       board.obj                     6      0         0      
       c2000ware_libraries.obj       1      0         0      
    +--+-----------------------------+------+---------+---------+
       Total:                        7      0         0      
                                                             
    C:/ti/C2000Ware_6_00_01_00/driverlib/f28003x/driverlib/ccs/Debug/driverlib.lib
       sysctl.obj                    1352   154       0      
       gpio.obj                      257    152       0      
       interrupt.obj                 146    0         0      
    +--+-----------------------------+------+---------+---------+
       Total:                        1755   306       0      
                                                             
    C:\ti\ccs2031\ccs\tools\compiler\ti-cgt-c2000_22.6.2.LTS\lib\rts2800_fpu32_eabi.lib
       fs_div28.asm.obj              136    0         0      
       exit.c.obj                    41     0         6      
       copy_decompress_lzss.c.obj    46     0         0      
       autoinit.c.obj                43     0         0      
       memcpy.c.obj                  29     0         0      
       boot28.asm.obj                23     0         0      
       _lock.c.obj                   9      0         4      
       args_main.c.obj               12     0         0      
       copy_decompress_none.c.obj    8      0         0      
       pre_init.c.obj                2      0         0      
       startup.c.obj                 1      0         0      
    +--+-----------------------------+------+---------+---------+
       Total:                        350    0         10     
                                                             
       Stack:                        0      0         512    
       Linker Generated:             0      16        0      
    +--+-----------------------------+------+---------+---------+
       Grand Total:                  2648   467       522    


LINKER GENERATED COPY TABLES

__TI_cinit_table @ 00000138 records: 1, size/record: 4, table size: 4
	.data: load addr=0000012c, load size=00000008 bytes, run addr=0000a800, run size=0000000a bytes, compression=lzss


LINKER GENERATED HANDLER TABLE

__TI_handler_table @ 00000134 records: 2, size/record: 2, table size: 4
	index: 0, handler: __TI_decompress_lzss
	index: 1, handler: __TI_decompress_none


GLOBAL DATA SYMBOLS: SORTED BY DATA PAGE

address     data page           name
--------    ----------------    ----
00000400      10 (00000400)     __stack

0000a800     2a0 (0000a800)     __TI_enable_exit_profile_output
0000a802     2a0 (0000a800)     __TI_cleanup_ptr
0000a804     2a0 (0000a800)     __TI_dtors_ptr
0000a806     2a0 (0000a800)     _lock
0000a808     2a0 (0000a800)     _unlock


GLOBAL SYMBOLS: SORTED ALPHABETICALLY BY Name 

page  address   name                             
----  -------   ----                             
0     00008a44  Board_init                       
0     00008715  C$$EXIT                          
0     00008a4f  C2000Ware_libraries_init         
0     00008221  Device_enableAllPeripherals      
0     000085e3  Device_init                      
0     000089b6  Device_initGPIO                  
0     000083ea  GPIO_setAnalogMode               
0     0000865e  GPIO_setDirectionMode            
0     000084b9  GPIO_setPadConfig                
0     000088e7  Interrupt_defaultHandler         
0     00008a02  Interrupt_illegalOperationHandler
0     00008621  Interrupt_initModule             
0     0000881e  Interrupt_initVectorTable        
0     00008a0c  Interrupt_nmiHandler             
0     00008a50  PinMux_init                      
0     00000128  SysCtl_delay                     
0     00008454  SysCtl_getClock                  
0     00008859  SysCtl_getLowSpeedClock          
0     00008123  SysCtl_isPLLValid                
0     0000850b  SysCtl_selectOscSource           
0     00008558  SysCtl_selectXTAL                
0     00008765  SysCtl_selectXTALSingleEnded     
0     00008000  SysCtl_setClock                  
0     00000138  __TI_CINIT_Base                  
0     0000013c  __TI_CINIT_Limit                 
0     0000013c  __TI_CINIT_Warm                  
0     00000134  __TI_Handler_Table_Base          
0     00000138  __TI_Handler_Table_Limit         
0     00000600  __TI_STACK_END                   
abs   00000200  __TI_STACK_SIZE                  
0     000086ea  __TI_auto_init_nobinit_nopinit   
0     0000a802  __TI_cleanup_ptr                 
0     0000868f  __TI_decompress_lzss             
0     00008a1f  __TI_decompress_none             
0     0000a804  __TI_dtors_ptr                   
0     0000a800  __TI_enable_exit_profile_output  
abs   ffffffff  __TI_pprof_out_hndl              
abs   ffffffff  __TI_prof_data_size              
abs   ffffffff  __TI_prof_data_start             
0     000082ef  __c28xabi_divf                   
n/a   UNDEFED   __c_args__                       
0     00008a3d  __error__                        
0     00000400  __stack                          
0     000089e0  _args_main                       
0     000088ba  _c_int00                         
0     0000a806  _lock                            
0     00008a1e  _nop                             
0     00008a1a  _register_lock                   
0     00008a16  _register_unlock                 
0     00008a51  _system_post_cinit               
0     00008a4d  _system_pre_init                 
0     0000a808  _unlock                          
0     00008715  abort                            
0     00000000  code_start                       
0     00008717  exit                             
0     00008951  gpio_config                      
0     000086bd  main                             
0     0000883c  memcpy                           


GLOBAL SYMBOLS: SORTED BY Symbol Address 

page  address   name                             
----  -------   ----                             
0     00000000  code_start                       
0     00000128  SysCtl_delay                     
0     00000134  __TI_Handler_Table_Base          
0     00000138  __TI_CINIT_Base                  
0     00000138  __TI_Handler_Table_Limit         
0     0000013c  __TI_CINIT_Limit                 
0     0000013c  __TI_CINIT_Warm                  
0     00000400  __stack                          
0     00000600  __TI_STACK_END                   
0     00008000  SysCtl_setClock                  
0     00008123  SysCtl_isPLLValid                
0     00008221  Device_enableAllPeripherals      
0     000082ef  __c28xabi_divf                   
0     000083ea  GPIO_setAnalogMode               
0     00008454  SysCtl_getClock                  
0     000084b9  GPIO_setPadConfig                
0     0000850b  SysCtl_selectOscSource           
0     00008558  SysCtl_selectXTAL                
0     000085e3  Device_init                      
0     00008621  Interrupt_initModule             
0     0000865e  GPIO_setDirectionMode            
0     0000868f  __TI_decompress_lzss             
0     000086bd  main                             
0     000086ea  __TI_auto_init_nobinit_nopinit   
0     00008715  C$$EXIT                          
0     00008715  abort                            
0     00008717  exit                             
0     00008765  SysCtl_selectXTALSingleEnded     
0     0000881e  Interrupt_initVectorTable        
0     0000883c  memcpy                           
0     00008859  SysCtl_getLowSpeedClock          
0     000088ba  _c_int00                         
0     000088e7  Interrupt_defaultHandler         
0     00008951  gpio_config                      
0     000089b6  Device_initGPIO                  
0     000089e0  _args_main                       
0     00008a02  Interrupt_illegalOperationHandler
0     00008a0c  Interrupt_nmiHandler             
0     00008a16  _register_unlock                 
0     00008a1a  _register_lock                   
0     00008a1e  _nop                             
0     00008a1f  __TI_decompress_none             
0     00008a3d  __error__                        
0     00008a44  Board_init                       
0     00008a4d  _system_pre_init                 
0     00008a4f  C2000Ware_libraries_init         
0     00008a50  PinMux_init                      
0     00008a51  _system_post_cinit               
0     0000a800  __TI_enable_exit_profile_output  
0     0000a802  __TI_cleanup_ptr                 
0     0000a804  __TI_dtors_ptr                   
0     0000a806  _lock                            
0     0000a808  _unlock                          
abs   00000200  __TI_STACK_SIZE                  
abs   ffffffff  __TI_pprof_out_hndl              
abs   ffffffff  __TI_prof_data_size              
abs   ffffffff  __TI_prof_data_start             
n/a   UNDEFED   __c_args__                       

[58 symbols]
