******************************************************************************
             TMS320C2000 Linker PC v22.6.2                     
******************************************************************************
>> Linked Thu Jan 29 14:17:53 2026

OUTPUT FILE NAME:   <02_adc_pwm_triggered_interrupt.out>
ENTRY POINT SYMBOL: "code_start"  address: 00000000


MEMORY CONFIGURATION

         name            origin    length      used     unused   attr    fill
----------------------  --------  ---------  --------  --------  ----  --------
  BEGIN                 00000000   00000002  00000002  00000000  RWIX
  BOOT_RSVD             00000002   00000126  00000000  00000126  RWIX
  RAMM0                 00000128   000002d8  0000001e  000002ba  RWIX
  RAMM1                 00000400   000003f8  00000200  000001f8  RWIX
  RAMLS0                00008000   00000800  00000800  00000000  RWIX
  RAMLS1                00008800   00000800  0000061a  000001e6  RWIX
  RAMLS2                00009000   00000800  00000000  00000800  RWIX
  RAMLS3                00009800   00000800  00000000  00000800  RWIX
  RAMLS4                0000a000   00000800  00000000  00000800  RWIX
  RAMLS5                0000a800   00000800  00000258  000005a8  RWIX
  RAMLS6_7              0000b000   00001000  00000000  00001000  RWIX
  RAMGS0                0000c000   00001000  00000000  00001000  RWIX
  RAMGS1                0000d000   00001000  00000000  00001000  RWIX
  RAMGS2                0000e000   00001000  00000000  00001000  RWIX
  RAMGS3                0000f000   00000ff8  00000000  00000ff8  RWIX
  FLASH_BANK0_SEC0      00080002   00000ffe  00000000  00000ffe  RWIX
  FLASH_BANK0_SEC1      00081000   00001000  00000000  00001000  RWIX
  FLASH_BANK0_SEC2      00082000   00001000  00000000  00001000  RWIX
  FLASH_BANK0_SEC3      00083000   00001000  00000000  00001000  RWIX
  FLASH_BANK0_SEC4      00084000   00001000  00000000  00001000  RWIX
  FLASH_BANK0_SEC5      00085000   00001000  00000000  00001000  RWIX
  FLASH_BANK0_SEC6      00086000   00001000  00000000  00001000  RWIX
  FLASH_BANK0_SEC7      00087000   00001000  00000000  00001000  RWIX
  FLASH_BANK0_SEC8      00088000   00001000  00000000  00001000  RWIX
  FLASH_BANK0_SEC9      00089000   00001000  00000000  00001000  RWIX
  FLASH_BANK0_SEC10     0008a000   00001000  00000000  00001000  RWIX
  FLASH_BANK0_SEC11     0008b000   00001000  00000000  00001000  RWIX
  FLASH_BANK0_SEC12     0008c000   00001000  00000000  00001000  RWIX
  FLASH_BANK0_SEC13     0008d000   00001000  00000000  00001000  RWIX
  FLASH_BANK0_SEC14     0008e000   00001000  00000000  00001000  RWIX
  FLASH_BANK0_SEC15     0008f000   00001000  00000000  00001000  RWIX
  FLASH_BANK1_SEC0      00090000   00001000  00000000  00001000  RWIX
  FLASH_BANK1_SEC1      00091000   00001000  00000000  00001000  RWIX
  FLASH_BANK1_SEC2      00092000   00001000  00000000  00001000  RWIX
  FLASH_BANK1_SEC3      00093000   00001000  00000000  00001000  RWIX
  FLASH_BANK1_SEC4      00094000   00001000  00000000  00001000  RWIX
  FLASH_BANK1_SEC5      00095000   00001000  00000000  00001000  RWIX
  FLASH_BANK1_SEC6      00096000   00001000  00000000  00001000  RWIX
  FLASH_BANK1_SEC7      00097000   00001000  00000000  00001000  RWIX
  FLASH_BANK1_SEC8      00098000   00001000  00000000  00001000  RWIX
  FLASH_BANK1_SEC9      00099000   00001000  00000000  00001000  RWIX
  FLASH_BANK1_SEC10     0009a000   00001000  00000000  00001000  RWIX
  FLASH_BANK1_SEC11     0009b000   00001000  00000000  00001000  RWIX
  FLASH_BANK1_SEC12     0009c000   00001000  00000000  00001000  RWIX
  FLASH_BANK1_SEC13     0009d000   00001000  00000000  00001000  RWIX
  FLASH_BANK1_SEC14     0009e000   00001000  00000000  00001000  RWIX
  FLASH_BANK1_SEC15     0009f000   00001000  00000000  00001000  RWIX
  FLASH_BANK2_SEC0      000a0000   00001000  00000000  00001000  RWIX
  FLASH_BANK2_SEC1      000a1000   00001000  00000000  00001000  RWIX
  FLASH_BANK2_SEC2      000a2000   00001000  00000000  00001000  RWIX
  FLASH_BANK2_SEC3      000a3000   00001000  00000000  00001000  RWIX
  FLASH_BANK2_SEC4      000a4000   00001000  00000000  00001000  RWIX
  FLASH_BANK2_SEC5      000a5000   00001000  00000000  00001000  RWIX
  FLASH_BANK2_SEC6      000a6000   00001000  00000000  00001000  RWIX
  FLASH_BANK2_SEC7      000a7000   00001000  00000000  00001000  RWIX
  FLASH_BANK2_SEC8      000a8000   00001000  00000000  00001000  RWIX
  FLASH_BANK2_SEC9      000a9000   00001000  00000000  00001000  RWIX
  FLASH_BANK2_SEC10     000aa000   00001000  00000000  00001000  RWIX
  FLASH_BANK2_SEC11     000ab000   00001000  00000000  00001000  RWIX
  FLASH_BANK2_SEC12     000ac000   00001000  00000000  00001000  RWIX
  FLASH_BANK2_SEC13     000ad000   00001000  00000000  00001000  RWIX
  FLASH_BANK2_SEC14     000ae000   00001000  00000000  00001000  RWIX
  FLASH_BANK2_SEC15     000af000   00000ff0  00000000  00000ff0  RWIX
  SECURE_ROM            003f2000   00006000  00000000  00006000  RWIX
  BOOTROM               003f8000   00007fc0  00000000  00007fc0  RWIX
  RESET                 003fffc0   00000002  00000000  00000002  RWIX


SECTION ALLOCATION MAP

 output                                  attributes/
section   page    origin      length       input sections
--------  ----  ----------  ----------   ----------------
codestart 
*          0    00000000    00000002     
                  00000000    00000002     f28003x_codestartbranch.obj (codestart)

.TI.ramfunc 
*          0    00000128    00000004     
                  00000128    00000004     driverlib.lib : sysctl.obj (.TI.ramfunc)

.cinit     0    0000012c    0000001a     
                  0000012c    00000008     (.cinit..data.load) [load image, compression = lzss]
                  00000134    00000006     (__TI_handler_table)
                  0000013a    00000004     (.cinit..bss.load) [load image, compression = zero_init]
                  0000013e    00000008     (__TI_cinit_table)

.reset     0    003fffc0    00000000     DSECT

.stack     0    00000400    00000200     UNINITIALIZED
                  00000400    00000200     --HOLE--

.bss       0    0000a80a    00000001     UNINITIALIZED
                  0000a80a    00000001     main.obj (.bss)

.init_array 
*          0    00000128    00000000     UNINITIALIZED

.data      0    0000a800    0000000a     UNINITIALIZED
                  0000a800    00000006     rts2800_fpu32_eabi.lib : exit.c.obj (.data)
                  0000a806    00000002                            : _lock.c.obj (.data:_lock)
                  0000a808    00000002                            : _lock.c.obj (.data:_unlock)

.const     0    0000a80c    0000024d     
                  0000a80c    0000009a     driverlib.lib : sysctl.obj (.const:.string)
                  0000a8a6    00000098                   : gpio.obj (.const:.string)
                  0000a93e    0000007c     main.obj (.const:.string)
                  0000a9ba    00000053     device.obj (.const:.string)
                  0000aa0d    00000001     --HOLE-- [fill = 0]
                  0000aa0e    0000004b     driverlib.lib : adc.obj (.const:.string)

.text.1    0    00008000    00000800     
                  00008000    00000123     driverlib.lib : sysctl.obj (.text:SysCtl_setClock)
                  00008123    000000fe                   : sysctl.obj (.text:SysCtl_isPLLValid)
                  00008221    000000ce     device.obj (.text:Device_enableAllPeripherals)
                  000082ef    00000088     rts2800_fpu32_eabi.lib : fs_div28.asm.obj (.text)
                  00008377    00000075     main.obj (.text:EPWM_setADCTriggerSource)
                  000083ec    00000073     driverlib.lib : sysctl.obj (.text:DCC_setCounterSeeds)
                  0000845f    0000006a                   : gpio.obj (.text:GPIO_setAnalogMode)
                  000084c9    00000065                   : sysctl.obj (.text:SysCtl_getClock)
                  0000852e    0000004d                   : sysctl.obj (.text:SysCtl_selectOscSource)
                  0000857b    0000004c     main.obj (.text:ADC_INTERRUPT)
                  000085c7    0000004a     main.obj (.text:myADC0_init)
                  00008611    00000046     main.obj (.text:ADC_setupSOC)
                  00008657    00000046     driverlib.lib : sysctl.obj (.text:SysCtl_selectXTAL)
                  0000869d    00000045                   : sysctl.obj (.text:SysCtl_pollX1Counter)
                  000086e2    0000003e     device.obj (.text:Device_init)
                  00008720    0000003d     driverlib.lib : interrupt.obj (.text:Interrupt_initModule)
                  0000875d    0000003a     main.obj (.text:EPWM_setADCTriggerEventPrescale)
                  00008797    00000037     driverlib.lib : interrupt.obj (.text:Interrupt_enable)
                  000087ce    0000002f     main.obj (.text:ADC_setInterruptSource)
                  000087fd    00000002     rts2800_fpu32_eabi.lib : pre_init.c.obj (.text)
                  000087ff    00000001     c2000ware_libraries.obj (.text:C2000Ware_libraries_init)

.text.2    0    00008800    0000061a     
                  00008800    0000002e     main.obj (.text:ADC_setInterruptSOCTrigger)
                  0000882e    0000002e     rts2800_fpu32_eabi.lib : copy_decompress_lzss.c.obj (.text:decompress:lzss)
                  0000885c    0000002b     main.obj (.text:EPWM_isBaseValid)
                  00008887    0000002b     rts2800_fpu32_eabi.lib : autoinit.c.obj (.text:__TI_auto_init_nobinit_nopinit)
                  000088b2    0000002a     main.obj (.text:initEPWM)
                  000088dc    00000029     rts2800_fpu32_eabi.lib : exit.c.obj (.text)
                  00008905    00000028     driverlib.lib : adc.obj (.text:ADC_setOffsetTrimAll)
                  0000892d    00000027                   : adc.obj (.text:ADC_setVREF)
                  00008954    00000025                   : sysctl.obj (.text:SysCtl_selectXTALSingleEnded)
                  00008979    00000024                   : sysctl.obj (.text:DCC_enableSingleShotMode)
                  0000899d    00000022     main.obj (.text:EPWM_setCounterCompareValue)
                  000089bf    00000021     main.obj (.text:ADC_disableContinuousMode)
                  000089e0    00000020     main.obj (.text:ADC_enableInterrupt)
                  00008a00    00000020     main.obj (.text:main)
                  00008a20    0000001e     driverlib.lib : sysctl.obj (.text:DCC_setCounter0ClkSource)
                  00008a3e    0000001e                   : sysctl.obj (.text:DCC_setCounter1ClkSource)
                  00008a5c    0000001e                   : interrupt.obj (.text:Interrupt_initVectorTable)
                  00008a7a    0000001d     main.obj (.text:ADC_getInterruptOverflowStatus)
                  00008a97    0000001d     rts2800_fpu32_eabi.lib : memcpy.c.obj (.text)
                  00008ab4    0000001c     main.obj (.text:ADC_setSOCPriority)
                  00008ad0    0000001c     main.obj (.text:EPWM_disableADCTrigger)
                  00008aec    0000001c     main.obj (.text:EPWM_enableADCTrigger)
                  00008b08    0000001c     main.obj (.text:EPWM_setClockPrescaler)
                  00008b24    0000001a     main.obj (.text:ADC_readResult)
                  00008b3e    0000001a     driverlib.lib : sysctl.obj (.text:SysCtl_getLowSpeedClock)
                  00008b58    00000019                   : sysctl.obj (.text:SysCtl_setPLLSysClk)
                  00008b71    00000017                   : adc.obj (.text:ADC_isBaseValid)
                  00008b88    00000017     main.obj (.text:ADC_isBaseValid)
                  00008b9f    00000017     device.obj (.text:SysCtl_enablePeripheral)
                  00008bb6    00000017     driverlib.lib : sysctl.obj (.text:SysCtl_enablePeripheral)
                  00008bcd    00000017     rts2800_fpu32_eabi.lib : boot28.asm.obj (.text)
                  00008be4    00000016     main.obj (.text:ADC_setInterruptPulseMode)
                  00008bfa    00000016     main.obj (.text:ADC_setPrescaler)
                  00008c10    00000016     driverlib.lib : sysctl.obj (.text:DCC_disableDoneSignal)
                  00008c26    00000016                   : interrupt.obj (.text:Interrupt_defaultHandler)
                  00008c3c    00000015     main.obj (.text:ADC_disableBurstMode)
                  00008c51    00000015     driverlib.lib : sysctl.obj (.text:DCC_clearDoneFlag)
                  00008c66    00000015                   : sysctl.obj (.text:DCC_clearErrorFlag)
                  00008c7b    00000015                   : sysctl.obj (.text:DCC_disableErrorSignal)
                  00008c90    00000015                   : sysctl.obj (.text:DCC_isBaseValid)
                  00008ca5    00000015     device.obj (.text:GPIO_unlockPortConfig)
                  00008cba    00000014     main.obj (.text:ADC_clearInterruptOverflowStatus)
                  00008cce    00000014     main.obj (.text:ADC_clearInterruptStatus)
                  00008ce2    00000014     driverlib.lib : sysctl.obj (.text:DCC_disableModule)
                  00008cf6    00000014                   : sysctl.obj (.text:DCC_enableModule)
                  00008d0a    00000014     main.obj (.text:EPWM_setTimeBaseCounterMode)
                  00008d1e    00000014     main.obj (.text:EPWM_setTimeBasePeriod)
                  00008d32    00000013     main.obj (.text:ADC_enableConverter)
                  00008d45    00000010     device.obj (.text:Device_initGPIO)
                  00008d55    0000000f     main.obj (.text:Interrupt_register)
                  00008d64    0000000d     main.obj (.text:INTERRUPT_init)
                  00008d71    0000000d     driverlib.lib : interrupt.obj (.text:Interrupt_disableGlobal)
                  00008d7e    0000000d                   : interrupt.obj (.text:Interrupt_enableGlobal)
                  00008d8b    0000000d     device.obj (.text:SysCtl_setLowSpeedClock)
                  00008d98    0000000d     rts2800_fpu32_eabi.lib : copy_zero_init.c.obj (.text:decompress:ZI:__TI_zero_init_nomemset)
                  00008da5    0000000c                            : args_main.c.obj (.text)
                  00008db1    0000000b     device.obj (.text:SysCtl_disableWatchdog)
                  00008dbc    0000000b     driverlib.lib : sysctl.obj (.text:SysCtl_isMCDClockFailureDetected)
                  00008dc7    0000000a                   : interrupt.obj (.text:Interrupt_illegalOperationHandler)
                  00008dd1    0000000a                   : interrupt.obj (.text:Interrupt_nmiHandler)
                  00008ddb    00000009     rts2800_fpu32_eabi.lib : _lock.c.obj (.text)
                  00008de4    00000008                            : copy_decompress_none.c.obj (.text:decompress:none)
                  00008dec    00000008     f28003x_codestartbranch.obj (.text)
                  00008df4    00000007     device.obj (.text:ASysCtl_lockVREG)
                  00008dfb    00000007     driverlib.lib : sysctl.obj (.text:SysCtl_resetMCD)
                  00008e02    00000007     device.obj (.text:__error__)
                  00008e09    00000006     main.obj (.text:Interrupt_clearACKGroup)
                  00008e0f    00000005     board.obj (.text:Board_init)
                  00008e14    00000004     device.obj (.text:SysCtl_deviceCal)
                  00008e18    00000001     board.obj (.text:PinMux_init)
                  00008e19    00000001     rts2800_fpu32_eabi.lib : startup.c.obj (.text)

MODULE SUMMARY

       Module                        code   ro data   rw data
       ------                        ----   -------   -------
    .\
       main.obj                      1092   124       1      
    +--+-----------------------------+------+---------+---------+
       Total:                        1092   124       1      
                                                             
    .\device\
       device.obj                    370    83        0      
       f28003x_codestartbranch.obj   10     0         0      
    +--+-----------------------------+------+---------+---------+
       Total:                        380    83        0      
                                                             
    .\syscfg\
       board.obj                     6      0         0      
       c2000ware_libraries.obj       1      0         0      
    +--+-----------------------------+------+---------+---------+
       Total:                        7      0         0      
                                                             
    C:/ti/C2000Ware_6_00_01_00/driverlib/f28003x/driverlib/ccs/Debug/driverlib.lib
       sysctl.obj                    1352   154       0      
       gpio.obj                      106    152       0      
       interrupt.obj                 214    0         0      
       adc.obj                       102    75        0      
    +--+-----------------------------+------+---------+---------+
       Total:                        1774   381       0      
                                                             
    C:\ti\ccs2031\ccs\tools\compiler\ti-cgt-c2000_22.6.2.LTS\lib\rts2800_fpu32_eabi.lib
       fs_div28.asm.obj              136    0         0      
       exit.c.obj                    41     0         6      
       copy_decompress_lzss.c.obj    46     0         0      
       autoinit.c.obj                43     0         0      
       memcpy.c.obj                  29     0         0      
       boot28.asm.obj                23     0         0      
       _lock.c.obj                   9      0         4      
       copy_zero_init.c.obj          13     0         0      
       args_main.c.obj               12     0         0      
       copy_decompress_none.c.obj    8      0         0      
       pre_init.c.obj                2      0         0      
       startup.c.obj                 1      0         0      
    +--+-----------------------------+------+---------+---------+
       Total:                        363    0         10     
                                                             
       Stack:                        0      0         512    
       Linker Generated:             0      26        0      
    +--+-----------------------------+------+---------+---------+
       Grand Total:                  3616   614       523    


LINKER GENERATED COPY TABLES

__TI_cinit_table @ 0000013e records: 2, size/record: 4, table size: 8
	.data: load addr=0000012c, load size=00000008 bytes, run addr=0000a800, run size=0000000a bytes, compression=lzss
	.bss: load addr=0000013a, load size=00000004 bytes, run addr=0000a80a, run size=00000001 bytes, compression=zero_init


LINKER GENERATED HANDLER TABLE

__TI_handler_table @ 00000134 records: 3, size/record: 2, table size: 6
	index: 0, handler: __TI_zero_init
	index: 1, handler: __TI_decompress_lzss
	index: 2, handler: __TI_decompress_none


GLOBAL DATA SYMBOLS: SORTED BY DATA PAGE

address     data page           name
--------    ----------------    ----
00000400      10 (00000400)     __stack

0000a800     2a0 (0000a800)     __TI_enable_exit_profile_output
0000a802     2a0 (0000a800)     __TI_cleanup_ptr
0000a804     2a0 (0000a800)     __TI_dtors_ptr
0000a806     2a0 (0000a800)     _lock
0000a808     2a0 (0000a800)     _unlock
0000a80a     2a0 (0000a800)     myADC0Result0


GLOBAL SYMBOLS: SORTED ALPHABETICALLY BY Name 

page  address   name                             
----  -------   ----                             
0     0000857b  ADC_INTERRUPT                    
0     00008905  ADC_setOffsetTrimAll             
0     0000892d  ADC_setVREF                      
0     00008e0f  Board_init                       
0     000088dc  C$$EXIT                          
0     000087ff  C2000Ware_libraries_init         
0     00008221  Device_enableAllPeripherals      
0     000086e2  Device_init                      
0     00008d45  Device_initGPIO                  
0     0000845f  GPIO_setAnalogMode               
0     00008d64  INTERRUPT_init                   
0     00008c26  Interrupt_defaultHandler         
0     00008797  Interrupt_enable                 
0     00008dc7  Interrupt_illegalOperationHandler
0     00008720  Interrupt_initModule             
0     00008a5c  Interrupt_initVectorTable        
0     00008dd1  Interrupt_nmiHandler             
0     00008e18  PinMux_init                      
0     00000128  SysCtl_delay                     
0     000084c9  SysCtl_getClock                  
0     00008b3e  SysCtl_getLowSpeedClock          
0     00008123  SysCtl_isPLLValid                
0     0000852e  SysCtl_selectOscSource           
0     00008657  SysCtl_selectXTAL                
0     00008954  SysCtl_selectXTALSingleEnded     
0     00008000  SysCtl_setClock                  
0     0000013e  __TI_CINIT_Base                  
0     00000146  __TI_CINIT_Limit                 
0     00000146  __TI_CINIT_Warm                  
0     00000134  __TI_Handler_Table_Base          
0     0000013a  __TI_Handler_Table_Limit         
0     00000600  __TI_STACK_END                   
abs   00000200  __TI_STACK_SIZE                  
0     00008887  __TI_auto_init_nobinit_nopinit   
0     0000a802  __TI_cleanup_ptr                 
0     0000882e  __TI_decompress_lzss             
0     00008de4  __TI_decompress_none             
0     0000a804  __TI_dtors_ptr                   
0     0000a800  __TI_enable_exit_profile_output  
abs   ffffffff  __TI_pprof_out_hndl              
abs   ffffffff  __TI_prof_data_size              
abs   ffffffff  __TI_prof_data_start             
0     00008d98  __TI_zero_init_nomemset          
0     000082ef  __c28xabi_divf                   
n/a   UNDEFED   __c_args__                       
0     00008e02  __error__                        
0     00000400  __stack                          
0     00008da5  _args_main                       
0     00008bcd  _c_int00                         
0     0000a806  _lock                            
0     00008de3  _nop                             
0     00008ddf  _register_lock                   
0     00008ddb  _register_unlock                 
0     00008e19  _system_post_cinit               
0     000087fd  _system_pre_init                 
0     0000a808  _unlock                          
0     000088dc  abort                            
0     00000000  code_start                       
0     000088de  exit                             
0     000088b2  initEPWM                         
0     00008a00  main                             
0     00008a97  memcpy                           
0     0000a80a  myADC0Result0                    
0     000085c7  myADC0_init                      


GLOBAL SYMBOLS: SORTED BY Symbol Address 

page  address   name                             
----  -------   ----                             
0     00000000  code_start                       
0     00000128  SysCtl_delay                     
0     00000134  __TI_Handler_Table_Base          
0     0000013a  __TI_Handler_Table_Limit         
0     0000013e  __TI_CINIT_Base                  
0     00000146  __TI_CINIT_Limit                 
0     00000146  __TI_CINIT_Warm                  
0     00000400  __stack                          
0     00000600  __TI_STACK_END                   
0     00008000  SysCtl_setClock                  
0     00008123  SysCtl_isPLLValid                
0     00008221  Device_enableAllPeripherals      
0     000082ef  __c28xabi_divf                   
0     0000845f  GPIO_setAnalogMode               
0     000084c9  SysCtl_getClock                  
0     0000852e  SysCtl_selectOscSource           
0     0000857b  ADC_INTERRUPT                    
0     000085c7  myADC0_init                      
0     00008657  SysCtl_selectXTAL                
0     000086e2  Device_init                      
0     00008720  Interrupt_initModule             
0     00008797  Interrupt_enable                 
0     000087fd  _system_pre_init                 
0     000087ff  C2000Ware_libraries_init         
0     0000882e  __TI_decompress_lzss             
0     00008887  __TI_auto_init_nobinit_nopinit   
0     000088b2  initEPWM                         
0     000088dc  C$$EXIT                          
0     000088dc  abort                            
0     000088de  exit                             
0     00008905  ADC_setOffsetTrimAll             
0     0000892d  ADC_setVREF                      
0     00008954  SysCtl_selectXTALSingleEnded     
0     00008a00  main                             
0     00008a5c  Interrupt_initVectorTable        
0     00008a97  memcpy                           
0     00008b3e  SysCtl_getLowSpeedClock          
0     00008bcd  _c_int00                         
0     00008c26  Interrupt_defaultHandler         
0     00008d45  Device_initGPIO                  
0     00008d64  INTERRUPT_init                   
0     00008d98  __TI_zero_init_nomemset          
0     00008da5  _args_main                       
0     00008dc7  Interrupt_illegalOperationHandler
0     00008dd1  Interrupt_nmiHandler             
0     00008ddb  _register_unlock                 
0     00008ddf  _register_lock                   
0     00008de3  _nop                             
0     00008de4  __TI_decompress_none             
0     00008e02  __error__                        
0     00008e0f  Board_init                       
0     00008e18  PinMux_init                      
0     00008e19  _system_post_cinit               
0     0000a800  __TI_enable_exit_profile_output  
0     0000a802  __TI_cleanup_ptr                 
0     0000a804  __TI_dtors_ptr                   
0     0000a806  _lock                            
0     0000a808  _unlock                          
0     0000a80a  myADC0Result0                    
abs   00000200  __TI_STACK_SIZE                  
abs   ffffffff  __TI_pprof_out_hndl              
abs   ffffffff  __TI_prof_data_size              
abs   ffffffff  __TI_prof_data_start             
n/a   UNDEFED   __c_args__                       

[64 symbols]
