******************************************************************************
             TMS320C2000 Linker PC v22.6.2                     
******************************************************************************
>> Linked Thu Jan 29 15:37:49 2026

OUTPUT FILE NAME:   <02_adc_pwm_tripe_ppb.out>
ENTRY POINT SYMBOL: "code_start"  address: 00000000


MEMORY CONFIGURATION

         name            origin    length      used     unused   attr    fill
----------------------  --------  ---------  --------  --------  ----  --------
  BEGIN                 00000000   00000002  00000002  00000000  RWIX
  BOOT_RSVD             00000002   00000126  00000000  00000126  RWIX
  RAMM0                 00000128   000002d8  0000001e  000002ba  RWIX
  RAMM1                 00000400   000003f8  00000200  000001f8  RWIX
  RAMLS0                00008000   00000800  00000800  00000000  RWIX
  RAMLS1                00008800   00000800  00000800  00000000  RWIX
  RAMLS2                00009000   00000800  0000039b  00000465  RWIX
  RAMLS3                00009800   00000800  00000000  00000800  RWIX
  RAMLS4                0000a000   00000800  00000000  00000800  RWIX
  RAMLS5                0000a800   00000800  00000258  000005a8  RWIX
  RAMLS6_7              0000b000   00001000  00000000  00001000  RWIX
  RAMGS0                0000c000   00001000  00000000  00001000  RWIX
  RAMGS1                0000d000   00001000  00000000  00001000  RWIX
  RAMGS2                0000e000   00001000  00000000  00001000  RWIX
  RAMGS3                0000f000   00000ff8  00000000  00000ff8  RWIX
  FLASH_BANK0_SEC0      00080002   00000ffe  00000000  00000ffe  RWIX
  FLASH_BANK0_SEC1      00081000   00001000  00000000  00001000  RWIX
  FLASH_BANK0_SEC2      00082000   00001000  00000000  00001000  RWIX
  FLASH_BANK0_SEC3      00083000   00001000  00000000  00001000  RWIX
  FLASH_BANK0_SEC4      00084000   00001000  00000000  00001000  RWIX
  FLASH_BANK0_SEC5      00085000   00001000  00000000  00001000  RWIX
  FLASH_BANK0_SEC6      00086000   00001000  00000000  00001000  RWIX
  FLASH_BANK0_SEC7      00087000   00001000  00000000  00001000  RWIX
  FLASH_BANK0_SEC8      00088000   00001000  00000000  00001000  RWIX
  FLASH_BANK0_SEC9      00089000   00001000  00000000  00001000  RWIX
  FLASH_BANK0_SEC10     0008a000   00001000  00000000  00001000  RWIX
  FLASH_BANK0_SEC11     0008b000   00001000  00000000  00001000  RWIX
  FLASH_BANK0_SEC12     0008c000   00001000  00000000  00001000  RWIX
  FLASH_BANK0_SEC13     0008d000   00001000  00000000  00001000  RWIX
  FLASH_BANK0_SEC14     0008e000   00001000  00000000  00001000  RWIX
  FLASH_BANK0_SEC15     0008f000   00001000  00000000  00001000  RWIX
  FLASH_BANK1_SEC0      00090000   00001000  00000000  00001000  RWIX
  FLASH_BANK1_SEC1      00091000   00001000  00000000  00001000  RWIX
  FLASH_BANK1_SEC2      00092000   00001000  00000000  00001000  RWIX
  FLASH_BANK1_SEC3      00093000   00001000  00000000  00001000  RWIX
  FLASH_BANK1_SEC4      00094000   00001000  00000000  00001000  RWIX
  FLASH_BANK1_SEC5      00095000   00001000  00000000  00001000  RWIX
  FLASH_BANK1_SEC6      00096000   00001000  00000000  00001000  RWIX
  FLASH_BANK1_SEC7      00097000   00001000  00000000  00001000  RWIX
  FLASH_BANK1_SEC8      00098000   00001000  00000000  00001000  RWIX
  FLASH_BANK1_SEC9      00099000   00001000  00000000  00001000  RWIX
  FLASH_BANK1_SEC10     0009a000   00001000  00000000  00001000  RWIX
  FLASH_BANK1_SEC11     0009b000   00001000  00000000  00001000  RWIX
  FLASH_BANK1_SEC12     0009c000   00001000  00000000  00001000  RWIX
  FLASH_BANK1_SEC13     0009d000   00001000  00000000  00001000  RWIX
  FLASH_BANK1_SEC14     0009e000   00001000  00000000  00001000  RWIX
  FLASH_BANK1_SEC15     0009f000   00001000  00000000  00001000  RWIX
  FLASH_BANK2_SEC0      000a0000   00001000  00000000  00001000  RWIX
  FLASH_BANK2_SEC1      000a1000   00001000  00000000  00001000  RWIX
  FLASH_BANK2_SEC2      000a2000   00001000  00000000  00001000  RWIX
  FLASH_BANK2_SEC3      000a3000   00001000  00000000  00001000  RWIX
  FLASH_BANK2_SEC4      000a4000   00001000  00000000  00001000  RWIX
  FLASH_BANK2_SEC5      000a5000   00001000  00000000  00001000  RWIX
  FLASH_BANK2_SEC6      000a6000   00001000  00000000  00001000  RWIX
  FLASH_BANK2_SEC7      000a7000   00001000  00000000  00001000  RWIX
  FLASH_BANK2_SEC8      000a8000   00001000  00000000  00001000  RWIX
  FLASH_BANK2_SEC9      000a9000   00001000  00000000  00001000  RWIX
  FLASH_BANK2_SEC10     000aa000   00001000  00000000  00001000  RWIX
  FLASH_BANK2_SEC11     000ab000   00001000  00000000  00001000  RWIX
  FLASH_BANK2_SEC12     000ac000   00001000  00000000  00001000  RWIX
  FLASH_BANK2_SEC13     000ad000   00001000  00000000  00001000  RWIX
  FLASH_BANK2_SEC14     000ae000   00001000  00000000  00001000  RWIX
  FLASH_BANK2_SEC15     000af000   00000ff0  00000000  00000ff0  RWIX
  SECURE_ROM            003f2000   00006000  00000000  00006000  RWIX
  BOOTROM               003f8000   00007fc0  00000000  00007fc0  RWIX
  RESET                 003fffc0   00000002  00000000  00000002  RWIX


SECTION ALLOCATION MAP

 output                                  attributes/
section   page    origin      length       input sections
--------  ----  ----------  ----------   ----------------
codestart 
*          0    00000000    00000002     
                  00000000    00000002     f28003x_codestartbranch.obj (codestart)

.TI.ramfunc 
*          0    00000128    00000004     
                  00000128    00000004     driverlib.lib : sysctl.obj (.TI.ramfunc)

.cinit     0    0000012c    0000001a     
                  0000012c    00000008     (.cinit..data.load) [load image, compression = lzss]
                  00000134    00000006     (__TI_handler_table)
                  0000013a    00000004     (.cinit..bss.load) [load image, compression = zero_init]
                  0000013e    00000008     (__TI_cinit_table)

.reset     0    003fffc0    00000000     DSECT

.stack     0    00000400    00000200     UNINITIALIZED
                  00000400    00000200     --HOLE--

.bss       0    0000a80a    00000001     UNINITIALIZED
                  0000a80a    00000001     main.obj (.bss)

.init_array 
*          0    00000128    00000000     UNINITIALIZED

.data      0    0000a800    0000000a     UNINITIALIZED
                  0000a800    00000006     rts2800_fpu32_eabi.lib : exit.c.obj (.data)
                  0000a806    00000002                            : _lock.c.obj (.data:_lock)
                  0000a808    00000002                            : _lock.c.obj (.data:_unlock)

.const     0    0000a80c    0000024d     
                  0000a80c    0000009a     driverlib.lib : sysctl.obj (.const:.string)
                  0000a8a6    00000098                   : gpio.obj (.const:.string)
                  0000a93e    0000007c     main.obj (.const:.string)
                  0000a9ba    00000053     device.obj (.const:.string)
                  0000aa0d    00000001     --HOLE-- [fill = 0]
                  0000aa0e    0000004b     driverlib.lib : adc.obj (.const:.string)

.text.1    0    00008000    00000800     
                  00008000    0000013b     main.obj (.text:EPWM_init)
                  0000813b    00000123     driverlib.lib : sysctl.obj (.text:SysCtl_setClock)
                  0000825e    000000fe                   : sysctl.obj (.text:SysCtl_isPLLValid)
                  0000835c    000000ce     device.obj (.text:Device_enableAllPeripherals)
                  0000842a    00000088     rts2800_fpu32_eabi.lib : fs_div28.asm.obj (.text)
                  000084b2    00000083     main.obj (.text:myADC0_init)
                  00008535    00000075     main.obj (.text:EPWM_setADCTriggerSource)
                  000085aa    00000073     driverlib.lib : sysctl.obj (.text:DCC_setCounterSeeds)
                  0000861d    0000006a                   : gpio.obj (.text:GPIO_setAnalogMode)
                  00008687    00000065                   : sysctl.obj (.text:SysCtl_getClock)
                  000086ec    0000005c                   : adc.obj (.text:ADC_setPPBTripLimits)
                  00008748    00000052                   : gpio.obj (.text:GPIO_setPadConfig)
                  0000879a    0000004d                   : sysctl.obj (.text:SysCtl_selectOscSource)
                  000087e7    00000019     main.obj (.text:ADC_setPPBReferenceOffset)

.text.2    0    00008800    00000800     
                  00008800    0000004c     main.obj (.text:ADC_INTERRUPT)
                  0000884c    00000046     main.obj (.text:ADC_setupSOC)
                  00008892    00000046     driverlib.lib : sysctl.obj (.text:SysCtl_selectXTAL)
                  000088d8    00000045                   : sysctl.obj (.text:SysCtl_pollX1Counter)
                  0000891d    00000040     main.obj (.text:EPWM_setActionQualifierAction)
                  0000895d    0000003e     device.obj (.text:Device_init)
                  0000899b    0000003e     main.obj (.text:EPWM_setCounterCompareShadowLoadMode)
                  000089d9    0000003d     driverlib.lib : interrupt.obj (.text:Interrupt_initModule)
                  00008a16    0000003a     main.obj (.text:EPWM_setADCTriggerEventPrescale)
                  00008a50    0000003a     main.obj (.text:EPWM_setActionQualifierShadowLoadMode)
                  00008a8a    00000037     driverlib.lib : gpio.obj (.text:GPIO_setPinConfig)
                  00008ac1    00000037                   : gpio.obj (.text:GPIO_setQualificationMode)
                  00008af8    00000037                   : interrupt.obj (.text:Interrupt_enable)
                  00008b2f    0000002f     main.obj (.text:ADC_setInterruptSource)
                  00008b5e    0000002f     driverlib.lib : xbar.obj (.text:XBAR_setEPWMMuxConfig)
                  00008b8d    0000002e     main.obj (.text:ADC_setInterruptSOCTrigger)
                  00008bbb    0000002e     rts2800_fpu32_eabi.lib : copy_decompress_lzss.c.obj (.text:decompress:lzss)
                  00008be9    0000002b     main.obj (.text:EPWM_isBaseValid)
                  00008c14    0000002b     rts2800_fpu32_eabi.lib : autoinit.c.obj (.text:__TI_auto_init_nobinit_nopinit)
                  00008c3f    00000029                            : exit.c.obj (.text)
                  00008c68    00000028     driverlib.lib : adc.obj (.text:ADC_setOffsetTrimAll)
                  00008c90    00000028     main.obj (.text:EPWM_selectDigitalCompareTripInput)
                  00008cb8    00000027     driverlib.lib : adc.obj (.text:ADC_setVREF)
                  00008cdf    00000025     main.obj (.text:ADC_disablePPBEvent)
                  00008d04    00000025     main.obj (.text:ADC_disablePPBEventInterrupt)
                  00008d29    00000025     driverlib.lib : sysctl.obj (.text:SysCtl_selectXTALSingleEnded)
                  00008d4e    00000024     main.obj (.text:ADC_enablePPBEvent)
                  00008d72    00000024     driverlib.lib : sysctl.obj (.text:DCC_enableSingleShotMode)
                  00008d96    00000023     main.obj (.text:ADC_setPPBCalibrationOffset)
                  00008db9    00000023     main.obj (.text:ADC_setupPPB)
                  00008ddc    00000022     main.obj (.text:EPWM_setCounterCompareValue)
                  00008dfe    00000022     main.obj (.text:EPWM_setTripZoneAction)
                  00008e20    00000022     main.obj (.text:EPWM_setTripZoneDigitalCompareEventCondition)
                  00008e42    00000022     main.obj (.text:main)
                  00008e64    00000021     main.obj (.text:ADC_disableContinuousMode)
                  00008e85    00000020     main.obj (.text:ADC_enableInterrupt)
                  00008ea5    00000020     main.obj (.text:EPWM_enableTripZoneInterrupt)
                  00008ec5    0000001f     main.obj (.text:EPWM_setFallingEdgeDelayCountShadowLoadMode)
                  00008ee4    0000001f     main.obj (.text:EPWM_setRisingEdgeDelayCountShadowLoadMode)
                  00008f03    0000001e     driverlib.lib : sysctl.obj (.text:DCC_setCounter0ClkSource)
                  00008f21    0000001e                   : sysctl.obj (.text:DCC_setCounter1ClkSource)
                  00008f3f    0000001e                   : interrupt.obj (.text:Interrupt_initVectorTable)
                  00008f5d    0000001d     main.obj (.text:ADC_getInterruptOverflowStatus)
                  00008f7a    0000001d     rts2800_fpu32_eabi.lib : memcpy.c.obj (.text)
                  00008f97    0000001c     main.obj (.text:ADC_setSOCPriority)
                  00008fb3    0000001c     main.obj (.text:EPWM_enableADCTrigger)
                  00008fcf    0000001c     main.obj (.text:EPWM_setClockPrescaler)
                  00008feb    00000015     main.obj (.text:ADC_disableBurstMode)

.text.3    0    00009000    0000039b     
                  00009000    0000001a     main.obj (.text:ADC_disablePPBTwosComplement)
                  0000901a    0000001a     main.obj (.text:ADC_enablePPBEventCBCClear)
                  00009034    0000001a     main.obj (.text:ADC_readResult)
                  0000904e    0000001a     driverlib.lib : sysctl.obj (.text:SysCtl_getLowSpeedClock)
                  00009068    00000019                   : sysctl.obj (.text:SysCtl_setPLLSysClk)
                  00009081    00000018     main.obj (.text:EPWM_disableFallingEdgeDelayCountShadowLoadMode)
                  00009099    00000018     main.obj (.text:EPWM_disableRisingEdgeDelayCountShadowLoadMode)
                  000090b1    00000017     driverlib.lib : adc.obj (.text:ADC_isBaseValid)
                  000090c8    00000017     main.obj (.text:ADC_isBaseValid)
                  000090df    00000017     device.obj (.text:SysCtl_enablePeripheral)
                  000090f6    00000017     driverlib.lib : sysctl.obj (.text:SysCtl_enablePeripheral)
                  0000910d    00000017     rts2800_fpu32_eabi.lib : boot28.asm.obj (.text)
                  00009124    00000016     main.obj (.text:ADC_setInterruptPulseMode)
                  0000913a    00000016     main.obj (.text:ADC_setPrescaler)
                  00009150    00000016     driverlib.lib : sysctl.obj (.text:DCC_disableDoneSignal)
                  00009166    00000016     main.obj (.text:EPWM_enableTripZoneSignals)
                  0000917c    00000016     driverlib.lib : interrupt.obj (.text:Interrupt_defaultHandler)
                  00009192    00000015                   : sysctl.obj (.text:DCC_clearDoneFlag)
                  000091a7    00000015                   : sysctl.obj (.text:DCC_clearErrorFlag)
                  000091bc    00000015                   : sysctl.obj (.text:DCC_disableErrorSignal)
                  000091d1    00000015                   : sysctl.obj (.text:DCC_isBaseValid)
                  000091e6    00000015     device.obj (.text:GPIO_unlockPortConfig)
                  000091fb    00000014     main.obj (.text:ADC_clearInterruptOverflowStatus)
                  0000920f    00000014     main.obj (.text:ADC_clearInterruptStatus)
                  00009223    00000014     driverlib.lib : sysctl.obj (.text:DCC_disableModule)
                  00009237    00000014                   : sysctl.obj (.text:DCC_enableModule)
                  0000924b    00000014     main.obj (.text:EPWM_setTimeBaseCounterMode)
                  0000925f    00000014     main.obj (.text:EPWM_setTimeBasePeriod)
                  00009273    00000014     driverlib.lib : gpio.obj (.text:GPIO_isPinValid)
                  00009287    00000013     main.obj (.text:ADC_enableConverter)
                  0000929a    00000012     main.obj (.text:EPWM_setTimeBaseCounter)
                  000092ac    00000010     device.obj (.text:Device_initGPIO)
                  000092bc    0000000f     main.obj (.text:Interrupt_register)
                  000092cb    0000000e     main.obj (.text:XBAR_enableEPWMMux)
                  000092d9    0000000d     main.obj (.text:INTERRUPT_init)
                  000092e6    0000000d     driverlib.lib : interrupt.obj (.text:Interrupt_disableGlobal)
                  000092f3    0000000d                   : interrupt.obj (.text:Interrupt_enableGlobal)
                  00009300    0000000d     device.obj (.text:SysCtl_setLowSpeedClock)
                  0000930d    0000000d     rts2800_fpu32_eabi.lib : copy_zero_init.c.obj (.text:decompress:ZI:__TI_zero_init_nomemset)
                  0000931a    0000000c                            : args_main.c.obj (.text)
                  00009326    0000000b     device.obj (.text:SysCtl_disableWatchdog)
                  00009331    0000000b     driverlib.lib : sysctl.obj (.text:SysCtl_isMCDClockFailureDetected)
                  0000933c    0000000a                   : interrupt.obj (.text:Interrupt_illegalOperationHandler)
                  00009346    0000000a                   : interrupt.obj (.text:Interrupt_nmiHandler)
                  00009350    00000009     main.obj (.text:XBAR_TRIP4_init)
                  00009359    00000009     rts2800_fpu32_eabi.lib : _lock.c.obj (.text)
                  00009362    00000008                            : copy_decompress_none.c.obj (.text:decompress:none)
                  0000936a    00000008     f28003x_codestartbranch.obj (.text)
                  00009372    00000007     device.obj (.text:ASysCtl_lockVREG)
                  00009379    00000007     driverlib.lib : sysctl.obj (.text:SysCtl_resetMCD)
                  00009380    00000007     device.obj (.text:__error__)
                  00009387    00000006     main.obj (.text:Interrupt_clearACKGroup)
                  0000938d    00000005     board.obj (.text:Board_init)
                  00009392    00000004     device.obj (.text:SysCtl_deviceCal)
                  00009396    00000002     rts2800_fpu32_eabi.lib : pre_init.c.obj (.text)
                  00009398    00000001     c2000ware_libraries.obj (.text:C2000Ware_libraries_init)
                  00009399    00000001     board.obj (.text:PinMux_init)
                  0000939a    00000001     rts2800_fpu32_eabi.lib : startup.c.obj (.text)

MODULE SUMMARY

       Module                        code   ro data   rw data
       ------                        ----   -------   -------
    .\
       main.obj                      2150   124       1      
    +--+-----------------------------+------+---------+---------+
       Total:                        2150   124       1      
                                                             
    .\device\
       device.obj                    370    83        0      
       f28003x_codestartbranch.obj   10     0         0      
    +--+-----------------------------+------+---------+---------+
       Total:                        380    83        0      
                                                             
    .\syscfg\
       board.obj                     6      0         0      
       c2000ware_libraries.obj       1      0         0      
    +--+-----------------------------+------+---------+---------+
       Total:                        7      0         0      
                                                             
    C:/ti/C2000Ware_6_00_01_00/driverlib/f28003x/driverlib/ccs/Debug/driverlib.lib
       sysctl.obj                    1352   154       0      
       gpio.obj                      318    152       0      
       adc.obj                       194    75        0      
       interrupt.obj                 214    0         0      
       xbar.obj                      47     0         0      
    +--+-----------------------------+------+---------+---------+
       Total:                        2125   381       0      
                                                             
    C:\ti\ccs2031\ccs\tools\compiler\ti-cgt-c2000_22.6.2.LTS\lib\rts2800_fpu32_eabi.lib
       fs_div28.asm.obj              136    0         0      
       exit.c.obj                    41     0         6      
       copy_decompress_lzss.c.obj    46     0         0      
       autoinit.c.obj                43     0         0      
       memcpy.c.obj                  29     0         0      
       boot28.asm.obj                23     0         0      
       _lock.c.obj                   9      0         4      
       copy_zero_init.c.obj          13     0         0      
       args_main.c.obj               12     0         0      
       copy_decompress_none.c.obj    8      0         0      
       pre_init.c.obj                2      0         0      
       startup.c.obj                 1      0         0      
    +--+-----------------------------+------+---------+---------+
       Total:                        363    0         10     
                                                             
       Stack:                        0      0         512    
       Linker Generated:             0      26        0      
    +--+-----------------------------+------+---------+---------+
       Grand Total:                  5025   614       523    


LINKER GENERATED COPY TABLES

__TI_cinit_table @ 0000013e records: 2, size/record: 4, table size: 8
	.data: load addr=0000012c, load size=00000008 bytes, run addr=0000a800, run size=0000000a bytes, compression=lzss
	.bss: load addr=0000013a, load size=00000004 bytes, run addr=0000a80a, run size=00000001 bytes, compression=zero_init


LINKER GENERATED HANDLER TABLE

__TI_handler_table @ 00000134 records: 3, size/record: 2, table size: 6
	index: 0, handler: __TI_zero_init
	index: 1, handler: __TI_decompress_lzss
	index: 2, handler: __TI_decompress_none


GLOBAL DATA SYMBOLS: SORTED BY DATA PAGE

address     data page           name
--------    ----------------    ----
00000400      10 (00000400)     __stack

0000a800     2a0 (0000a800)     __TI_enable_exit_profile_output
0000a802     2a0 (0000a800)     __TI_cleanup_ptr
0000a804     2a0 (0000a800)     __TI_dtors_ptr
0000a806     2a0 (0000a800)     _lock
0000a808     2a0 (0000a800)     _unlock
0000a80a     2a0 (0000a800)     myADC0Result0


GLOBAL SYMBOLS: SORTED ALPHABETICALLY BY Name 

page  address   name                             
----  -------   ----                             
0     00008800  ADC_INTERRUPT                    
0     00008c68  ADC_setOffsetTrimAll             
0     000086ec  ADC_setPPBTripLimits             
0     00008cb8  ADC_setVREF                      
0     0000938d  Board_init                       
0     00008c3f  C$$EXIT                          
0     00009398  C2000Ware_libraries_init         
0     0000835c  Device_enableAllPeripherals      
0     0000895d  Device_init                      
0     000092ac  Device_initGPIO                  
0     00008000  EPWM_init                        
0     0000861d  GPIO_setAnalogMode               
0     00008748  GPIO_setPadConfig                
0     00008a8a  GPIO_setPinConfig                
0     00008ac1  GPIO_setQualificationMode        
0     000092d9  INTERRUPT_init                   
0     0000917c  Interrupt_defaultHandler         
0     00008af8  Interrupt_enable                 
0     0000933c  Interrupt_illegalOperationHandler
0     000089d9  Interrupt_initModule             
0     00008f3f  Interrupt_initVectorTable        
0     00009346  Interrupt_nmiHandler             
0     00009399  PinMux_init                      
0     00000128  SysCtl_delay                     
0     00008687  SysCtl_getClock                  
0     0000904e  SysCtl_getLowSpeedClock          
0     0000825e  SysCtl_isPLLValid                
0     0000879a  SysCtl_selectOscSource           
0     00008892  SysCtl_selectXTAL                
0     00008d29  SysCtl_selectXTALSingleEnded     
0     0000813b  SysCtl_setClock                  
0     00009350  XBAR_TRIP4_init                  
0     00008b5e  XBAR_setEPWMMuxConfig            
0     0000013e  __TI_CINIT_Base                  
0     00000146  __TI_CINIT_Limit                 
0     00000146  __TI_CINIT_Warm                  
0     00000134  __TI_Handler_Table_Base          
0     0000013a  __TI_Handler_Table_Limit         
0     00000600  __TI_STACK_END                   
abs   00000200  __TI_STACK_SIZE                  
0     00008c14  __TI_auto_init_nobinit_nopinit   
0     0000a802  __TI_cleanup_ptr                 
0     00008bbb  __TI_decompress_lzss             
0     00009362  __TI_decompress_none             
0     0000a804  __TI_dtors_ptr                   
0     0000a800  __TI_enable_exit_profile_output  
abs   ffffffff  __TI_pprof_out_hndl              
abs   ffffffff  __TI_prof_data_size              
abs   ffffffff  __TI_prof_data_start             
0     0000930d  __TI_zero_init_nomemset          
0     0000842a  __c28xabi_divf                   
n/a   UNDEFED   __c_args__                       
0     00009380  __error__                        
0     00000400  __stack                          
0     0000931a  _args_main                       
0     0000910d  _c_int00                         
0     0000a806  _lock                            
0     00009361  _nop                             
0     0000935d  _register_lock                   
0     00009359  _register_unlock                 
0     0000939a  _system_post_cinit               
0     00009396  _system_pre_init                 
0     0000a808  _unlock                          
0     00008c3f  abort                            
0     00000000  code_start                       
0     00008c41  exit                             
0     00008e42  main                             
0     00008f7a  memcpy                           
0     0000a80a  myADC0Result0                    
0     000084b2  myADC0_init                      


GLOBAL SYMBOLS: SORTED BY Symbol Address 

page  address   name                             
----  -------   ----                             
0     00000000  code_start                       
0     00000128  SysCtl_delay                     
0     00000134  __TI_Handler_Table_Base          
0     0000013a  __TI_Handler_Table_Limit         
0     0000013e  __TI_CINIT_Base                  
0     00000146  __TI_CINIT_Limit                 
0     00000146  __TI_CINIT_Warm                  
0     00000400  __stack                          
0     00000600  __TI_STACK_END                   
0     00008000  EPWM_init                        
0     0000813b  SysCtl_setClock                  
0     0000825e  SysCtl_isPLLValid                
0     0000835c  Device_enableAllPeripherals      
0     0000842a  __c28xabi_divf                   
0     000084b2  myADC0_init                      
0     0000861d  GPIO_setAnalogMode               
0     00008687  SysCtl_getClock                  
0     000086ec  ADC_setPPBTripLimits             
0     00008748  GPIO_setPadConfig                
0     0000879a  SysCtl_selectOscSource           
0     00008800  ADC_INTERRUPT                    
0     00008892  SysCtl_selectXTAL                
0     0000895d  Device_init                      
0     000089d9  Interrupt_initModule             
0     00008a8a  GPIO_setPinConfig                
0     00008ac1  GPIO_setQualificationMode        
0     00008af8  Interrupt_enable                 
0     00008b5e  XBAR_setEPWMMuxConfig            
0     00008bbb  __TI_decompress_lzss             
0     00008c14  __TI_auto_init_nobinit_nopinit   
0     00008c3f  C$$EXIT                          
0     00008c3f  abort                            
0     00008c41  exit                             
0     00008c68  ADC_setOffsetTrimAll             
0     00008cb8  ADC_setVREF                      
0     00008d29  SysCtl_selectXTALSingleEnded     
0     00008e42  main                             
0     00008f3f  Interrupt_initVectorTable        
0     00008f7a  memcpy                           
0     0000904e  SysCtl_getLowSpeedClock          
0     0000910d  _c_int00                         
0     0000917c  Interrupt_defaultHandler         
0     000092ac  Device_initGPIO                  
0     000092d9  INTERRUPT_init                   
0     0000930d  __TI_zero_init_nomemset          
0     0000931a  _args_main                       
0     0000933c  Interrupt_illegalOperationHandler
0     00009346  Interrupt_nmiHandler             
0     00009350  XBAR_TRIP4_init                  
0     00009359  _register_unlock                 
0     0000935d  _register_lock                   
0     00009361  _nop                             
0     00009362  __TI_decompress_none             
0     00009380  __error__                        
0     0000938d  Board_init                       
0     00009396  _system_pre_init                 
0     00009398  C2000Ware_libraries_init         
0     00009399  PinMux_init                      
0     0000939a  _system_post_cinit               
0     0000a800  __TI_enable_exit_profile_output  
0     0000a802  __TI_cleanup_ptr                 
0     0000a804  __TI_dtors_ptr                   
0     0000a806  _lock                            
0     0000a808  _unlock                          
0     0000a80a  myADC0Result0                    
abs   00000200  __TI_STACK_SIZE                  
abs   ffffffff  __TI_pprof_out_hndl              
abs   ffffffff  __TI_prof_data_size              
abs   ffffffff  __TI_prof_data_start             
n/a   UNDEFED   __c_args__                       

[70 symbols]
